Archive member included because of file (symbol)

C:/AndroXStudio/workspace/ROBOEX_3WD_PSD/Release/arduino.ar(wiring.c.o)
                              ./ROBOEX_3WD_PSD.cpp.o (delay)
C:/AndroXStudio/workspace/ROBOEX_3WD_PSD/Release/arduino.ar(wiring_analog.c.o)
                              ./ROBOEX_3WD_PSD.cpp.o (analogReadResolution)
C:/AndroXStudio/workspace/ROBOEX_3WD_PSD/Release/arduino.ar(wiring_digital.c.o)
                              ./TEXT_LCD.cpp.o (digitalWrite)
C:/AndroXStudio/workspace/ROBOEX_3WD_PSD/Release/arduino.ar(variant.cpp.o)
                              C:/AndroXStudio/workspace/ROBOEX_3WD_PSD/Release/arduino.ar(wiring_analog.c.o) (g_APinDescription)
C:/AndroXStudio/workspace/ROBOEX_3WD_PSD/Release/arduino.ar(RingBuffer.cpp.o)
                              C:/AndroXStudio/workspace/ROBOEX_3WD_PSD/Release/arduino.ar(variant.cpp.o) (RingBuffer::RingBuffer())
C:/AndroXStudio/workspace/ROBOEX_3WD_PSD/Release/arduino.ar(UARTClass.cpp.o)
                              C:/AndroXStudio/workspace/ROBOEX_3WD_PSD/Release/arduino.ar(variant.cpp.o) (UARTClass::UARTClass(Uart*, IRQn, unsigned long, RingBuffer*))
C:/AndroXStudio/workspace/ROBOEX_3WD_PSD/Release/arduino.ar(USARTClass.cpp.o)
                              C:/AndroXStudio/workspace/ROBOEX_3WD_PSD/Release/arduino.ar(variant.cpp.o) (USARTClass::USARTClass(Usart*, IRQn, unsigned long, RingBuffer*))
C:/AndroXStudio/workspace/ROBOEX_3WD_PSD/Release/arduino.ar(cxxabi-compat.cpp.o)
                              C:/AndroXStudio/workspace/ROBOEX_3WD_PSD/Release/arduino.ar(UARTClass.cpp.o) (__cxa_pure_virtual)
C:/AndroXStudio/workspace/ROBOEX_3WD_PSD/Release/arduino.ar(hooks.c.o)
                              C:/AndroXStudio/workspace/ROBOEX_3WD_PSD/Release/arduino.ar(wiring.c.o) (yield)
C:/AndroXStudio/workspace/ROBOEX_3WD_PSD/Release/arduino.ar(Print.cpp.o)
                              C:/AndroXStudio/workspace/ROBOEX_3WD_PSD/Release/arduino.ar(UARTClass.cpp.o) (Print::write(unsigned char const*, unsigned int))
C:/AndroXStudio/workspace/ROBOEX_3WD_PSD/Release/arduino.ar(WString.cpp.o)
                              C:/AndroXStudio/workspace/ROBOEX_3WD_PSD/Release/arduino.ar(Print.cpp.o) (String::operator[](unsigned int) const)
C:/AndroXStudio/workspace/ROBOEX_3WD_PSD/Release/arduino.ar(itoa.c.o)
                              C:/AndroXStudio/workspace/ROBOEX_3WD_PSD/Release/arduino.ar(WString.cpp.o) (ltoa)
C:/AndroXStudio/workspace/ROBOEX_3WD_PSD/Release/arduino.ar(dtostrf.c.o)
                              C:/AndroXStudio/workspace/ROBOEX_3WD_PSD/Release/arduino.ar(WString.cpp.o) (dtostrf)
C:/AndroXStudio/legacy/arduino/hardware/arduino/sam/variants/arduino_due_x/libsam_sam3x8e_gcc_rel.a(pio.o)
                              C:/AndroXStudio/workspace/ROBOEX_3WD_PSD/Release/arduino.ar(wiring_digital.c.o) (PIO_PullUp)
C:/AndroXStudio/legacy/arduino/hardware/arduino/sam/variants/arduino_due_x/libsam_sam3x8e_gcc_rel.a(pmc.o)
                              C:/AndroXStudio/workspace/ROBOEX_3WD_PSD/Release/arduino.ar(wiring_analog.c.o) (pmc_enable_periph_clk)
C:/AndroXStudio/legacy/arduino/hardware/arduino/sam/variants/arduino_due_x/libsam_sam3x8e_gcc_rel.a(pwmc.o)
                              C:/AndroXStudio/workspace/ROBOEX_3WD_PSD/Release/arduino.ar(wiring_analog.c.o) (PWMC_ConfigureChannel)
C:/AndroXStudio/legacy/arduino/hardware/arduino/sam/variants/arduino_due_x/libsam_sam3x8e_gcc_rel.a(tc.o)
                              C:/AndroXStudio/workspace/ROBOEX_3WD_PSD/Release/arduino.ar(wiring_analog.c.o) (TC_Configure)
C:/AndroXStudio/legacy/arduino/hardware/arduino/sam/variants/arduino_due_x/libsam_sam3x8e_gcc_rel.a(timetick.o)
                              C:/AndroXStudio/workspace/ROBOEX_3WD_PSD/Release/arduino.ar(wiring.c.o) (GetTickCount)
C:/AndroXStudio/legacy/arduino/hardware/arduino/sam/variants/arduino_due_x/libsam_sam3x8e_gcc_rel.a(wdt.o)
                              C:/AndroXStudio/workspace/ROBOEX_3WD_PSD/Release/arduino.ar(variant.cpp.o) (WDT_Disable)
C:/AndroXStudio/legacy/arduino/hardware/arduino/sam/variants/arduino_due_x/libsam_sam3x8e_gcc_rel.a(system_sam3xa.o)
                              C:/AndroXStudio/workspace/ROBOEX_3WD_PSD/Release/arduino.ar(variant.cpp.o) (SystemInit)
C:/AndroXStudio/legacy/arduino/hardware/arduino/sam/variants/arduino_due_x/libsam_sam3x8e_gcc_rel.a(startup_sam3xa.o)
                              (Reset_Handler)
C:/AndroXStudio/legacy/arduino/hardware/arduino/sam/variants/arduino_due_x/libsam_sam3x8e_gcc_rel.a(adc.o)
                              C:/AndroXStudio/workspace/ROBOEX_3WD_PSD/Release/arduino.ar(variant.cpp.o) (adc_init)
C:/AndroXStudio/legacy/arduino/hardware/arduino/sam/variants/arduino_due_x/libsam_sam3x8e_gcc_rel.a(uotghs.o)
                              C:/AndroXStudio/legacy/arduino/hardware/arduino/sam/variants/arduino_due_x/libsam_sam3x8e_gcc_rel.a(startup_sam3xa.o) (UOTGHS_Handler)
[...]
Memory Configuration

Name             Origin             Length             Attributes
rom              0x00080000         0x00080000         xr
sram0            0x20000000         0x00010000         xrw
sram1            0x20080000         0x00008000         xrw
ram              0x20070000         0x00018000         xrw
*default*        0x00000000         0xffffffff

Linker script and memory map

LOAD c:/androxstudio/legacy/arduino/hardware/tools/g++_arm_none_eabi/bin/../lib/gcc/arm-none-eabi/4.4.1/thumb2/crti.o
LOAD c:/androxstudio/legacy/arduino/hardware/tools/g++_arm_none_eabi/bin/../lib/gcc/arm-none-eabi/4.4.1/thumb2/crtbegin.o
LOAD c:/androxstudio/legacy/arduino/hardware/tools/g++_arm_none_eabi/bin/../lib/gcc/arm-none-eabi/4.4.1/thumb2\libgcc.a
START GROUP
LOAD C:/AndroXStudio/workspace/ROBOEX_3WD_PSD/Release/arduino/syscalls_sam3.c.o
LOAD ./ROBOEX_3WD_PSD.cpp.o
LOAD ./TEXT_LCD.cpp.o
LOAD C:/AndroXStudio/workspace/ROBOEX_3WD_PSD/Release/arduino.ar
LOAD C:/AndroXStudio/legacy/arduino/hardware/arduino/sam/variants/arduino_due_x/libsam_sam3x8e_gcc_rel.a
LOAD C:/AndroXStudio/workspace/ROBOEX_3WD_PSD/Release/arduino.ar
END GROUP
LOAD c:/androxstudio/legacy/arduino/hardware/tools/g++_arm_none_eabi/bin/../lib/gcc/arm-none-eabi/4.4.1/../../../../arm-none-eabi/lib/thumb2\libstdc++.a
LOAD c:/androxstudio/legacy/arduino/hardware/tools/g++_arm_none_eabi/bin/../lib/gcc/arm-none-eabi/4.4.1/../../../../arm-none-eabi/lib/thumb2\libm.a
START GROUP
LOAD c:/androxstudio/legacy/arduino/hardware/tools/g++_arm_none_eabi/bin/../lib/gcc/arm-none-eabi/4.4.1/thumb2\libgcc.a
LOAD c:/androxstudio/legacy/arduino/hardware/tools/g++_arm_none_eabi/bin/../lib/gcc/arm-none-eabi/4.4.1/../../../../arm-none-eabi/lib/thumb2\libc.a
END GROUP
LOAD c:/androxstudio/legacy/arduino/hardware/tools/g++_arm_none_eabi/bin/../lib/gcc/arm-none-eabi/4.4.1/thumb2/crtend.o
LOAD c:/androxstudio/legacy/arduino/hardware/tools/g++_arm_none_eabi/bin/../lib/gcc/arm-none-eabi/4.4.1/thumb2/crtn.o

.text           0x00080000     0x7630
                0x00080000                . = ALIGN (0x4)
                0x00080000                _sfixed = .
 *(.vectors .vectors.*)
 .vectors       0x00080000       0xf4 C:/AndroXStudio/legacy/arduino/hardware/arduino/sam/variants/arduino_due_x/libsam_sam3x8e_gcc_rel.a(startup_sam3xa.o)
                0x00080000                exception_table
 *(.text .text.* .gnu.linkonce.t.*)
 .text          0x000800f4       0x30 c:/androxstudio/legacy/arduino/hardware/tools/g++_arm_none_eabi/bin/../lib/gcc/arm-none-eabi/4.4.1/thumb2/crtbegin.o
 .text._sbrk    0x00080124       0x20 C:/AndroXStudio/workspace/ROBOEX_3WD_PSD/Release/arduino/syscalls_sam3.c.o
                0x00080124                _sbrk
 .text._close   0x00080144        0x6 C:/AndroXStudio/workspace/ROBOEX_3WD_PSD/Release/arduino/syscalls_sam3.c.o
                0x00080144                _close
 .text._fstat   0x0008014a        0xa C:/AndroXStudio/workspace/ROBOEX_3WD_PSD/Release/arduino/syscalls_sam3.c.o
                0x0008014a                _fstat
 .text._isatty  0x00080154        0x4 C:/AndroXStudio/workspace/ROBOEX_3WD_PSD/Release/arduino/syscalls_sam3.c.o
                0x00080154                _isatty
 .text._lseek   0x00080158        0x4 C:/AndroXStudio/workspace/ROBOEX_3WD_PSD/Release/arduino/syscalls_sam3.c.o
                0x00080158                _lseek
 .text._read    0x0008015c        0x4 C:/AndroXStudio/workspace/ROBOEX_3WD_PSD/Release/arduino/syscalls_sam3.c.o
                0x0008015c                _read
 .text._write   0x00080160       0x20 C:/AndroXStudio/workspace/ROBOEX_3WD_PSD/Release/arduino/syscalls_sam3.c.o
                0x00080160                _write
 .text._kill    0x00080180        0x2 C:/AndroXStudio/workspace/ROBOEX_3WD_PSD/Release/arduino/syscalls_sam3.c.o
                0x00080180                _kill
 .text._getpid  0x00080182        0x6 C:/AndroXStudio/workspace/ROBOEX_3WD_PSD/Release/arduino/syscalls_sam3.c.o
                0x00080182                _getpid
 .text._exit    0x00080188       0x10 C:/AndroXStudio/workspace/ROBOEX_3WD_PSD/Release/arduino/syscalls_sam3.c.o
                0x00080188                _exit
 .text._Z6PSD_TRt
                0x00080198       0x78 ./ROBOEX_3WD_PSD.cpp.o
                0x00080198                PSD_TR(unsigned short)
 .text.loop     0x00080210       0xa8 ./ROBOEX_3WD_PSD.cpp.o
                0x00080210                loop
 .text.setup    0x000802b8       0x54 ./ROBOEX_3WD_PSD.cpp.o
                0x000802b8                setup
 .text._Z12LCD_data_outc
                0x0008030c       0x24 ./TEXT_LCD.cpp.o
                0x0008030c                LCD_data_out(char)
 .text._Z9LCD_writehc
                0x00080330       0x40 ./TEXT_LCD.cpp.o
                0x00080330                LCD_write(unsigned char, char)
 .text._Z10LCD_printfPc
                0x00080370       0x1a ./TEXT_LCD.cpp.o
                0x00080370                LCD_printf(char*)
 *fill*         0x0008038a        0x2 00
 .text._Z8LCD_initv
                0x0008038c       0x88 ./TEXT_LCD.cpp.o
                0x0008038c                LCD_init()
 .text.delay    0x00080414       0x1a C:/AndroXStudio/workspace/ROBOEX_3WD_PSD/Release/arduino.ar(wiring.c.o)
                0x00080414                delay
 *fill*         0x0008042e        0x2 00
 .text.analogReadResolution
                0x00080430        0xc C:/AndroXStudio/workspace/ROBOEX_3WD_PSD/Release/arduino.ar(wiring_analog.c.o)
                0x00080430                analogReadResolution
 .text.analogOutputInit
                0x0008043c       0x14 C:/AndroXStudio/workspace/ROBOEX_3WD_PSD/Release/arduino.ar(wiring_analog.c.o)
                0x0008043c                analogOutputInit
 .text.analogRead
                0x00080450       0x74 C:/AndroXStudio/workspace/ROBOEX_3WD_PSD/Release/arduino.ar(wiring_analog.c.o)
                0x00080450                analogRead
 .text.digitalWrite
                0x000804c4       0x48 C:/AndroXStudio/workspace/ROBOEX_3WD_PSD/Release/arduino.ar(wiring_digital.c.o)
                0x000804c4                digitalWrite
 .text.pinMode  0x0008050c       0x68 C:/AndroXStudio/workspace/ROBOEX_3WD_PSD/Release/arduino.ar(wiring_digital.c.o)
                0x0008050c                pinMode
 .text._Z11serialEventv
                0x00080574        0x2 C:/AndroXStudio/workspace/ROBOEX_3WD_PSD/Release/arduino.ar(variant.cpp.o)
                0x00080574                serialEvent()
 .text._Z12serialEvent1v
                0x00080576        0x2 C:/AndroXStudio/workspace/ROBOEX_3WD_PSD/Release/arduino.ar(variant.cpp.o)
                0x00080576                serialEvent1()
 .text._Z12serialEvent2v
                0x00080578        0x2 C:/AndroXStudio/workspace/ROBOEX_3WD_PSD/Release/arduino.ar(variant.cpp.o)
                0x00080578                serialEvent2()
 .text._Z12serialEvent3v
                0x0008057a        0x2 C:/AndroXStudio/workspace/ROBOEX_3WD_PSD/Release/arduino.ar(variant.cpp.o)
                0x0008057a                serialEvent3()
 .text.init     0x0008057c      0x134 C:/AndroXStudio/workspace/ROBOEX_3WD_PSD/Release/arduino.ar(variant.cpp.o)
                0x0008057c                init
 .text._Z14serialEventRunv
                0x000806b0       0x48 C:/AndroXStudio/workspace/ROBOEX_3WD_PSD/Release/arduino.ar(variant.cpp.o)
                0x000806b0                serialEventRun()
 .text.USART3_Handler
                0x000806f8        0xc C:/AndroXStudio/workspace/ROBOEX_3WD_PSD/Release/arduino.ar(variant.cpp.o)
                0x000806f8                USART3_Handler
 .text.USART1_Handler
                0x00080704        0xc C:/AndroXStudio/workspace/ROBOEX_3WD_PSD/Release/arduino.ar(variant.cpp.o)
                0x00080704                USART1_Handler
 .text.USART0_Handler
                0x00080710        0xc C:/AndroXStudio/workspace/ROBOEX_3WD_PSD/Release/arduino.ar(variant.cpp.o)
                0x00080710                USART0_Handler
 .text.UART_Handler
                0x0008071c        0xc C:/AndroXStudio/workspace/ROBOEX_3WD_PSD/Release/arduino.ar(variant.cpp.o)
                0x0008071c                UART_Handler
 .text._GLOBAL__I_g_APinDescription
                0x00080728       0x8c C:/AndroXStudio/workspace/ROBOEX_3WD_PSD/Release/arduino.ar(variant.cpp.o)
 .text._ZN10RingBuffer10store_charEh
                0x000807b4       0x1c C:/AndroXStudio/workspace/ROBOEX_3WD_PSD/Release/arduino.ar(RingBuffer.cpp.o)
                0x000807b4                RingBuffer::store_char(unsigned char)
 .text._ZN10RingBufferC1Ev
                0x000807d0       0x1c C:/AndroXStudio/workspace/ROBOEX_3WD_PSD/Release/arduino.ar(RingBuffer.cpp.o)
                0x000807d0                RingBuffer::RingBuffer()
 .text._ZN9UARTClasscvbEv
                0x000807ec        0x4 C:/AndroXStudio/workspace/ROBOEX_3WD_PSD/Release/arduino.ar(UARTClass.cpp.o)
                0x000807ec                UARTClass::operator bool()
 .text._ZN9UARTClassC1EP4Uart4IRQnmP10RingBuffer
                0x000807f0       0x24 C:/AndroXStudio/workspace/ROBOEX_3WD_PSD/Release/arduino.ar(UARTClass.cpp.o)
                0x000807f0                UARTClass::UARTClass(Uart*, IRQn, unsigned long, RingBuffer*)
 .text._ZN9UARTClass9availableEv
                0x00080814       0x10 C:/AndroXStudio/workspace/ROBOEX_3WD_PSD/Release/arduino.ar(UARTClass.cpp.o)
                0x00080814                UARTClass::available()
 .text._ZN9UARTClass4peekEv
                0x00080824       0x16 C:/AndroXStudio/workspace/ROBOEX_3WD_PSD/Release/arduino.ar(UARTClass.cpp.o)
                0x00080824                UARTClass::peek()
 .text._ZN9UARTClass4readEv
                0x0008083a       0x22 C:/AndroXStudio/workspace/ROBOEX_3WD_PSD/Release/arduino.ar(UARTClass.cpp.o)
                0x0008083a                UARTClass::read()
 .text._ZN9UARTClass5flushEv
                0x0008085c        0xc C:/AndroXStudio/workspace/ROBOEX_3WD_PSD/Release/arduino.ar(UARTClass.cpp.o)
                0x0008085c                UARTClass::flush()
 .text._ZN9UARTClass5writeEh
                0x00080868       0x10 C:/AndroXStudio/workspace/ROBOEX_3WD_PSD/Release/arduino.ar(UARTClass.cpp.o)
                0x00080868                UARTClass::write(unsigned char)
 .text._ZN9UARTClass10IrqHandlerEv
                0x00080878       0x2a C:/AndroXStudio/workspace/ROBOEX_3WD_PSD/Release/arduino.ar(UARTClass.cpp.o)
                0x00080878                UARTClass::IrqHandler()
 .text._ZN10USARTClasscvbEv
                0x000808a2        0x4 C:/AndroXStudio/workspace/ROBOEX_3WD_PSD/Release/arduino.ar(USARTClass.cpp.o)
                0x000808a2                USARTClass::operator bool()
 *fill*         0x000808a6        0x2 00
 .text._ZN10USARTClassC1EP5Usart4IRQnmP10RingBuffer
                0x000808a8       0x24 C:/AndroXStudio/workspace/ROBOEX_3WD_PSD/Release/arduino.ar(USARTClass.cpp.o)
                0x000808a8                USARTClass::USARTClass(Usart*, IRQn, unsigned long, RingBuffer*)
 .text._ZN10USARTClass9availableEv
                0x000808cc       0x10 C:/AndroXStudio/workspace/ROBOEX_3WD_PSD/Release/arduino.ar(USARTClass.cpp.o)
                0x000808cc                USARTClass::available()
 .text._ZN10USARTClass4peekEv
                0x000808dc       0x16 C:/AndroXStudio/workspace/ROBOEX_3WD_PSD/Release/arduino.ar(USARTClass.cpp.o)
                0x000808dc                USARTClass::peek()
 .text._ZN10USARTClass4readEv
                0x000808f2       0x22 C:/AndroXStudio/workspace/ROBOEX_3WD_PSD/Release/arduino.ar(USARTClass.cpp.o)
                0x000808f2                USARTClass::read()
 .text._ZN10USARTClass5flushEv
                0x00080914        0xc C:/AndroXStudio/workspace/ROBOEX_3WD_PSD/Release/arduino.ar(USARTClass.cpp.o)
                0x00080914                USARTClass::flush()
 .text._ZN10USARTClass5writeEh
                0x00080920       0x10 C:/AndroXStudio/workspace/ROBOEX_3WD_PSD/Release/arduino.ar(USARTClass.cpp.o)
                0x00080920                USARTClass::write(unsigned char)
 .text._ZN10USARTClass10IrqHandlerEv
                0x00080930       0x2a C:/AndroXStudio/workspace/ROBOEX_3WD_PSD/Release/arduino.ar(USARTClass.cpp.o)
                0x00080930                USARTClass::IrqHandler()
 .text.__empty  0x0008095a        0x2 C:/AndroXStudio/workspace/ROBOEX_3WD_PSD/Release/arduino.ar(hooks.c.o)
                0x0008095a                yield
 .text.__false  0x0008095c        0x4 C:/AndroXStudio/workspace/ROBOEX_3WD_PSD/Release/arduino.ar(hooks.c.o)
                0x0008095c                sysTickHook
 .text.__halt   0x00080960        0x2 C:/AndroXStudio/workspace/ROBOEX_3WD_PSD/Release/arduino.ar(hooks.c.o)
                0x00080960                svcHook
                0x00080960                pendSVHook
 .text._ZN5Print5writeEPKhj
                0x00080962       0x2e C:/AndroXStudio/workspace/ROBOEX_3WD_PSD/Release/arduino.ar(Print.cpp.o)
                0x00080962                Print::write(unsigned char const*, unsigned int)
 .text.PIO_DisableInterrupt
                0x00080990        0x4 C:/AndroXStudio/legacy/arduino/hardware/arduino/sam/variants/arduino_due_x/libsam_sam3x8e_gcc_rel.a(pio.o)
                0x00080990                PIO_DisableInterrupt
 .text.PIO_PullUp
                0x00080994        0xa C:/AndroXStudio/legacy/arduino/hardware/arduino/sam/variants/arduino_due_x/libsam_sam3x8e_gcc_rel.a(pio.o)
                0x00080994                PIO_PullUp
 .text.PIO_SetPeripheral
                0x0008099e       0x2a C:/AndroXStudio/legacy/arduino/hardware/arduino/sam/variants/arduino_due_x/libsam_sam3x8e_gcc_rel.a(pio.o)
                0x0008099e                PIO_SetPeripheral
 .text.PIO_SetInput
                0x000809c8       0x40 C:/AndroXStudio/legacy/arduino/hardware/arduino/sam/variants/arduino_due_x/libsam_sam3x8e_gcc_rel.a(pio.o)
                0x000809c8                PIO_SetInput
 .text.PIO_SetOutput
                0x00080a08       0x38 C:/AndroXStudio/legacy/arduino/hardware/arduino/sam/variants/arduino_due_x/libsam_sam3x8e_gcc_rel.a(pio.o)
                0x00080a08                PIO_SetOutput
 .text.PIO_Configure
                0x00080a40       0x74 C:/AndroXStudio/legacy/arduino/hardware/arduino/sam/variants/arduino_due_x/libsam_sam3x8e_gcc_rel.a(pio.o)
                0x00080a40                PIO_Configure
 .text.PIO_GetOutputDataStatus
                0x00080ab4       0x16 C:/AndroXStudio/legacy/arduino/hardware/arduino/sam/variants/arduino_due_x/libsam_sam3x8e_gcc_rel.a(pio.o)
                0x00080ab4                PIO_GetOutputDataStatus
 *fill*         0x00080aca        0x2 00
 .text.pmc_enable_upll_clock
                0x00080acc       0x18 C:/AndroXStudio/legacy/arduino/hardware/arduino/sam/variants/arduino_due_x/libsam_sam3x8e_gcc_rel.a(pmc.o)
                0x00080acc                pmc_enable_upll_clock
 .text.pmc_enable_periph_clk
                0x00080ae4       0x48 C:/AndroXStudio/legacy/arduino/hardware/arduino/sam/variants/arduino_due_x/libsam_sam3x8e_gcc_rel.a(pmc.o)
                0x00080ae4                pmc_enable_periph_clk
 .text.pmc_disable_periph_clk
                0x00080b2c       0x48 C:/AndroXStudio/legacy/arduino/hardware/arduino/sam/variants/arduino_due_x/libsam_sam3x8e_gcc_rel.a(pmc.o)
                0x00080b2c                pmc_disable_periph_clk
 .text.pmc_switch_udpck_to_upllck
                0x00080b74       0x14 C:/AndroXStudio/legacy/arduino/hardware/arduino/sam/variants/arduino_due_x/libsam_sam3x8e_gcc_rel.a(pmc.o)
                0x00080b74                pmc_switch_udpck_to_upllck
 .text.pmc_enable_udpck
                0x00080b88        0xc C:/AndroXStudio/legacy/arduino/hardware/arduino/sam/variants/arduino_due_x/libsam_sam3x8e_gcc_rel.a(pmc.o)
                0x00080b88                pmc_enable_udpck
 .text.TC_GetStatus
                0x00080b94        0x8 C:/AndroXStudio/legacy/arduino/hardware/arduino/sam/variants/arduino_due_x/libsam_sam3x8e_gcc_rel.a(tc.o)
                0x00080b94                TC_GetStatus
 .text.TimeTick_Increment
                0x00080b9c       0x10 C:/AndroXStudio/legacy/arduino/hardware/arduino/sam/variants/arduino_due_x/libsam_sam3x8e_gcc_rel.a(timetick.o)
                0x00080b9c                TimeTick_Increment
 .text.GetTickCount
                0x00080bac        0xc C:/AndroXStudio/legacy/arduino/hardware/arduino/sam/variants/arduino_due_x/libsam_sam3x8e_gcc_rel.a(timetick.o)
                0x00080bac                GetTickCount
 .text.WDT_Disable
                0x00080bb8        0x8 C:/AndroXStudio/legacy/arduino/hardware/arduino/sam/variants/arduino_due_x/libsam_sam3x8e_gcc_rel.a(wdt.o)
                0x00080bb8                WDT_Disable
 .text.SystemInit
                0x00080bc0       0x9c C:/AndroXStudio/legacy/arduino/hardware/arduino/sam/variants/arduino_due_x/libsam_sam3x8e_gcc_rel.a(system_sam3xa.o)
                0x00080bc0                SystemInit
 .text.Reset_Handler
                0x00080c5c       0x70 C:/AndroXStudio/legacy/arduino/hardware/arduino/sam/variants/arduino_due_x/libsam_sam3x8e_gcc_rel.a(startup_sam3xa.o)
                0x00080c5c                Reset_Handler
 .text.adc_init
                0x00080ccc       0xa0 C:/AndroXStudio/legacy/arduino/hardware/arduino/sam/variants/arduino_due_x/libsam_sam3x8e_gcc_rel.a(adc.o)
                0x00080ccc                adc_init
 .text.adc_configure_trigger
                0x00080d6c       0x10 C:/AndroXStudio/legacy/arduino/hardware/arduino/sam/variants/arduino_due_x/libsam_sam3x8e_gcc_rel.a(adc.o)
                0x00080d6c                adc_configure_trigger
 .text.adc_configure_timing
                0x00080d7c       0x1a C:/AndroXStudio/legacy/arduino/hardware/arduino/sam/variants/arduino_due_x/libsam_sam3x8e_gcc_rel.a(adc.o)
                0x00080d7c                adc_configure_timing
 .text.adc_start
                0x00080d96        0x6 C:/AndroXStudio/legacy/arduino/hardware/arduino/sam/variants/arduino_due_x/libsam_sam3x8e_gcc_rel.a(adc.o)
                0x00080d96                adc_start
 .text.adc_enable_channel
                0x00080d9c        0x8 C:/AndroXStudio/legacy/arduino/hardware/arduino/sam/variants/arduino_due_x/libsam_sam3x8e_gcc_rel.a(adc.o)
                0x00080d9c                adc_enable_channel
 .text.adc_disable_channel
                0x00080da4        0x8 C:/AndroXStudio/legacy/arduino/hardware/arduino/sam/variants/arduino_due_x/libsam_sam3x8e_gcc_rel.a(adc.o)
                0x00080da4                adc_disable_channel
 .text.adc_disable_all_channel
                0x00080dac        0x8 C:/AndroXStudio/legacy/arduino/hardware/arduino/sam/variants/arduino_due_x/libsam_sam3x8e_gcc_rel.a(adc.o)
                0x00080dac                adc_disable_all_channel
 .text.adc_get_latest_value
                0x00080db4        0x4 C:/AndroXStudio/legacy/arduino/hardware/arduino/sam/variants/arduino_due_x/libsam_sam3x8e_gcc_rel.a(adc.o)
                0x00080db4                adc_get_latest_value
 .text.adc_disable_interrupt
                0x00080db8        0x4 C:/AndroXStudio/legacy/arduino/hardware/arduino/sam/variants/arduino_due_x/libsam_sam3x8e_gcc_rel.a(adc.o)
                0x00080db8                adc_disable_interrupt
 .text.adc_get_status
                0x00080dbc        0x4 C:/AndroXStudio/legacy/arduino/hardware/arduino/sam/variants/arduino_due_x/libsam_sam3x8e_gcc_rel.a(adc.o)
                0x00080dbc                adc_get_status
 .text.UOTGHS_Handler
                0x00080dc0       0x10 C:/AndroXStudio/legacy/arduino/hardware/arduino/sam/variants/arduino_due_x/libsam_sam3x8e_gcc_rel.a(uotghs.o)
                0x00080dc0                UOTGHS_Handler
 .text.TC8_Handler
                0x00080dd0       0x1c C:/AndroXStudio/workspace/ROBOEX_3WD_PSD/Release/arduino.ar(Timer_Int.c.o)
                0x00080dd0                TC8_Handler
 .text.TC7_Handler
                0x00080dec       0x1c C:/AndroXStudio/workspace/ROBOEX_3WD_PSD/Release/arduino.ar(Timer_Int.c.o)
                0x00080dec                TC7_Handler
 .text.TC6_Handler
                0x00080e08       0x1c C:/AndroXStudio/workspace/ROBOEX_3WD_PSD/Release/arduino.ar(Timer_Int.c.o)
                0x00080e08                TC6_Handler
 .text.TC5_Handler
                0x00080e24       0x1c C:/AndroXStudio/workspace/ROBOEX_3WD_PSD/Release/arduino.ar(Timer_Int.c.o)
                0x00080e24                TC5_Handler
 .text.TC4_Handler
                0x00080e40       0x1c C:/AndroXStudio/workspace/ROBOEX_3WD_PSD/Release/arduino.ar(Timer_Int.c.o)
                0x00080e40                TC4_Handler
 .text.TC3_Handler
                0x00080e5c       0x1c C:/AndroXStudio/workspace/ROBOEX_3WD_PSD/Release/arduino.ar(Timer_Int.c.o)
                0x00080e5c                TC3_Handler
 .text.TC2_Handler
                0x00080e78       0x1c C:/AndroXStudio/workspace/ROBOEX_3WD_PSD/Release/arduino.ar(Timer_Int.c.o)
                0x00080e78                TC2_Handler
 .text.TC1_Handler
                0x00080e94       0x1c C:/AndroXStudio/workspace/ROBOEX_3WD_PSD/Release/arduino.ar(Timer_Int.c.o)
                0x00080e94                TC1_Handler
 .text.TC0_Handler
                0x00080eb0       0x1c C:/AndroXStudio/workspace/ROBOEX_3WD_PSD/Release/arduino.ar(Timer_Int.c.o)
                0x00080eb0                TC0_Handler
 .text.PIOA_Handler
                0x00080ecc       0x2c C:/AndroXStudio/workspace/ROBOEX_3WD_PSD/Release/arduino.ar(WInterrupts.c.o)
                0x00080ecc                PIOA_Handler
 .text.PIOB_Handler
                0x00080ef8       0x2c C:/AndroXStudio/workspace/ROBOEX_3WD_PSD/Release/arduino.ar(WInterrupts.c.o)
                0x00080ef8                PIOB_Handler
 .text.PIOC_Handler
                0x00080f24       0x2c C:/AndroXStudio/workspace/ROBOEX_3WD_PSD/Release/arduino.ar(WInterrupts.c.o)
                0x00080f24                PIOC_Handler
 .text.PIOD_Handler
                0x00080f50       0x2c C:/AndroXStudio/workspace/ROBOEX_3WD_PSD/Release/arduino.ar(WInterrupts.c.o)
                0x00080f50                PIOD_Handler
 .text._ZN7TwoWireC1EP3TwiPFvvE
                0x00080f7c       0x3c C:/AndroXStudio/workspace/ROBOEX_3WD_PSD/Release/arduino.ar(Wire.cpp.o)
                0x00080f7c                TwoWire::TwoWire(Twi*, void (*)())
 .text._ZN7TwoWire5writeEh
                0x00080fb8       0x3a C:/AndroXStudio/workspace/ROBOEX_3WD_PSD/Release/arduino.ar(Wire.cpp.o)
                0x00080fb8                TwoWire::write(unsigned char)
 .text._ZN7TwoWire5writeEPKhj
                0x00080ff2       0x5e C:/AndroXStudio/workspace/ROBOEX_3WD_PSD/Release/arduino.ar(Wire.cpp.o)
                0x00080ff2                TwoWire::write(unsigned char const*, unsigned int)
 .text._ZN7TwoWire9availableEv
                0x00081050        0xc C:/AndroXStudio/workspace/ROBOEX_3WD_PSD/Release/arduino.ar(Wire.cpp.o)
                0x00081050                TwoWire::available()
 .text._ZN7TwoWire4readEv
                0x0008105c       0x20 C:/AndroXStudio/workspace/ROBOEX_3WD_PSD/Release/arduino.ar(Wire.cpp.o)
                0x0008105c                TwoWire::read()
 .text._ZN7TwoWire4peekEv
                0x0008107c       0x18 C:/AndroXStudio/workspace/ROBOEX_3WD_PSD/Release/arduino.ar(Wire.cpp.o)
                0x0008107c                TwoWire::peek()
 .text._ZN7TwoWire5flushEv
                0x00081094        0x2 C:/AndroXStudio/workspace/ROBOEX_3WD_PSD/Release/arduino.ar(Wire.cpp.o)
                0x00081094                TwoWire::flush()
 *fill*         0x00081096        0x2 00
 .text._ZL10Wire1_Initv
                0x00081098       0x54 C:/AndroXStudio/workspace/ROBOEX_3WD_PSD/Release/arduino.ar(Wire.cpp.o)
 .text._ZL9Wire_Initv
                0x000810ec       0x54 C:/AndroXStudio/workspace/ROBOEX_3WD_PSD/Release/arduino.ar(Wire.cpp.o)
 .text._ZN7TwoWire9onServiceEv
                0x00081140      0x130 C:/AndroXStudio/workspace/ROBOEX_3WD_PSD/Release/arduino.ar(Wire.cpp.o)
                0x00081140                TwoWire::onService()
 .text.TWI0_Handler
                0x00081270        0xc C:/AndroXStudio/workspace/ROBOEX_3WD_PSD/Release/arduino.ar(Wire.cpp.o)
                0x00081270                TWI0_Handler
 .text.TWI1_Handler
                0x0008127c        0xc C:/AndroXStudio/workspace/ROBOEX_3WD_PSD/Release/arduino.ar(Wire.cpp.o)
                0x0008127c                TWI1_Handler
 .text._GLOBAL__I__ZN7TwoWireC2EP3TwiPFvvE
                0x00081288       0x34 C:/AndroXStudio/workspace/ROBOEX_3WD_PSD/Release/arduino.ar(Wire.cpp.o)
 .text.__halt   0x000812bc        0x2 C:/AndroXStudio/workspace/ROBOEX_3WD_PSD/Release/arduino.ar(cortex_handlers.c.o)
                0x000812bc                DACC_Handler
                0x000812bc                DebugMon_Handler
                0x000812bc                DMAC_Handler
                0x000812bc                TRNG_Handler
                0x000812bc                HardFault_Handler
                0x000812bc                NMI_Handler
                0x000812bc                ADC_Handler
                0x000812bc                SMC_Handler
                0x000812bc                RTT_Handler
                0x000812bc                EFC1_Handler
                0x000812bc                RTC_Handler
                0x000812bc                UsageFault_Handler
                0x000812bc                WDT_Handler
                0x000812bc                CAN0_Handler
                0x000812bc                HSMCI_Handler
                0x000812bc                SSC_Handler
                0x000812bc                EFC0_Handler
                0x000812bc                PMC_Handler
                0x000812bc                PWM_Handler
                0x000812bc                CAN1_Handler
                0x000812bc                MemManage_Handler
                0x000812bc                SUPC_Handler
                0x000812bc                USART2_Handler
                0x000812bc                EMAC_Handler
                0x000812bc                BusFault_Handler
                0x000812bc                RSTC_Handler
                0x000812bc                SPI0_Handler
 .text.SysTick_Handler
                0x000812be       0x16 C:/AndroXStudio/workspace/ROBOEX_3WD_PSD/Release/arduino.ar(cortex_handlers.c.o)
                0x000812be                SysTick_Handler
 .text.PendSV_Handler
                0x000812d4        0x4 C:/AndroXStudio/workspace/ROBOEX_3WD_PSD/Release/arduino.ar(cortex_handlers.c.o)
                0x000812d4                PendSV_Handler
 .text.SVC_Handler
                0x000812d8        0x4 C:/AndroXStudio/workspace/ROBOEX_3WD_PSD/Release/arduino.ar(cortex_handlers.c.o)
                0x000812d8                SVC_Handler
 .text.main     0x000812dc       0x30 C:/AndroXStudio/workspace/ROBOEX_3WD_PSD/Release/arduino.ar(main.cpp.o)
                0x000812dc                main
 .text._Z16USBD_InitControli
                0x0008130c       0x14 C:/AndroXStudio/workspace/ROBOEX_3WD_PSD/Release/arduino.ar(USBCore.cpp.o)
                0x0008130c                USBD_InitControl(int)
 .text._ZL11USB_SendZlpv
                0x00081320       0x24 C:/AndroXStudio/workspace/ROBOEX_3WD_PSD/Release/arduino.ar(USBCore.cpp.o)
 .text._ZN10USBDevice_6attachEv
                0x00081344       0x20 C:/AndroXStudio/workspace/ROBOEX_3WD_PSD/Release/arduino.ar(USBCore.cpp.o)
                0x00081344                USBDevice_::attach()
 .text._ZN10USBDevice_C1Ev
                0x00081364       0x24 C:/AndroXStudio/workspace/ROBOEX_3WD_PSD/Release/arduino.ar(USBCore.cpp.o)
                0x00081364                USBDevice_::USBDevice_()
 .text._Z14USBD_Availablem
                0x00081388       0x2c C:/AndroXStudio/workspace/ROBOEX_3WD_PSD/Release/arduino.ar(USBCore.cpp.o)
                0x00081388                USBD_Available(unsigned long)
 .text._Z10USBD_Flushm
                0x000813b4       0x16 C:/AndroXStudio/workspace/ROBOEX_3WD_PSD/Release/arduino.ar(USBCore.cpp.o)
                0x000813b4                USBD_Flush(unsigned long)
 .text._Z24USBD_SendOtherInterfacesv
                0x000813ca       0x1c C:/AndroXStudio/workspace/ROBOEX_3WD_PSD/Release/arduino.ar(USBCore.cpp.o)
                0x000813ca                USBD_SendOtherInterfaces()
 .text._Z19USBD_SendInterfacesv
                0x000813e6       0x1c C:/AndroXStudio/workspace/ROBOEX_3WD_PSD/Release/arduino.ar(USBCore.cpp.o)
                0x000813e6                USBD_SendInterfaces()
 .text._Z26USBD_ClassInterfaceRequestR5Setup
                0x00081402       0x14 C:/AndroXStudio/workspace/ROBOEX_3WD_PSD/Release/arduino.ar(USBCore.cpp.o)
                0x00081402                USBD_ClassInterfaceRequest(Setup&)
 .text._Z16USBD_RecvControlPvm
                0x00081416       0x1c C:/AndroXStudio/workspace/ROBOEX_3WD_PSD/Release/arduino.ar(USBCore.cpp.o)
                0x00081416                USBD_RecvControl(void*, unsigned long)
 *fill*         0x00081432        0x2 00
 .text._Z16USBD_SendControlhPKvm
                0x00081434       0x40 C:/AndroXStudio/workspace/ROBOEX_3WD_PSD/Release/arduino.ar(USBCore.cpp.o)
                0x00081434                USBD_SendControl(unsigned char, void const*, unsigned long)
 .text._ZL24USB_SendStringDescriptorPKhi
                0x00081474       0x42 C:/AndroXStudio/workspace/ROBOEX_3WD_PSD/Release/arduino.ar(USBCore.cpp.o)
 *fill*         0x000814b6        0x2 00
 .text._ZL7USB_ISRv
                0x000814b8      0x438 C:/AndroXStudio/workspace/ROBOEX_3WD_PSD/Release/arduino.ar(USBCore.cpp.o)
 .text._Z9USBD_SendmPKvm
                0x000818f0       0x4c C:/AndroXStudio/workspace/ROBOEX_3WD_PSD/Release/arduino.ar(USBCore.cpp.o)
                0x000818f0                USBD_Send(unsigned long, void const*, unsigned long)
 .text._Z9USBD_RecvmPvm
                0x0008193c       0x7c C:/AndroXStudio/workspace/ROBOEX_3WD_PSD/Release/arduino.ar(USBCore.cpp.o)
                0x0008193c                USBD_Recv(unsigned long, void*, unsigned long)
 .text._Z9USBD_Recvm
                0x000819b8       0x1e C:/AndroXStudio/workspace/ROBOEX_3WD_PSD/Release/arduino.ar(USBCore.cpp.o)
                0x000819b8                USBD_Recv(unsigned long)
 *fill*         0x000819d6        0x2 00
 .text._GLOBAL__I_TxLEDPulse
                0x000819d8        0xc C:/AndroXStudio/workspace/ROBOEX_3WD_PSD/Release/arduino.ar(USBCore.cpp.o)
 .text.initiateReset
                0x000819e4        0xc C:/AndroXStudio/workspace/ROBOEX_3WD_PSD/Release/arduino.ar(Reset.cpp.o)
                0x000819e4                initiateReset
 .text.cancelReset
                0x000819f0       0x10 C:/AndroXStudio/workspace/ROBOEX_3WD_PSD/Release/arduino.ar(Reset.cpp.o)
                0x000819f0                cancelReset
 .text.tickReset
                0x00081a00       0x20 C:/AndroXStudio/workspace/ROBOEX_3WD_PSD/Release/arduino.ar(Reset.cpp.o)
                0x00081a00                tickReset
 .text._ZN7Serial_9availableEv
                0x00081a20       0x18 C:/AndroXStudio/workspace/ROBOEX_3WD_PSD/Release/arduino.ar(CDC.cpp.o)
                0x00081a20                Serial_::available()
 .text._ZN7Serial_4peekEv
                0x00081a38       0x20 C:/AndroXStudio/workspace/ROBOEX_3WD_PSD/Release/arduino.ar(CDC.cpp.o)
                0x00081a38                Serial_::peek()
 .text._ZN7Serial_5writeEh
                0x00081a58       0x14 C:/AndroXStudio/workspace/ROBOEX_3WD_PSD/Release/arduino.ar(CDC.cpp.o)
                0x00081a58                Serial_::write(unsigned char)
 .text._ZN7Serial_5writeEPKhj
                0x00081a6c       0x28 C:/AndroXStudio/workspace/ROBOEX_3WD_PSD/Release/arduino.ar(CDC.cpp.o)
                0x00081a6c                Serial_::write(unsigned char const*, unsigned int)
 .text._ZN7Serial_5flushEv
                0x00081a94        0x6 C:/AndroXStudio/workspace/ROBOEX_3WD_PSD/Release/arduino.ar(CDC.cpp.o)
                0x00081a94                Serial_::flush()
 *fill*         0x00081a9a        0x2 00
 .text._ZN7Serial_4readEv
                0x00081a9c       0x44 C:/AndroXStudio/workspace/ROBOEX_3WD_PSD/Release/arduino.ar(CDC.cpp.o)
                0x00081a9c                Serial_::read()
 .text._ZN7Serial_6acceptEv
                0x00081ae0       0x6c C:/AndroXStudio/workspace/ROBOEX_3WD_PSD/Release/arduino.ar(CDC.cpp.o)
                0x00081ae0                Serial_::accept()
 .text._Z21CDC_GetOtherInterfacePh
                0x00081b4c       0x14 C:/AndroXStudio/workspace/ROBOEX_3WD_PSD/Release/arduino.ar(CDC.cpp.o)
                0x00081b4c                CDC_GetOtherInterface(unsigned char*)
 .text._Z16CDC_GetInterfacePh
                0x00081b60       0x14 C:/AndroXStudio/workspace/ROBOEX_3WD_PSD/Release/arduino.ar(CDC.cpp.o)
                0x00081b60                CDC_GetInterface(unsigned char*)
 .text._Z9CDC_SetupR5Setup
                0x00081b74       0x60 C:/AndroXStudio/workspace/ROBOEX_3WD_PSD/Release/arduino.ar(CDC.cpp.o)
                0x00081b74                CDC_Setup(Setup&)
 .text._GLOBAL__I_cdc_rx_buffer
                0x00081bd4       0x1c C:/AndroXStudio/workspace/ROBOEX_3WD_PSD/Release/arduino.ar(CDC.cpp.o)
 .text._Z9HID_SetupR5Setup
                0x00081bf0       0x44 C:/AndroXStudio/workspace/ROBOEX_3WD_PSD/Release/arduino.ar(HID.cpp.o)
                0x00081bf0                HID_Setup(Setup&)
 .text._ZN6Mouse_C1Ev
                0x00081c34        0x6 C:/AndroXStudio/workspace/ROBOEX_3WD_PSD/Release/arduino.ar(HID.cpp.o)
                0x00081c34                Mouse_::Mouse_()
 *fill*         0x00081c3a        0x2 00
 .text._ZN9Keyboard_C1Ev
                0x00081c3c       0x10 C:/AndroXStudio/workspace/ROBOEX_3WD_PSD/Release/arduino.ar(HID.cpp.o)
                0x00081c3c                Keyboard_::Keyboard_()
 .text._ZN9Keyboard_5writeEh
                0x00081c4c       0x1c C:/AndroXStudio/workspace/ROBOEX_3WD_PSD/Release/arduino.ar(HID.cpp.o)
                0x00081c4c                Keyboard_::write(unsigned char)
 .text._Z14HID_SendReporthPKvm
                0x00081c68       0x2c C:/AndroXStudio/workspace/ROBOEX_3WD_PSD/Release/arduino.ar(HID.cpp.o)
                0x00081c68                HID_SendReport(unsigned char, void const*, unsigned long)
 .text._ZN9Keyboard_10sendReportEP9KeyReport
                0x00081c94        0x8 C:/AndroXStudio/workspace/ROBOEX_3WD_PSD/Release/arduino.ar(HID.cpp.o)
                0x00081c94                Keyboard_::sendReport(KeyReport*)
 .text._ZN9Keyboard_10releaseAllEv
                0x00081c9c       0x18 C:/AndroXStudio/workspace/ROBOEX_3WD_PSD/Release/arduino.ar(HID.cpp.o)
                0x00081c9c                Keyboard_::releaseAll()
 .text._ZN9Keyboard_7releaseEh
                0x00081cb4       0x74 C:/AndroXStudio/workspace/ROBOEX_3WD_PSD/Release/arduino.ar(HID.cpp.o)
                0x00081cb4                Keyboard_::release(unsigned char)
 .text._ZN9Keyboard_5pressEh
                0x00081d28       0x9c C:/AndroXStudio/workspace/ROBOEX_3WD_PSD/Release/arduino.ar(HID.cpp.o)
                0x00081d28                Keyboard_::press(unsigned char)
 .text._Z17HID_GetDescriptori
                0x00081dc4       0x10 C:/AndroXStudio/workspace/ROBOEX_3WD_PSD/Release/arduino.ar(HID.cpp.o)
                0x00081dc4                HID_GetDescriptor(int)
 .text._Z16HID_GetInterfacePh
                0x00081dd4       0x14 C:/AndroXStudio/workspace/ROBOEX_3WD_PSD/Release/arduino.ar(HID.cpp.o)
                0x00081dd4                HID_GetInterface(unsigned char*)
 .text._GLOBAL__I_Mouse
                0x00081de8       0x1c C:/AndroXStudio/workspace/ROBOEX_3WD_PSD/Release/arduino.ar(HID.cpp.o)
 .text.TWI_ReadByte
                0x00081e04       0x28 C:/AndroXStudio/legacy/arduino/hardware/arduino/sam/variants/arduino_due_x/libsam_sam3x8e_gcc_rel.a(twi.o)
                0x00081e04                TWI_ReadByte
 .text.TWI_WriteByte
                0x00081e2c       0x24 C:/AndroXStudio/legacy/arduino/hardware/arduino/sam/variants/arduino_due_x/libsam_sam3x8e_gcc_rel.a(twi.o)
                0x00081e2c                TWI_WriteByte
 .text.TWI_EnableIt
                0x00081e50       0x40 C:/AndroXStudio/legacy/arduino/hardware/arduino/sam/variants/arduino_due_x/libsam_sam3x8e_gcc_rel.a(twi.o)
                0x00081e50                TWI_EnableIt
 .text.TWI_DisableIt
                0x00081e90       0x40 C:/AndroXStudio/legacy/arduino/hardware/arduino/sam/variants/arduino_due_x/libsam_sam3x8e_gcc_rel.a(twi.o)
                0x00081e90                TWI_DisableIt
 .text.TWI_GetStatus
                0x00081ed0       0x28 C:/AndroXStudio/legacy/arduino/hardware/arduino/sam/variants/arduino_due_x/libsam_sam3x8e_gcc_rel.a(twi.o)
                0x00081ed0                TWI_GetStatus
 .text.UDD_SetStack
                0x00081ef8        0xc C:/AndroXStudio/legacy/arduino/hardware/arduino/sam/variants/arduino_due_x/libsam_sam3x8e_gcc_rel.a(uotghs_device.o)
                0x00081ef8                UDD_SetStack
 .text.UDD_Init
                0x00081f04       0xd0 C:/AndroXStudio/legacy/arduino/hardware/arduino/sam/variants/arduino_due_x/libsam_sam3x8e_gcc_rel.a(uotghs_device.o)
                0x00081f04                UDD_Init
 .text.UDD_Attach
                0x00081fd4       0x4c C:/AndroXStudio/legacy/arduino/hardware/arduino/sam/variants/arduino_due_x/libsam_sam3x8e_gcc_rel.a(uotghs_device.o)
                0x00081fd4                UDD_Attach
 .text.UDD_InitEP
                0x00082020       0x30 C:/AndroXStudio/legacy/arduino/hardware/arduino/sam/variants/arduino_due_x/libsam_sam3x8e_gcc_rel.a(uotghs_device.o)
                0x00082020                UDD_InitEP
 .text.UDD_InitEndpoints
                0x00082050       0x3c C:/AndroXStudio/legacy/arduino/hardware/arduino/sam/variants/arduino_due_x/libsam_sam3x8e_gcc_rel.a(uotghs_device.o)
                0x00082050                UDD_InitEndpoints
 .text.UDD_WaitIN
                0x0008208c       0x14 C:/AndroXStudio/legacy/arduino/hardware/arduino/sam/variants/arduino_due_x/libsam_sam3x8e_gcc_rel.a(uotghs_device.o)
                0x0008208c                UDD_WaitIN
 .text.UDD_WaitOUT
                0x000820a0       0x14 C:/AndroXStudio/legacy/arduino/hardware/arduino/sam/variants/arduino_due_x/libsam_sam3x8e_gcc_rel.a(uotghs_device.o)
                0x000820a0                UDD_WaitOUT
 .text.UDD_ClearIN
                0x000820b4       0x18 C:/AndroXStudio/legacy/arduino/hardware/arduino/sam/variants/arduino_due_x/libsam_sam3x8e_gcc_rel.a(uotghs_device.o)
                0x000820b4                UDD_ClearIN
 .text.UDD_ClearOUT
                0x000820cc       0x18 C:/AndroXStudio/legacy/arduino/hardware/arduino/sam/variants/arduino_due_x/libsam_sam3x8e_gcc_rel.a(uotghs_device.o)
                0x000820cc                UDD_ClearOUT
 .text.UDD_ReceivedSetupInt
                0x000820e4       0x10 C:/AndroXStudio/legacy/arduino/hardware/arduino/sam/variants/arduino_due_x/libsam_sam3x8e_gcc_rel.a(uotghs_device.o)
                0x000820e4                UDD_ReceivedSetupInt
 .text.UDD_ClearSetupInt
                0x000820f4       0x10 C:/AndroXStudio/legacy/arduino/hardware/arduino/sam/variants/arduino_due_x/libsam_sam3x8e_gcc_rel.a(uotghs_device.o)
                0x000820f4                UDD_ClearSetupInt
 .text.UDD_Send
                0x00082104       0x90 C:/AndroXStudio/legacy/arduino/hardware/arduino/sam/variants/arduino_due_x/libsam_sam3x8e_gcc_rel.a(uotghs_device.o)
                0x00082104                UDD_Send
 .text.UDD_Send8
                0x00082194       0x28 C:/AndroXStudio/legacy/arduino/hardware/arduino/sam/variants/arduino_due_x/libsam_sam3x8e_gcc_rel.a(uotghs_device.o)
                0x00082194                UDD_Send8
 .text.UDD_Recv8
                0x000821bc       0x28 C:/AndroXStudio/legacy/arduino/hardware/arduino/sam/variants/arduino_due_x/libsam_sam3x8e_gcc_rel.a(uotghs_device.o)
                0x000821bc                UDD_Recv8
 .text.UDD_Recv
                0x000821e4       0x34 C:/AndroXStudio/legacy/arduino/hardware/arduino/sam/variants/arduino_due_x/libsam_sam3x8e_gcc_rel.a(uotghs_device.o)
                0x000821e4                UDD_Recv
 .text.UDD_Stall
                0x00082218       0x14 C:/AndroXStudio/legacy/arduino/hardware/arduino/sam/variants/arduino_due_x/libsam_sam3x8e_gcc_rel.a(uotghs_device.o)
                0x00082218                UDD_Stall
 .text.UDD_FifoByteCount
                0x0008222c       0x1c C:/AndroXStudio/legacy/arduino/hardware/arduino/sam/variants/arduino_due_x/libsam_sam3x8e_gcc_rel.a(uotghs_device.o)
                0x0008222c                UDD_FifoByteCount
 .text.UDD_ReleaseRX
                0x00082248       0x2c C:/AndroXStudio/legacy/arduino/hardware/arduino/sam/variants/arduino_due_x/libsam_sam3x8e_gcc_rel.a(uotghs_device.o)
                0x00082248                UDD_ReleaseRX
 .text.UDD_ReleaseTX
                0x00082274       0x2c C:/AndroXStudio/legacy/arduino/hardware/arduino/sam/variants/arduino_due_x/libsam_sam3x8e_gcc_rel.a(uotghs_device.o)
                0x00082274                UDD_ReleaseTX
 .text.UDD_SetAddress
                0x000822a0       0x20 C:/AndroXStudio/legacy/arduino/hardware/arduino/sam/variants/arduino_due_x/libsam_sam3x8e_gcc_rel.a(uotghs_device.o)
                0x000822a0                UDD_SetAddress
 .text          0x000822c0      0x370 c:/androxstudio/legacy/arduino/hardware/tools/g++_arm_none_eabi/bin/../lib/gcc/arm-none-eabi/4.4.1/thumb2\libgcc.a(_arm_addsubdf3.o)
                0x000822c0                __aeabi_drsub
                0x000822c8                __aeabi_dsub
                0x000822c8                __subdf3
                0x000822cc                __aeabi_dadd
                0x000822cc                __adddf3
                0x00082544                __floatunsidf
                0x00082544                __aeabi_ui2d
                0x00082564                __floatsidf
                0x00082564                __aeabi_i2d
                0x00082588                __aeabi_f2d
                0x00082588                __extendsfdf2
                0x000825c4                __floatundidf
                0x000825c4                __aeabi_ul2d
                0x000825d4                __floatdidf
                0x000825d4                __aeabi_l2d
 .text          0x00082630      0x424 c:/androxstudio/legacy/arduino/hardware/tools/g++_arm_none_eabi/bin/../lib/gcc/arm-none-eabi/4.4.1/thumb2\libgcc.a(_arm_muldivdf3.o)
                0x00082630                __aeabi_dmul
                0x00082630                __muldf3
                0x00082884                __divdf3
                0x00082884                __aeabi_ddiv
 .text          0x00082a54       0xa0 c:/androxstudio/legacy/arduino/hardware/tools/g++_arm_none_eabi/bin/../lib/gcc/arm-none-eabi/4.4.1/thumb2\libgcc.a(_arm_truncdfsf2.o)
                0x00082a54                __truncdfsf2
                0x00082a54                __aeabi_d2f
 .text          0x00082af4      0x21c c:/androxstudio/legacy/arduino/hardware/tools/g++_arm_none_eabi/bin/../lib/gcc/arm-none-eabi/4.4.1/thumb2\libgcc.a(_arm_addsubsf3.o)
                0x00082af4                __aeabi_frsub
                0x00082afc                __subsf3
                0x00082afc                __aeabi_fsub
                0x00082b00                __aeabi_fadd
                0x00082b00                __addsf3
                0x00082c60                __aeabi_ui2f
                0x00082c60                __floatunsisf
                0x00082c68                __aeabi_i2f
                0x00082c68                __floatsisf
                0x00082c84                __aeabi_ul2f
                0x00082c84                __floatundisf
                0x00082c94                __aeabi_l2f
                0x00082c94                __floatdisf
 .text          0x00082d10      0x2a0 c:/androxstudio/legacy/arduino/hardware/tools/g++_arm_none_eabi/bin/../lib/gcc/arm-none-eabi/4.4.1/thumb2\libgcc.a(_arm_muldivsf3.o)
                0x00082d10                __mulsf3
                0x00082d10                __aeabi_fmul
                0x00082e78                __aeabi_fdiv
                0x00082e78                __divsf3
 .text          0x00082fb0       0x40 c:/androxstudio/legacy/arduino/hardware/tools/g++_arm_none_eabi/bin/../lib/gcc/arm-none-eabi/4.4.1/thumb2\libgcc.a(_arm_fixunssfsi.o)
                0x00082fb0                __fixunssfsi
                0x00082fb0                __aeabi_f2uiz
 .text          0x00082ff0       0x54 c:/androxstudio/legacy/arduino/hardware/tools/g++_arm_none_eabi/bin/../lib/gcc/arm-none-eabi/4.4.1/../../../../arm-none-eabi/lib/thumb2\libc.a(lib_a-assert.o)
                0x00082ff0                __assert_func
                0x00083038                __assert
 .text          0x00083044       0x4c c:/androxstudio/legacy/arduino/hardware/tools/g++_arm_none_eabi/bin/../lib/gcc/arm-none-eabi/4.4.1/../../../../arm-none-eabi/lib/thumb2\libc.a(lib_a-fiprintf.o)
                0x00083044                fiprintf
                0x00083070                _fiprintf_r
 .text          0x00083090       0x50 c:/androxstudio/legacy/arduino/hardware/tools/g++_arm_none_eabi/bin/../lib/gcc/arm-none-eabi/4.4.1/../../../../arm-none-eabi/lib/thumb2\libc.a(lib_a-init.o)
                0x00083090                __libc_init_array
 .text          0x000830e0       0x64 c:/androxstudio/legacy/arduino/hardware/tools/g++_arm_none_eabi/bin/../lib/gcc/arm-none-eabi/4.4.1/../../../../arm-none-eabi/lib/thumb2\libc.a(lib_a-iprintf.o)
                0x000830e0                _iprintf_r
                0x0008310c                iprintf
 .text          0x00083144      0x5a4 c:/androxstudio/legacy/arduino/hardware/tools/g++_arm_none_eabi/bin/../lib/gcc/arm-none-eabi/4.4.1/../../../../arm-none-eabi/lib/thumb2\libc.a(lib_a-mallocr.o)
                0x00083144                _malloc_r
 .text          0x000836e8      0x190 c:/androxstudio/legacy/arduino/hardware/tools/g++_arm_none_eabi/bin/../lib/gcc/arm-none-eabi/4.4.1/../../../../arm-none-eabi/lib/thumb2\libc.a(lib_a-memcpy.o)
                0x000836e8                memcpy
 .text          0x00083878       0xb8 c:/androxstudio/legacy/arduino/hardware/tools/g++_arm_none_eabi/bin/../lib/gcc/arm-none-eabi/4.4.1/../../../../arm-none-eabi/lib/thumb2\libc.a(lib_a-memmove.o)
                0x00083878                memmove
 .text          0x00083930       0xd4 c:/androxstudio/legacy/arduino/hardware/tools/g++_arm_none_eabi/bin/../lib/gcc/arm-none-eabi/4.4.1/../../../../arm-none-eabi/lib/thumb2\libc.a(lib_a-memset.o)
                0x00083930                memset
 .text          0x00083a04        0x8 c:/androxstudio/legacy/arduino/hardware/tools/g++_arm_none_eabi/bin/../lib/gcc/arm-none-eabi/4.4.1/../../../../arm-none-eabi/lib/thumb2\libc.a(lib_a-mlock.o)
                0x00083a04                __malloc_lock
                0x00083a08                __malloc_unlock
 .text          0x00083a0c      0x3b4 c:/androxstudio/legacy/arduino/hardware/tools/g++_arm_none_eabi/bin/../lib/gcc/arm-none-eabi/4.4.1/../../../../arm-none-eabi/lib/thumb2\libc.a(lib_a-reallocr.o)
                0x00083a0c                _realloc_r
 .text          0x00083dc0       0x28 c:/androxstudio/legacy/arduino/hardware/tools/g++_arm_none_eabi/bin/../lib/gcc/arm-none-eabi/4.4.1/../../../../arm-none-eabi/lib/thumb2\libc.a(lib_a-sbrkr.o)
                0x00083dc0                _sbrk_r
 .text          0x00083de8       0x60 c:/androxstudio/legacy/arduino/hardware/tools/g++_arm_none_eabi/bin/../lib/gcc/arm-none-eabi/4.4.1/../../../../arm-none-eabi/lib/thumb2\libc.a(lib_a-strlen.o)
                0x00083de8                strlen
 .text          0x00083e48      0xd38 c:/androxstudio/legacy/arduino/hardware/tools/g++_arm_none_eabi/bin/../lib/gcc/arm-none-eabi/4.4.1/../../../../arm-none-eabi/lib/thumb2\libc.a(lib_a-vfiprintf.o)
                0x00083e64                _vfiprintf_r
                0x00084b64                vfiprintf
 .text          0x00084b80      0x104 c:/androxstudio/legacy/arduino/hardware/tools/g++_arm_none_eabi/bin/../lib/gcc/arm-none-eabi/4.4.1/../../../../arm-none-eabi/lib/thumb2\libc.a(lib_a-wsetup.o)
                0x00084b80                __swsetup_r
 .text          0x00084c84       0x10 c:/androxstudio/legacy/arduino/hardware/tools/g++_arm_none_eabi/bin/../lib/gcc/arm-none-eabi/4.4.1/../../../../arm-none-eabi/lib/thumb2\libc.a(lib_a-abort.o)
                0x00084c84                abort
 .text          0x00084c94      0x178 c:/androxstudio/legacy/arduino/hardware/tools/g++_arm_none_eabi/bin/../lib/gcc/arm-none-eabi/4.4.1/../../../../arm-none-eabi/lib/thumb2\libc.a(lib_a-fflush.o)
                0x00084c94                _fflush_r
                0x00084de4                fflush
 .text          0x00084e0c      0x1c8 c:/androxstudio/legacy/arduino/hardware/tools/g++_arm_none_eabi/bin/../lib/gcc/arm-none-eabi/4.4.1/../../../../arm-none-eabi/lib/thumb2\libc.a(lib_a-findfp.o)
                0x00084e0c                __sfp_lock_acquire
                0x00084e10                __sfp_lock_release
                0x00084e14                __sinit_lock_acquire
                0x00084e18                __sinit_lock_release
                0x00084e24                __fp_unlock_all
                0x00084e3c                __fp_lock_all
                0x00084e54                _cleanup_r
                0x00084e60                _cleanup
                0x00084ebc                __sfmoreglue
                0x00084eec                __sfp
                0x00084f74                __sinit
 .text          0x00084fd4      0x268 c:/androxstudio/legacy/arduino/hardware/tools/g++_arm_none_eabi/bin/../lib/gcc/arm-none-eabi/4.4.1/../../../../arm-none-eabi/lib/thumb2\libc.a(lib_a-freer.o)
                0x00084fd4                _malloc_trim_r
                0x0008507c                _free_r
 .text          0x0008523c      0x334 c:/androxstudio/legacy/arduino/hardware/tools/g++_arm_none_eabi/bin/../lib/gcc/arm-none-eabi/4.4.1/../../../../arm-none-eabi/lib/thumb2\libc.a(lib_a-fvwrite.o)
                0x0008523c                __sfvwrite_r
 .text          0x00085570       0xa0 c:/androxstudio/legacy/arduino/hardware/tools/g++_arm_none_eabi/bin/../lib/gcc/arm-none-eabi/4.4.1/../../../../arm-none-eabi/lib/thumb2\libc.a(lib_a-fwalk.o)
                0x00085570                _fwalk_reent
                0x000855c4                _fwalk
 .text          0x00085610       0xdc c:/androxstudio/legacy/arduino/hardware/tools/g++_arm_none_eabi/bin/../lib/gcc/arm-none-eabi/4.4.1/../../../../arm-none-eabi/lib/thumb2\libc.a(lib_a-makebuf.o)
                0x00085610                __smakebuf_r
 .text          0x000856ec       0x74 c:/androxstudio/legacy/arduino/hardware/tools/g++_arm_none_eabi/bin/../lib/gcc/arm-none-eabi/4.4.1/../../../../arm-none-eabi/lib/thumb2\libc.a(lib_a-memchr.o)
                0x000856ec                memchr
 .text          0x00085760      0x14c c:/androxstudio/legacy/arduino/hardware/tools/g++_arm_none_eabi/bin/../lib/gcc/arm-none-eabi/4.4.1/../../../../arm-none-eabi/lib/thumb2\libc.a(lib_a-signal.o)
                0x00085760                _raise_r
                0x000857b8                raise
                0x000857c8                _init_signal_r
                0x000857f0                _init_signal
                0x000857fc                __sigtramp_r
                0x00085850                __sigtramp
                0x00085860                _signal_r
                0x0008589c                signal
 .text          0x000858ac       0x30 c:/androxstudio/legacy/arduino/hardware/tools/g++_arm_none_eabi/bin/../lib/gcc/arm-none-eabi/4.4.1/../../../../arm-none-eabi/lib/thumb2\libc.a(lib_a-signalr.o)
                0x000858ac                _getpid_r
                0x000858b0                _kill_r
 .text          0x000858dc       0x90 c:/androxstudio/legacy/arduino/hardware/tools/g++_arm_none_eabi/bin/../lib/gcc/arm-none-eabi/4.4.1/../../../../arm-none-eabi/lib/thumb2\libc.a(lib_a-stdio.o)
                0x000858dc                __sclose
                0x000858e4                __sseek
                0x0008590c                __swrite
                0x00085948                __sread
 .text          0x0008596c       0x2c c:/androxstudio/legacy/arduino/hardware/tools/g++_arm_none_eabi/bin/../lib/gcc/arm-none-eabi/4.4.1/../../../../arm-none-eabi/lib/thumb2\libc.a(lib_a-writer.o)
                0x0008596c                _write_r
 .text          0x00085998       0x28 c:/androxstudio/legacy/arduino/hardware/tools/g++_arm_none_eabi/bin/../lib/gcc/arm-none-eabi/4.4.1/../../../../arm-none-eabi/lib/thumb2\libc.a(lib_a-closer.o)
                0x00085998                _close_r
 .text          0x000859c0       0xcc c:/androxstudio/legacy/arduino/hardware/tools/g++_arm_none_eabi/bin/../lib/gcc/arm-none-eabi/4.4.1/../../../../arm-none-eabi/lib/thumb2\libc.a(lib_a-fclose.o)
                0x000859c0                _fclose_r
                0x00085a7c                fclose
 .text          0x00085a8c       0x2c c:/androxstudio/legacy/arduino/hardware/tools/g++_arm_none_eabi/bin/../lib/gcc/arm-none-eabi/4.4.1/../../../../arm-none-eabi/lib/thumb2\libc.a(lib_a-fstatr.o)
                0x00085a8c                _fstat_r
 .text          0x00085ab8       0x28 c:/androxstudio/legacy/arduino/hardware/tools/g++_arm_none_eabi/bin/../lib/gcc/arm-none-eabi/4.4.1/../../../../arm-none-eabi/lib/thumb2\libc.a(lib_a-isattyr.o)
                0x00085ab8                _isatty_r
 .text          0x00085ae0       0x2c c:/androxstudio/legacy/arduino/hardware/tools/g++_arm_none_eabi/bin/../lib/gcc/arm-none-eabi/4.4.1/../../../../arm-none-eabi/lib/thumb2\libc.a(lib_a-lseekr.o)
                0x00085ae0                _lseek_r
 .text          0x00085b0c       0x2c c:/androxstudio/legacy/arduino/hardware/tools/g++_arm_none_eabi/bin/../lib/gcc/arm-none-eabi/4.4.1/../../../../arm-none-eabi/lib/thumb2\libc.a(lib_a-readr.o)
                0x00085b0c                _read_r
 .text          0x00085b38      0x278 c:/androxstudio/legacy/arduino/hardware/tools/g++_arm_none_eabi/bin/../lib/gcc/arm-none-eabi/4.4.1/thumb2\libgcc.a(_udivsi3.o)
                0x00085b38                __aeabi_uidiv
                0x00085b38                __udivsi3
                0x00085d94                __aeabi_uidivmod
 .text          0x00085db0        0x4 c:/androxstudio/legacy/arduino/hardware/tools/g++_arm_none_eabi/bin/../lib/gcc/arm-none-eabi/4.4.1/thumb2\libgcc.a(_dvmd_tls.o)
                0x00085db0                __aeabi_idiv0
                0x00085db0                __aeabi_ldiv0
 .text          0x00085db4       0x2c c:/androxstudio/legacy/arduino/hardware/tools/g++_arm_none_eabi/bin/../lib/gcc/arm-none-eabi/4.4.1/thumb2\libgcc.a(_aeabi_uldivmod.o)
                0x00085db4                __aeabi_uldivmod
 .text          0x00085de0       0x58 c:/androxstudio/legacy/arduino/hardware/tools/g++_arm_none_eabi/bin/../lib/gcc/arm-none-eabi/4.4.1/thumb2\libgcc.a(bpabi.o)
                0x00085de0                __gnu_uldivmod_helper
                0x00085e0c                __gnu_ldivmod_helper
 .text          0x00085e38      0x364 c:/androxstudio/legacy/arduino/hardware/tools/g++_arm_none_eabi/bin/../lib/gcc/arm-none-eabi/4.4.1/thumb2\libgcc.a(_divdi3.o)
                0x00085e38                __divdi3
 .text          0x0008619c      0x300 c:/androxstudio/legacy/arduino/hardware/tools/g++_arm_none_eabi/bin/../lib/gcc/arm-none-eabi/4.4.1/thumb2\libgcc.a(_udivdi3.o)
                0x0008619c                __udivdi3
 *(.glue_7t)
 .glue_7t       0x00000000        0x0 linker stubs
 *(.glue_7)
 .glue_7        0x00000000        0x0 linker stubs
 *(.rodata .rodata* .gnu.linkonce.r.*)
 .rodata.str1.1
                0x0008649c       0x19 C:/AndroXStudio/workspace/ROBOEX_3WD_PSD/Release/arduino/syscalls_sam3.c.o
 .rodata.str1.1
                0x000864b5       0x20 ./ROBOEX_3WD_PSD.cpp.o
 *fill*         0x000864d5        0x3 00
 .rodata.g_APinDescription
                0x000864d8      0xc08 C:/AndroXStudio/workspace/ROBOEX_3WD_PSD/Release/arduino.ar(variant.cpp.o)
                0x000864d8                g_APinDescription
 .rodata._ZTV9UARTClass
                0x000870e0       0x28 C:/AndroXStudio/workspace/ROBOEX_3WD_PSD/Release/arduino.ar(UARTClass.cpp.o)
                0x000870e0                vtable for UARTClass
 .rodata._ZTV10USARTClass
                0x00087108       0x28 C:/AndroXStudio/workspace/ROBOEX_3WD_PSD/Release/arduino.ar(USARTClass.cpp.o)
                0x00087108                vtable for USARTClass
 .rodata.C.0.8141
                0x00087130       0x40 C:/AndroXStudio/legacy/arduino/hardware/arduino/sam/variants/arduino_due_x/libsam_sam3x8e_gcc_rel.a(adc.o)
 .rodata._ZTV7TwoWire
                0x00087170       0x20 C:/AndroXStudio/workspace/ROBOEX_3WD_PSD/Release/arduino.ar(Wire.cpp.o)
                0x00087170                vtable for TwoWire
 .rodata.USB_DeviceDescriptorA
                0x00087190       0x14 C:/AndroXStudio/workspace/ROBOEX_3WD_PSD/Release/arduino.ar(USBCore.cpp.o)
                0x00087190                USB_DeviceDescriptorA
 .rodata.USB_DeviceDescriptor
                0x000871a4       0x14 C:/AndroXStudio/workspace/ROBOEX_3WD_PSD/Release/arduino.ar(USBCore.cpp.o)
                0x000871a4                USB_DeviceDescriptor
 .rodata._ZL9EndPoints
                0x000871b8       0x14 C:/AndroXStudio/workspace/ROBOEX_3WD_PSD/Release/arduino.ar(USBCore.cpp.o)
 .rodata.STRING_LANGUAGE
                0x000871cc        0x4 C:/AndroXStudio/workspace/ROBOEX_3WD_PSD/Release/arduino.ar(USBCore.cpp.o)
                0x000871cc                STRING_LANGUAGE
 .rodata._ZL18test_packet_buffer
                0x000871d0       0x38 C:/AndroXStudio/workspace/ROBOEX_3WD_PSD/Release/arduino.ar(USBCore.cpp.o)
 .rodata.STRING_PRODUCT
                0x00087208        0xc C:/AndroXStudio/workspace/ROBOEX_3WD_PSD/Release/arduino.ar(USBCore.cpp.o)
                0x00087208                STRING_PRODUCT
 .rodata.STRING_MANUFACTURER
                0x00087214        0xc C:/AndroXStudio/workspace/ROBOEX_3WD_PSD/Release/arduino.ar(USBCore.cpp.o)
                0x00087214                STRING_MANUFACTURER
 .rodata._ZL19USB_DeviceQualifier
                0x00087220       0x14 C:/AndroXStudio/workspace/ROBOEX_3WD_PSD/Release/arduino.ar(USBCore.cpp.o)
 *fill*         0x00087234        0x4 00
 .rodata._ZTV7Serial_
                0x00087238       0x28 C:/AndroXStudio/workspace/ROBOEX_3WD_PSD/Release/arduino.ar(CDC.cpp.o)
                0x00087238                vtable for Serial_
 .rodata._ZL18_cdcOtherInterface
                0x00087260       0x44 C:/AndroXStudio/workspace/ROBOEX_3WD_PSD/Release/arduino.ar(CDC.cpp.o)
 .rodata._ZL13_cdcInterface
                0x000872a4       0x44 C:/AndroXStudio/workspace/ROBOEX_3WD_PSD/Release/arduino.ar(CDC.cpp.o)
 .rodata._ZTV9Keyboard_
                0x000872e8       0x20 C:/AndroXStudio/workspace/ROBOEX_3WD_PSD/Release/arduino.ar(HID.cpp.o)
                0x000872e8                vtable for Keyboard_
 .rodata._asciimap
                0x00087308       0x80 C:/AndroXStudio/workspace/ROBOEX_3WD_PSD/Release/arduino.ar(HID.cpp.o)
                0x00087308                _asciimap
 .rodata._hidInterface
                0x00087388       0x1c C:/AndroXStudio/workspace/ROBOEX_3WD_PSD/Release/arduino.ar(HID.cpp.o)
                0x00087388                _hidInterface
 .rodata._hidReportDescriptor
                0x000873a4       0x68 C:/AndroXStudio/workspace/ROBOEX_3WD_PSD/Release/arduino.ar(HID.cpp.o)
                0x000873a4                _hidReportDescriptor
 .rodata.__func__.7038
                0x0008740c        0xe C:/AndroXStudio/legacy/arduino/hardware/arduino/sam/variants/arduino_due_x/libsam_sam3x8e_gcc_rel.a(twi.o)
 .rodata.__func__.7060
                0x0008741a        0xd C:/AndroXStudio/legacy/arduino/hardware/arduino/sam/variants/arduino_due_x/libsam_sam3x8e_gcc_rel.a(twi.o)
 .rodata.__func__.7065
                0x00087427        0xe C:/AndroXStudio/legacy/arduino/hardware/arduino/sam/variants/arduino_due_x/libsam_sam3x8e_gcc_rel.a(twi.o)
 .rodata.str1.1
                0x00087435       0xb4 C:/AndroXStudio/legacy/arduino/hardware/arduino/sam/variants/arduino_due_x/libsam_sam3x8e_gcc_rel.a(twi.o)
 .rodata.__func__.7069
                0x000874e9        0xe C:/AndroXStudio/legacy/arduino/hardware/arduino/sam/variants/arduino_due_x/libsam_sam3x8e_gcc_rel.a(twi.o)
 .rodata.__func__.7033
                0x000874f7        0xd C:/AndroXStudio/legacy/arduino/hardware/arduino/sam/variants/arduino_due_x/libsam_sam3x8e_gcc_rel.a(twi.o)
 .rodata.str1.4
                0x00087504       0x3f c:/androxstudio/legacy/arduino/hardware/tools/g++_arm_none_eabi/bin/../lib/gcc/arm-none-eabi/4.4.1/../../../../arm-none-eabi/lib/thumb2\libc.a(lib_a-assert.o)
                                 0x44 (size before relaxing)
 *fill*         0x00087543        0x1 00
 .rodata        0x00087544        0x4 c:/androxstudio/legacy/arduino/hardware/tools/g++_arm_none_eabi/bin/../lib/gcc/arm-none-eabi/4.4.1/../../../../arm-none-eabi/lib/thumb2\libc.a(lib_a-impure.o)
                0x00087544                _global_impure_ptr
 .rodata.str1.4
                0x00087548        0x2 c:/androxstudio/legacy/arduino/hardware/tools/g++_arm_none_eabi/bin/../lib/gcc/arm-none-eabi/4.4.1/../../../../arm-none-eabi/lib/thumb2\libc.a(lib_a-impure.o)
                                  0x4 (size before relaxing)
 *fill*         0x0008754a        0x2 00
 .rodata        0x0008754c       0x20 c:/androxstudio/legacy/arduino/hardware/tools/g++_arm_none_eabi/bin/../lib/gcc/arm-none-eabi/4.4.1/../../../../arm-none-eabi/lib/thumb2\libc.a(lib_a-vfiprintf.o)
 .rodata.str1.4
                0x0008756c       0x30 c:/androxstudio/legacy/arduino/hardware/tools/g++_arm_none_eabi/bin/../lib/gcc/arm-none-eabi/4.4.1/../../../../arm-none-eabi/lib/thumb2\libc.a(lib_a-vfiprintf.o)
 .rodata        0x0008759c       0x60 c:/androxstudio/legacy/arduino/hardware/tools/g++_arm_none_eabi/bin/../lib/gcc/arm-none-eabi/4.4.1/../../../../arm-none-eabi/lib/thumb2\libc.a(lib_a-findfp.o)
                0x0008759c                __sf_fake_stdin
                0x000875bc                __sf_fake_stdout
                0x000875dc                __sf_fake_stderr
 *(.ARM.extab* .gnu.linkonce.armextab.*)
                0x000875fc                . = ALIGN (0x4)
 *(.init)
 .init          0x000875fc        0x4 c:/androxstudio/legacy/arduino/hardware/tools/g++_arm_none_eabi/bin/../lib/gcc/arm-none-eabi/4.4.1/thumb2/crti.o
                0x000875fc                _init
 .init          0x00087600        0x8 c:/androxstudio/legacy/arduino/hardware/tools/g++_arm_none_eabi/bin/../lib/gcc/arm-none-eabi/4.4.1/thumb2/crtn.o
                0x00087608                . = ALIGN (0x4)
                0x00087608                __preinit_array_start = .
 *(.preinit_array)
                0x00087608                __preinit_array_end = .
                0x00087608                . = ALIGN (0x4)
                0x00087608                __init_array_start = .
 *(SORT(.init_array.*))
 *(.init_array)
 .init_array    0x00087608        0x4 c:/androxstudio/legacy/arduino/hardware/tools/g++_arm_none_eabi/bin/../lib/gcc/arm-none-eabi/4.4.1/thumb2/crtbegin.o
 .init_array    0x0008760c        0x4 C:/AndroXStudio/workspace/ROBOEX_3WD_PSD/Release/arduino.ar(variant.cpp.o)
 .init_array    0x00087610        0x4 C:/AndroXStudio/workspace/ROBOEX_3WD_PSD/Release/arduino.ar(Wire.cpp.o)
 .init_array    0x00087614        0x4 C:/AndroXStudio/workspace/ROBOEX_3WD_PSD/Release/arduino.ar(USBCore.cpp.o)
 .init_array    0x00087618        0x4 C:/AndroXStudio/workspace/ROBOEX_3WD_PSD/Release/arduino.ar(CDC.cpp.o)
 .init_array    0x0008761c        0x4 C:/AndroXStudio/workspace/ROBOEX_3WD_PSD/Release/arduino.ar(HID.cpp.o)
                0x00087620                __init_array_end = .
                0x00087620                . = ALIGN (0x4)
 *crtbegin.o(.ctors)
 *(EXCLUDE_FILE(*crtend.o) .ctors)
 *(SORT(.ctors.*))
 *crtend.o(.ctors)
                0x00087620                . = ALIGN (0x4)
 *(.fini)
 .fini          0x00087620        0x4 c:/androxstudio/legacy/arduino/hardware/tools/g++_arm_none_eabi/bin/../lib/gcc/arm-none-eabi/4.4.1/thumb2/crti.o
                0x00087620                _fini
 .fini          0x00087624        0x8 c:/androxstudio/legacy/arduino/hardware/tools/g++_arm_none_eabi/bin/../lib/gcc/arm-none-eabi/4.4.1/thumb2/crtn.o
                0x0008762c                . = ALIGN (0x4)
                0x0008762c                __fini_array_start = .
 *(.fini_array)
 .fini_array    0x0008762c        0x4 c:/androxstudio/legacy/arduino/hardware/tools/g++_arm_none_eabi/bin/../lib/gcc/arm-none-eabi/4.4.1/thumb2/crtbegin.o
 *(SORT(.fini_array.*))
                0x00087630                __fini_array_end = .
 *crtbegin.o(.dtors)
 *(EXCLUDE_FILE(*crtend.o) .dtors)
 *(SORT(.dtors.*))
 *crtend.o(.dtors)
                0x00087630                . = ALIGN (0x4)
                0x00087630                _efixed = .
                0x00087630                PROVIDE (__exidx_start, .)

.jcr            0x00087630        0x0
 .jcr           0x00087630        0x0 c:/androxstudio/legacy/arduino/hardware/tools/g++_arm_none_eabi/bin/../lib/gcc/arm-none-eabi/4.4.1/thumb2/crtbegin.o

.vfp11_veneer   0x00087630        0x0
 .vfp11_veneer  0x00000000        0x0 linker stubs

.v4_bx          0x00087630        0x0
 .v4_bx         0x00000000        0x0 linker stubs

.ARM.exidx      0x00087630        0x8
 *(.ARM.exidx* .gnu.linkonce.armexidx.*)
 .ARM.exidx     0x00087630        0x8 c:/androxstudio/legacy/arduino/hardware/tools/g++_arm_none_eabi/bin/../lib/gcc/arm-none-eabi/4.4.1/thumb2\libgcc.a(_divdi3.o)
 .ARM.exidx     0x00087638        0x0 c:/androxstudio/legacy/arduino/hardware/tools/g++_arm_none_eabi/bin/../lib/gcc/arm-none-eabi/4.4.1/thumb2\libgcc.a(_udivdi3.o)
                                  0x8 (size before relaxing)
                0x00087638                PROVIDE (__exidx_end, .)
                0x00087638                . = ALIGN (0x4)
                0x00087638                _etext = .

.relocate       0x20070000      0x590 load address 0x00087638
                0x20070000                . = ALIGN (0x4)
                0x20070000                _srelocate = .
 *(.ramfunc .ramfunc.*)
 .ramfunc       0x20070000       0x34 C:/AndroXStudio/workspace/ROBOEX_3WD_PSD/Release/arduino.ar(Reset.cpp.o)
                0x20070000                banzai
 *(.data .data.*)
 .data.pin_PSD_SEN
                0x20070034        0xc ./ROBOEX_3WD_PSD.cpp.o
                0x20070034                pin_PSD_SEN
 .data.pin_LCD_DATA
                0x20070040       0x20 ./TEXT_LCD.cpp.o
                0x20070040                pin_LCD_DATA
 .data.pin_LCD_CTRL
                0x20070060       0x10 ./TEXT_LCD.cpp.o
                0x20070060                pin_LCD_CTRL
 .data._readResolution
                0x20070070        0x4 C:/AndroXStudio/workspace/ROBOEX_3WD_PSD/Release/arduino.ar(wiring_analog.c.o)
 .data.SystemCoreClock
                0x20070074        0x4 C:/AndroXStudio/legacy/arduino/hardware/arduino/sam/variants/arduino_due_x/libsam_sam3x8e_gcc_rel.a(system_sam3xa.o)
                0x20070074                SystemCoreClock
 .data._ZL5ticks
                0x20070078        0x4 C:/AndroXStudio/workspace/ROBOEX_3WD_PSD/Release/arduino.ar(Reset.cpp.o)
 .data._ZL12_usbLineInfo
                0x2007007c        0x8 C:/AndroXStudio/workspace/ROBOEX_3WD_PSD/Release/arduino.ar(CDC.cpp.o)
 .data._hid_protocol
                0x20070084        0x1 C:/AndroXStudio/workspace/ROBOEX_3WD_PSD/Release/arduino.ar(HID.cpp.o)
                0x20070084                _hid_protocol
 .data._hid_idle
                0x20070085        0x1 C:/AndroXStudio/workspace/ROBOEX_3WD_PSD/Release/arduino.ar(HID.cpp.o)
                0x20070085                _hid_idle
 *fill*         0x20070086        0x2 00
 .data.g_interrupt_enabled
                0x20070088        0x4 C:/AndroXStudio/legacy/arduino/hardware/arduino/sam/variants/arduino_due_x/libsam_sam3x8e_gcc_rel.a(interrupt_sam_nvic.o)
                0x20070088                g_interrupt_enabled
 .data          0x2007008c       0xf4 c:/androxstudio/legacy/arduino/hardware/tools/g++_arm_none_eabi/bin/../lib/gcc/arm-none-eabi/4.4.1/../../../../arm-none-eabi/lib/thumb2\libc.a(lib_a-impure.o)
                0x2007008c                _impure_ptr
 .data          0x20070180      0x410 c:/androxstudio/legacy/arduino/hardware/tools/g++_arm_none_eabi/bin/../lib/gcc/arm-none-eabi/4.4.1/../../../../arm-none-eabi/lib/thumb2\libc.a(lib_a-mallocr.o)
                0x20070180                __malloc_av_
                0x20070588                __malloc_sbrk_base
                0x2007058c                __malloc_trim_threshold
                0x20070590                . = ALIGN (0x4)
                0x20070590                _erelocate = .

.bss            0x20070590      0xb1c load address 0x00087bc8
                0x20070590                . = ALIGN (0x4)
                0x20070590                _sbss = .
                0x20070590                _szero = .
 *(.bss .bss.*)
 .bss           0x20070590        0x1 c:/androxstudio/legacy/arduino/hardware/tools/g++_arm_none_eabi/bin/../lib/gcc/arm-none-eabi/4.4.1/thumb2/crtbegin.o
 *fill*         0x20070591        0x3 00
 .bss.heap.3798
                0x20070594        0x4 C:/AndroXStudio/workspace/ROBOEX_3WD_PSD/Release/arduino/syscalls_sam3.c.o
 .bss.pinEnabled
                0x20070598       0x50 C:/AndroXStudio/workspace/ROBOEX_3WD_PSD/Release/arduino.ar(wiring_analog.c.o)
 .bss.Serial    0x200705e8       0x20 C:/AndroXStudio/workspace/ROBOEX_3WD_PSD/Release/arduino.ar(variant.cpp.o)
                0x200705e8                Serial
 .bss.rx_buffer1
                0x20070608      0x108 C:/AndroXStudio/workspace/ROBOEX_3WD_PSD/Release/arduino.ar(variant.cpp.o)
                0x20070608                rx_buffer1
 .bss.Serial1   0x20070710       0x20 C:/AndroXStudio/workspace/ROBOEX_3WD_PSD/Release/arduino.ar(variant.cpp.o)
                0x20070710                Serial1
 .bss.Serial2   0x20070730       0x20 C:/AndroXStudio/workspace/ROBOEX_3WD_PSD/Release/arduino.ar(variant.cpp.o)
                0x20070730                Serial2
 .bss.Serial3   0x20070750       0x20 C:/AndroXStudio/workspace/ROBOEX_3WD_PSD/Release/arduino.ar(variant.cpp.o)
                0x20070750                Serial3
 .bss.rx_buffer2
                0x20070770      0x108 C:/AndroXStudio/workspace/ROBOEX_3WD_PSD/Release/arduino.ar(variant.cpp.o)
                0x20070770                rx_buffer2
 .bss.rx_buffer3
                0x20070878      0x108 C:/AndroXStudio/workspace/ROBOEX_3WD_PSD/Release/arduino.ar(variant.cpp.o)
                0x20070878                rx_buffer3
 .bss.rx_buffer4
                0x20070980      0x108 C:/AndroXStudio/workspace/ROBOEX_3WD_PSD/Release/arduino.ar(variant.cpp.o)
                0x20070980                rx_buffer4
 .bss._dwTickCount
                0x20070a88        0x4 C:/AndroXStudio/legacy/arduino/hardware/arduino/sam/variants/arduino_due_x/libsam_sam3x8e_gcc_rel.a(timetick.o)
 .bss.gpf_isr   0x20070a8c        0x4 C:/AndroXStudio/legacy/arduino/hardware/arduino/sam/variants/arduino_due_x/libsam_sam3x8e_gcc_rel.a(uotghs.o)
                0x20070a8c                gpf_isr
 .bss.callbacks
                0x20070a90       0x24 C:/AndroXStudio/workspace/ROBOEX_3WD_PSD/Release/arduino.ar(Timer_Int.c.o)
 .bss.callbacksPioA
                0x20070ab4       0x80 C:/AndroXStudio/workspace/ROBOEX_3WD_PSD/Release/arduino.ar(WInterrupts.c.o)
 .bss.callbacksPioB
                0x20070b34       0x80 C:/AndroXStudio/workspace/ROBOEX_3WD_PSD/Release/arduino.ar(WInterrupts.c.o)
 .bss.callbacksPioC
                0x20070bb4       0x80 C:/AndroXStudio/workspace/ROBOEX_3WD_PSD/Release/arduino.ar(WInterrupts.c.o)
 .bss.callbacksPioD
                0x20070c34       0x80 C:/AndroXStudio/workspace/ROBOEX_3WD_PSD/Release/arduino.ar(WInterrupts.c.o)
 .bss.Wire1     0x20070cb4       0x8c C:/AndroXStudio/workspace/ROBOEX_3WD_PSD/Release/arduino.ar(Wire.cpp.o)
                0x20070cb4                Wire1
 .bss.Wire      0x20070d40       0x8c C:/AndroXStudio/workspace/ROBOEX_3WD_PSD/Release/arduino.ar(Wire.cpp.o)
                0x20070d40                Wire
 .bss._ZL14isEndpointHalt
                0x20070dcc        0x1 C:/AndroXStudio/workspace/ROBOEX_3WD_PSD/Release/arduino.ar(USBCore.cpp.o)
 *fill*         0x20070dcd        0x3 00
 .bss._cmark    0x20070dd0        0x4 C:/AndroXStudio/workspace/ROBOEX_3WD_PSD/Release/arduino.ar(USBCore.cpp.o)
                0x20070dd0                _cmark
 .bss._cend     0x20070dd4        0x4 C:/AndroXStudio/workspace/ROBOEX_3WD_PSD/Release/arduino.ar(USBCore.cpp.o)
                0x20070dd4                _cend
 .bss._cdcComposite
                0x20070dd8        0x4 C:/AndroXStudio/workspace/ROBOEX_3WD_PSD/Release/arduino.ar(USBCore.cpp.o)
                0x20070dd8                _cdcComposite
 .bss._usbInitialized
                0x20070ddc        0x4 C:/AndroXStudio/workspace/ROBOEX_3WD_PSD/Release/arduino.ar(USBCore.cpp.o)
                0x20070ddc                _usbInitialized
 .bss.USBDevice
                0x20070de0        0x4 C:/AndroXStudio/workspace/ROBOEX_3WD_PSD/Release/arduino.ar(USBCore.cpp.o)
                0x20070de0                USBDevice
 .bss._usbSetInterface
                0x20070de4        0x4 C:/AndroXStudio/workspace/ROBOEX_3WD_PSD/Release/arduino.ar(USBCore.cpp.o)
                0x20070de4                _usbSetInterface
 .bss._ZL21isRemoteWakeUpEnabled
                0x20070de8        0x1 C:/AndroXStudio/workspace/ROBOEX_3WD_PSD/Release/arduino.ar(USBCore.cpp.o)
 *fill*         0x20070de9        0x3 00
 .bss._usbConfiguration
                0x20070dec        0x4 C:/AndroXStudio/workspace/ROBOEX_3WD_PSD/Release/arduino.ar(USBCore.cpp.o)
                0x20070dec                _usbConfiguration
 .bss.cdc_rx_buffer
                0x20070df0      0x208 C:/AndroXStudio/workspace/ROBOEX_3WD_PSD/Release/arduino.ar(CDC.cpp.o)
                0x20070df0                cdc_rx_buffer
 .bss._ZZN7Serial_6acceptEvE5guard
                0x20070ff8        0x4 C:/AndroXStudio/workspace/ROBOEX_3WD_PSD/Release/arduino.ar(CDC.cpp.o)
 .bss.SerialUSB
                0x20070ffc       0x14 C:/AndroXStudio/workspace/ROBOEX_3WD_PSD/Release/arduino.ar(CDC.cpp.o)
                0x20070ffc                SerialUSB
 .bss.Mouse     0x20071010        0x4 C:/AndroXStudio/workspace/ROBOEX_3WD_PSD/Release/arduino.ar(HID.cpp.o)
                0x20071010                Mouse
 .bss.Keyboard  0x20071014       0x10 C:/AndroXStudio/workspace/ROBOEX_3WD_PSD/Release/arduino.ar(HID.cpp.o)
                0x20071014                Keyboard
 .bss.ul_recv_fifo_ptr
                0x20071024       0x28 C:/AndroXStudio/legacy/arduino/hardware/arduino/sam/variants/arduino_due_x/libsam_sam3x8e_gcc_rel.a(uotghs_device.o)
 .bss.ul_send_fifo_ptr
                0x2007104c       0x28 C:/AndroXStudio/legacy/arduino/hardware/arduino/sam/variants/arduino_due_x/libsam_sam3x8e_gcc_rel.a(uotghs_device.o)
 .bss           0x20071074       0x34 c:/androxstudio/legacy/arduino/hardware/tools/g++_arm_none_eabi/bin/../lib/gcc/arm-none-eabi/4.4.1/../../../../arm-none-eabi/lib/thumb2\libc.a(lib_a-mallocr.o)
                0x20071074                __malloc_top_pad
                0x20071078                __malloc_current_mallinfo
                0x200710a0                __malloc_max_sbrked_mem
                0x200710a4                __malloc_max_total_mem
 *(COMMON)
 COMMON         0x200710a8        0x4 c:/androxstudio/legacy/arduino/hardware/tools/g++_arm_none_eabi/bin/../lib/gcc/arm-none-eabi/4.4.1/../../../../arm-none-eabi/lib/thumb2\libc.a(lib_a-reent.o)
                0x200710a8                errno
                0x200710ac                . = ALIGN (0x4)
                0x200710ac                _ebss = .
                0x200710ac                _ezero = .
                0x200710ac                . = ALIGN (0x4)
                0x200710ac                _end = .

.stack_dummy    0x200710ac        0x0
 *(.stack*)
                0x20088000                __StackTop = 0x20088000
                0x20088000                __StackLimit = (__StackTop - SIZEOF (.stack_dummy))
                0x20088000                PROVIDE (_sstack, __StackLimit)
                0x20088000                PROVIDE (_estack, __StackTop)
OUTPUT(C:/AndroXStudio/workspace/ROBOEX_3WD_PSD/Release/ROBOEX_3WD_PSD.elf elf32-littlearm)

.ARM.attributes
                0x00000000       0x25
 .ARM.attributes
                0x00000000       0x19 c:/androxstudio/legacy/arduino/hardware/tools/g++_arm_none_eabi/bin/../lib/gcc/arm-none-eabi/4.4.1/thumb2/crti.o
 .ARM.attributes
                0x00000019       0x29 c:/androxstudio/legacy/arduino/hardware/tools/g++_arm_none_eabi/bin/../lib/gcc/arm-none-eabi/4.4.1/thumb2/crtbegin.o
 .ARM.attributes
                0x00000042       0x31 C:/AndroXStudio/workspace/ROBOEX_3WD_PSD/Release/arduino/syscalls_sam3.c.o
 .ARM.attributes
                0x00000073       0x31 ./ROBOEX_3WD_PSD.cpp.o
 .ARM.attributes
                0x000000a4       0x31 ./TEXT_LCD.cpp.o
 .ARM.attributes
                0x000000d5       0x31 C:/AndroXStudio/workspace/ROBOEX_3WD_PSD/Release/arduino.ar(wiring.c.o)
 .ARM.attributes
                0x00000106       0x31 C:/AndroXStudio/workspace/ROBOEX_3WD_PSD/Release/arduino.ar(wiring_analog.c.o)
 .ARM.attributes
                0x00000137       0x31 C:/AndroXStudio/workspace/ROBOEX_3WD_PSD/Release/arduino.ar(wiring_digital.c.o)
 .ARM.attributes
                0x00000168       0x31 C:/AndroXStudio/workspace/ROBOEX_3WD_PSD/Release/arduino.ar(variant.cpp.o)
 .ARM.attributes
                0x00000199       0x31 C:/AndroXStudio/workspace/ROBOEX_3WD_PSD/Release/arduino.ar(RingBuffer.cpp.o)
 .ARM.attributes
                0x000001ca       0x31 C:/AndroXStudio/workspace/ROBOEX_3WD_PSD/Release/arduino.ar(UARTClass.cpp.o)
 .ARM.attributes
                0x000001fb       0x31 C:/AndroXStudio/workspace/ROBOEX_3WD_PSD/Release/arduino.ar(USARTClass.cpp.o)
 .ARM.attributes
                0x0000022c       0x31 C:/AndroXStudio/workspace/ROBOEX_3WD_PSD/Release/arduino.ar(cxxabi-compat.cpp.o)
 .ARM.attributes
                0x0000025d       0x31 C:/AndroXStudio/workspace/ROBOEX_3WD_PSD/Release/arduino.ar(hooks.c.o)
 .ARM.attributes
                0x0000028e       0x31 C:/AndroXStudio/workspace/ROBOEX_3WD_PSD/Release/arduino.ar(Print.cpp.o)
 .ARM.attributes
                0x000002bf       0x31 C:/AndroXStudio/workspace/ROBOEX_3WD_PSD/Release/arduino.ar(WString.cpp.o)
 .ARM.attributes
                0x000002f0       0x31 C:/AndroXStudio/workspace/ROBOEX_3WD_PSD/Release/arduino.ar(itoa.c.o)
 .ARM.attributes
                0x00000321       0x31 C:/AndroXStudio/workspace/ROBOEX_3WD_PSD/Release/arduino.ar(dtostrf.c.o)
 .ARM.attributes
                0x00000352       0x31 C:/AndroXStudio/legacy/arduino/hardware/arduino/sam/variants/arduino_due_x/libsam_sam3x8e_gcc_rel.a(pio.o)
 .ARM.attributes
                0x00000383       0x31 C:/AndroXStudio/legacy/arduino/hardware/arduino/sam/variants/arduino_due_x/libsam_sam3x8e_gcc_rel.a(pmc.o)
 .ARM.attributes
                0x000003b4       0x31 C:/AndroXStudio/legacy/arduino/hardware/arduino/sam/variants/arduino_due_x/libsam_sam3x8e_gcc_rel.a(pwmc.o)
 .ARM.attributes
                0x000003e5       0x31 C:/AndroXStudio/legacy/arduino/hardware/arduino/sam/variants/arduino_due_x/libsam_sam3x8e_gcc_rel.a(tc.o)
 .ARM.attributes
                0x00000416       0x31 C:/AndroXStudio/legacy/arduino/hardware/arduino/sam/variants/arduino_due_x/libsam_sam3x8e_gcc_rel.a(timetick.o)
 .ARM.attributes
                0x00000447       0x31 C:/AndroXStudio/legacy/arduino/hardware/arduino/sam/variants/arduino_due_x/libsam_sam3x8e_gcc_rel.a(wdt.o)
 .ARM.attributes
                0x00000478       0x31 C:/AndroXStudio/legacy/arduino/hardware/arduino/sam/variants/arduino_due_x/libsam_sam3x8e_gcc_rel.a(system_sam3xa.o)
 .ARM.attributes
                0x000004a9       0x31 C:/AndroXStudio/legacy/arduino/hardware/arduino/sam/variants/arduino_due_x/libsam_sam3x8e_gcc_rel.a(startup_sam3xa.o)
 .ARM.attributes
                0x000004da       0x31 C:/AndroXStudio/legacy/arduino/hardware/arduino/sam/variants/arduino_due_x/libsam_sam3x8e_gcc_rel.a(adc.o)
 .ARM.attributes
                0x0000050b       0x31 C:/AndroXStudio/legacy/arduino/hardware/arduino/sam/variants/arduino_due_x/libsam_sam3x8e_gcc_rel.a(uotghs.o)
 .ARM.attributes
                0x0000053c       0x31 C:/AndroXStudio/legacy/arduino/hardware/arduino/sam/variants/arduino_due_x/libsam_sam3x8e_gcc_rel.a(dacc.o)
 .ARM.attributes
                0x0000056d       0x31 C:/AndroXStudio/workspace/ROBOEX_3WD_PSD/Release/arduino.ar(Timer_Int.c.o)
 .ARM.attributes
                0x0000059e       0x31 C:/AndroXStudio/workspace/ROBOEX_3WD_PSD/Release/arduino.ar(WInterrupts.c.o)
 .ARM.attributes
                0x000005cf       0x31 C:/AndroXStudio/workspace/ROBOEX_3WD_PSD/Release/arduino.ar(Wire.cpp.o)
 .ARM.attributes
                0x00000600       0x31 C:/AndroXStudio/workspace/ROBOEX_3WD_PSD/Release/arduino.ar(cortex_handlers.c.o)
 .ARM.attributes
                0x00000631       0x31 C:/AndroXStudio/workspace/ROBOEX_3WD_PSD/Release/arduino.ar(main.cpp.o)
 .ARM.attributes
                0x00000662       0x31 C:/AndroXStudio/workspace/ROBOEX_3WD_PSD/Release/arduino.ar(USBCore.cpp.o)
 .ARM.attributes
                0x00000693       0x31 C:/AndroXStudio/workspace/ROBOEX_3WD_PSD/Release/arduino.ar(Reset.cpp.o)
 .ARM.attributes
                0x000006c4       0x31 C:/AndroXStudio/workspace/ROBOEX_3WD_PSD/Release/arduino.ar(CDC.cpp.o)
 .ARM.attributes
                0x000006f5       0x31 C:/AndroXStudio/workspace/ROBOEX_3WD_PSD/Release/arduino.ar(HID.cpp.o)
 .ARM.attributes
                0x00000726       0x31 C:/AndroXStudio/legacy/arduino/hardware/arduino/sam/variants/arduino_due_x/libsam_sam3x8e_gcc_rel.a(twi.o)
 .ARM.attributes
                0x00000757       0x31 C:/AndroXStudio/legacy/arduino/hardware/arduino/sam/variants/arduino_due_x/libsam_sam3x8e_gcc_rel.a(interrupt_sam_nvic.o)
 .ARM.attributes
                0x00000788       0x31 C:/AndroXStudio/legacy/arduino/hardware/arduino/sam/variants/arduino_due_x/libsam_sam3x8e_gcc_rel.a(uotghs_device.o)
 .ARM.attributes
                0x000007b9       0x29 c:/androxstudio/legacy/arduino/hardware/tools/g++_arm_none_eabi/bin/../lib/gcc/arm-none-eabi/4.4.1/../../../../arm-none-eabi/lib/thumb2\libm.a(lib_a-s_isinfd.o)
 .ARM.attributes
                0x000007e2       0x29 c:/androxstudio/legacy/arduino/hardware/tools/g++_arm_none_eabi/bin/../lib/gcc/arm-none-eabi/4.4.1/../../../../arm-none-eabi/lib/thumb2\libm.a(lib_a-s_isnand.o)
 .ARM.attributes
                0x0000080b       0x1b c:/androxstudio/legacy/arduino/hardware/tools/g++_arm_none_eabi/bin/../lib/gcc/arm-none-eabi/4.4.1/thumb2\libgcc.a(_arm_addsubdf3.o)
 .ARM.attributes
                0x00000826       0x1b c:/androxstudio/legacy/arduino/hardware/tools/g++_arm_none_eabi/bin/../lib/gcc/arm-none-eabi/4.4.1/thumb2\libgcc.a(_arm_muldivdf3.o)
 .ARM.attributes
                0x00000841       0x1b c:/androxstudio/legacy/arduino/hardware/tools/g++_arm_none_eabi/bin/../lib/gcc/arm-none-eabi/4.4.1/thumb2\libgcc.a(_arm_cmpdf2.o)
 .ARM.attributes
                0x0000085c       0x1b c:/androxstudio/legacy/arduino/hardware/tools/g++_arm_none_eabi/bin/../lib/gcc/arm-none-eabi/4.4.1/thumb2\libgcc.a(_arm_fixdfsi.o)
 .ARM.attributes
                0x00000877       0x1b c:/androxstudio/legacy/arduino/hardware/tools/g++_arm_none_eabi/bin/../lib/gcc/arm-none-eabi/4.4.1/thumb2\libgcc.a(_arm_fixunsdfsi.o)
 .ARM.attributes
                0x00000892       0x1b c:/androxstudio/legacy/arduino/hardware/tools/g++_arm_none_eabi/bin/../lib/gcc/arm-none-eabi/4.4.1/thumb2\libgcc.a(_arm_truncdfsf2.o)
 .ARM.attributes
                0x000008ad       0x1b c:/androxstudio/legacy/arduino/hardware/tools/g++_arm_none_eabi/bin/../lib/gcc/arm-none-eabi/4.4.1/thumb2\libgcc.a(_arm_addsubsf3.o)
 .ARM.attributes
                0x000008c8       0x1b c:/androxstudio/legacy/arduino/hardware/tools/g++_arm_none_eabi/bin/../lib/gcc/arm-none-eabi/4.4.1/thumb2\libgcc.a(_arm_muldivsf3.o)
 .ARM.attributes
                0x000008e3       0x1b c:/androxstudio/legacy/arduino/hardware/tools/g++_arm_none_eabi/bin/../lib/gcc/arm-none-eabi/4.4.1/thumb2\libgcc.a(_arm_fixunssfsi.o)
 .ARM.attributes
                0x000008fe       0x29 c:/androxstudio/legacy/arduino/hardware/tools/g++_arm_none_eabi/bin/../lib/gcc/arm-none-eabi/4.4.1/../../../../arm-none-eabi/lib/thumb2\libc.a(lib_a-assert.o)
 .ARM.attributes
                0x00000927       0x29 c:/androxstudio/legacy/arduino/hardware/tools/g++_arm_none_eabi/bin/../lib/gcc/arm-none-eabi/4.4.1/../../../../arm-none-eabi/lib/thumb2\libc.a(lib_a-atof.o)
 .ARM.attributes
                0x00000950       0x29 c:/androxstudio/legacy/arduino/hardware/tools/g++_arm_none_eabi/bin/../lib/gcc/arm-none-eabi/4.4.1/../../../../arm-none-eabi/lib/thumb2\libc.a(lib_a-atol.o)
 .ARM.attributes
                0x00000979       0x29 c:/androxstudio/legacy/arduino/hardware/tools/g++_arm_none_eabi/bin/../lib/gcc/arm-none-eabi/4.4.1/../../../../arm-none-eabi/lib/thumb2\libc.a(lib_a-fiprintf.o)
 .ARM.attributes
                0x000009a2       0x29 c:/androxstudio/legacy/arduino/hardware/tools/g++_arm_none_eabi/bin/../lib/gcc/arm-none-eabi/4.4.1/../../../../arm-none-eabi/lib/thumb2\libc.a(lib_a-impure.o)
 .ARM.attributes
                0x000009cb       0x29 c:/androxstudio/legacy/arduino/hardware/tools/g++_arm_none_eabi/bin/../lib/gcc/arm-none-eabi/4.4.1/../../../../arm-none-eabi/lib/thumb2\libc.a(lib_a-init.o)
 .ARM.attributes
                0x000009f4       0x29 c:/androxstudio/legacy/arduino/hardware/tools/g++_arm_none_eabi/bin/../lib/gcc/arm-none-eabi/4.4.1/../../../../arm-none-eabi/lib/thumb2\libc.a(lib_a-iprintf.o)
 .ARM.attributes
                0x00000a1d       0x29 c:/androxstudio/legacy/arduino/hardware/tools/g++_arm_none_eabi/bin/../lib/gcc/arm-none-eabi/4.4.1/../../../../arm-none-eabi/lib/thumb2\libc.a(lib_a-isspace.o)
 .ARM.attributes
                0x00000a46       0x29 c:/androxstudio/legacy/arduino/hardware/tools/g++_arm_none_eabi/bin/../lib/gcc/arm-none-eabi/4.4.1/../../../../arm-none-eabi/lib/thumb2\libc.a(lib_a-malloc.o)
 .ARM.attributes
                0x00000a6f       0x29 c:/androxstudio/legacy/arduino/hardware/tools/g++_arm_none_eabi/bin/../lib/gcc/arm-none-eabi/4.4.1/../../../../arm-none-eabi/lib/thumb2\libc.a(lib_a-mallocr.o)
 .ARM.attributes
                0x00000a98       0x29 c:/androxstudio/legacy/arduino/hardware/tools/g++_arm_none_eabi/bin/../lib/gcc/arm-none-eabi/4.4.1/../../../../arm-none-eabi/lib/thumb2\libc.a(lib_a-memcpy.o)
 .ARM.attributes
                0x00000ac1       0x29 c:/androxstudio/legacy/arduino/hardware/tools/g++_arm_none_eabi/bin/../lib/gcc/arm-none-eabi/4.4.1/../../../../arm-none-eabi/lib/thumb2\libc.a(lib_a-memmove.o)
 .ARM.attributes
                0x00000aea       0x29 c:/androxstudio/legacy/arduino/hardware/tools/g++_arm_none_eabi/bin/../lib/gcc/arm-none-eabi/4.4.1/../../../../arm-none-eabi/lib/thumb2\libc.a(lib_a-memset.o)
 .ARM.attributes
                0x00000b13       0x29 c:/androxstudio/legacy/arduino/hardware/tools/g++_arm_none_eabi/bin/../lib/gcc/arm-none-eabi/4.4.1/../../../../arm-none-eabi/lib/thumb2\libc.a(lib_a-mlock.o)
 .ARM.attributes
                0x00000b3c       0x29 c:/androxstudio/legacy/arduino/hardware/tools/g++_arm_none_eabi/bin/../lib/gcc/arm-none-eabi/4.4.1/../../../../arm-none-eabi/lib/thumb2\libc.a(lib_a-realloc.o)
 .ARM.attributes
                0x00000b65       0x29 c:/androxstudio/legacy/arduino/hardware/tools/g++_arm_none_eabi/bin/../lib/gcc/arm-none-eabi/4.4.1/../../../../arm-none-eabi/lib/thumb2\libc.a(lib_a-reallocr.o)
 .ARM.attributes
                0x00000b8e       0x29 c:/androxstudio/legacy/arduino/hardware/tools/g++_arm_none_eabi/bin/../lib/gcc/arm-none-eabi/4.4.1/../../../../arm-none-eabi/lib/thumb2\libc.a(lib_a-sbrkr.o)
 .ARM.attributes
                0x00000bb7       0x29 c:/androxstudio/legacy/arduino/hardware/tools/g++_arm_none_eabi/bin/../lib/gcc/arm-none-eabi/4.4.1/../../../../arm-none-eabi/lib/thumb2\libc.a(lib_a-sprintf.o)
 .ARM.attributes
                0x00000be0       0x29 c:/androxstudio/legacy/arduino/hardware/tools/g++_arm_none_eabi/bin/../lib/gcc/arm-none-eabi/4.4.1/../../../../arm-none-eabi/lib/thumb2\libc.a(lib_a-strchr.o)
 .ARM.attributes
                0x00000c09       0x29 c:/androxstudio/legacy/arduino/hardware/tools/g++_arm_none_eabi/bin/../lib/gcc/arm-none-eabi/4.4.1/../../../../arm-none-eabi/lib/thumb2\libc.a(lib_a-strcmp.o)
 .ARM.attributes
                0x00000c32       0x29 c:/androxstudio/legacy/arduino/hardware/tools/g++_arm_none_eabi/bin/../lib/gcc/arm-none-eabi/4.4.1/../../../../arm-none-eabi/lib/thumb2\libc.a(lib_a-strcpy.o)
 .ARM.attributes
                0x00000c5b       0x29 c:/androxstudio/legacy/arduino/hardware/tools/g++_arm_none_eabi/bin/../lib/gcc/arm-none-eabi/4.4.1/../../../../arm-none-eabi/lib/thumb2\libc.a(lib_a-strlen.o)
 .ARM.attributes
                0x00000c84       0x29 c:/androxstudio/legacy/arduino/hardware/tools/g++_arm_none_eabi/bin/../lib/gcc/arm-none-eabi/4.4.1/../../../../arm-none-eabi/lib/thumb2\libc.a(lib_a-strncmp.o)
 .ARM.attributes
                0x00000cad       0x29 c:/androxstudio/legacy/arduino/hardware/tools/g++_arm_none_eabi/bin/../lib/gcc/arm-none-eabi/4.4.1/../../../../arm-none-eabi/lib/thumb2\libc.a(lib_a-strncpy.o)
 .ARM.attributes
                0x00000cd6       0x29 c:/androxstudio/legacy/arduino/hardware/tools/g++_arm_none_eabi/bin/../lib/gcc/arm-none-eabi/4.4.1/../../../../arm-none-eabi/lib/thumb2\libc.a(lib_a-strrchr.o)
 .ARM.attributes
                0x00000cff       0x29 c:/androxstudio/legacy/arduino/hardware/tools/g++_arm_none_eabi/bin/../lib/gcc/arm-none-eabi/4.4.1/../../../../arm-none-eabi/lib/thumb2\libc.a(lib_a-strstr.o)
 .ARM.attributes
                0x00000d28       0x29 c:/androxstudio/legacy/arduino/hardware/tools/g++_arm_none_eabi/bin/../lib/gcc/arm-none-eabi/4.4.1/../../../../arm-none-eabi/lib/thumb2\libc.a(lib_a-strtod.o)
 .ARM.attributes
                0x00000d51       0x29 c:/androxstudio/legacy/arduino/hardware/tools/g++_arm_none_eabi/bin/../lib/gcc/arm-none-eabi/4.4.1/../../../../arm-none-eabi/lib/thumb2\libc.a(lib_a-strtol.o)
 .ARM.attributes
                0x00000d7a       0x29 c:/androxstudio/legacy/arduino/hardware/tools/g++_arm_none_eabi/bin/../lib/gcc/arm-none-eabi/4.4.1/../../../../arm-none-eabi/lib/thumb2\libc.a(lib_a-svfprintf.o)
 .ARM.attributes
                0x00000da3       0x29 c:/androxstudio/legacy/arduino/hardware/tools/g++_arm_none_eabi/bin/../lib/gcc/arm-none-eabi/4.4.1/../../../../arm-none-eabi/lib/thumb2\libc.a(lib_a-tolower.o)
 .ARM.attributes
                0x00000dcc       0x29 c:/androxstudio/legacy/arduino/hardware/tools/g++_arm_none_eabi/bin/../lib/gcc/arm-none-eabi/4.4.1/../../../../arm-none-eabi/lib/thumb2\libc.a(lib_a-toupper.o)
 .ARM.attributes
                0x00000df5       0x29 c:/androxstudio/legacy/arduino/hardware/tools/g++_arm_none_eabi/bin/../lib/gcc/arm-none-eabi/4.4.1/../../../../arm-none-eabi/lib/thumb2\libc.a(lib_a-vfiprintf.o)
 .ARM.attributes
                0x00000e1e       0x29 c:/androxstudio/legacy/arduino/hardware/tools/g++_arm_none_eabi/bin/../lib/gcc/arm-none-eabi/4.4.1/../../../../arm-none-eabi/lib/thumb2\libc.a(lib_a-wsetup.o)
 .ARM.attributes
                0x00000e47       0x29 c:/androxstudio/legacy/arduino/hardware/tools/g++_arm_none_eabi/bin/../lib/gcc/arm-none-eabi/4.4.1/../../../../arm-none-eabi/lib/thumb2\libc.a(lib_a-abort.o)
 .ARM.attributes
                0x00000e70       0x29 c:/androxstudio/legacy/arduino/hardware/tools/g++_arm_none_eabi/bin/../lib/gcc/arm-none-eabi/4.4.1/../../../../arm-none-eabi/lib/thumb2\libc.a(lib_a-ctype_.o)
 .ARM.attributes
                0x00000e99       0x29 c:/androxstudio/legacy/arduino/hardware/tools/g++_arm_none_eabi/bin/../lib/gcc/arm-none-eabi/4.4.1/../../../../arm-none-eabi/lib/thumb2\libc.a(lib_a-dtoa.o)
 .ARM.attributes
                0x00000ec2       0x29 c:/androxstudio/legacy/arduino/hardware/tools/g++_arm_none_eabi/bin/../lib/gcc/arm-none-eabi/4.4.1/../../../../arm-none-eabi/lib/thumb2\libc.a(lib_a-fflush.o)
 .ARM.attributes
                0x00000eeb       0x29 c:/androxstudio/legacy/arduino/hardware/tools/g++_arm_none_eabi/bin/../lib/gcc/arm-none-eabi/4.4.1/../../../../arm-none-eabi/lib/thumb2\libc.a(lib_a-findfp.o)
 .ARM.attributes
                0x00000f14       0x29 c:/androxstudio/legacy/arduino/hardware/tools/g++_arm_none_eabi/bin/../lib/gcc/arm-none-eabi/4.4.1/../../../../arm-none-eabi/lib/thumb2\libc.a(lib_a-freer.o)
 .ARM.attributes
                0x00000f3d       0x29 c:/androxstudio/legacy/arduino/hardware/tools/g++_arm_none_eabi/bin/../lib/gcc/arm-none-eabi/4.4.1/../../../../arm-none-eabi/lib/thumb2\libc.a(lib_a-fvwrite.o)
 .ARM.attributes