Archive member included because of file (symbol)

C:/AndroXStudio/workspace/ROBOEX_3WD_CAN_MASTER/Release/arduino.ar(WInterrupts.c.o)
                              ./ROBOEX_3WD_CAN_MASTER.cpp.o (attachInterrupt)
C:/AndroXStudio/workspace/ROBOEX_3WD_CAN_MASTER/Release/arduino.ar(due_can.cpp.o)
                              ./ROBOEX_3WD_CAN_MASTER.cpp.o (CANRaw::global_send_transfer_cmd(unsigned char))
C:/AndroXStudio/workspace/ROBOEX_3WD_CAN_MASTER/Release/arduino.ar(sn65hvd234.cpp.o)
                              C:/AndroXStudio/workspace/ROBOEX_3WD_CAN_MASTER/Release/arduino.ar(due_can.cpp.o) (SSN65HVD234::DisableLowPower())
C:/AndroXStudio/workspace/ROBOEX_3WD_CAN_MASTER/Release/arduino.ar(wiring.c.o)
                              ./ROBOEX_3WD_CAN_MASTER.cpp.o (millis)
C:/AndroXStudio/workspace/ROBOEX_3WD_CAN_MASTER/Release/arduino.ar(wiring_digital.c.o)
                              ./ROBOEX_3WD_CAN_MASTER.cpp.o (digitalWrite)
C:/AndroXStudio/workspace/ROBOEX_3WD_CAN_MASTER/Release/arduino.ar(variant.cpp.o)
                              C:/AndroXStudio/workspace/ROBOEX_3WD_CAN_MASTER/Release/arduino.ar(WInterrupts.c.o) (g_APinDescription)
C:/AndroXStudio/workspace/ROBOEX_3WD_CAN_MASTER/Release/arduino.ar(RingBuffer.cpp.o)
                              C:/AndroXStudio/workspace/ROBOEX_3WD_CAN_MASTER/Release/arduino.ar(variant.cpp.o) (RingBuffer::RingBuffer())
C:/AndroXStudio/workspace/ROBOEX_3WD_CAN_MASTER/Release/arduino.ar(UARTClass.cpp.o)
                              C:/AndroXStudio/workspace/ROBOEX_3WD_CAN_MASTER/Release/arduino.ar(variant.cpp.o) (UARTClass::UARTClass(Uart*, IRQn, unsigned long, RingBuffer*))
C:/AndroXStudio/workspace/ROBOEX_3WD_CAN_MASTER/Release/arduino.ar(USARTClass.cpp.o)
                              C:/AndroXStudio/workspace/ROBOEX_3WD_CAN_MASTER/Release/arduino.ar(variant.cpp.o) (USARTClass::USARTClass(Usart*, IRQn, unsigned long, RingBuffer*))
C:/AndroXStudio/workspace/ROBOEX_3WD_CAN_MASTER/Release/arduino.ar(cxxabi-compat.cpp.o)
                              C:/AndroXStudio/workspace/ROBOEX_3WD_CAN_MASTER/Release/arduino.ar(UARTClass.cpp.o) (__cxa_pure_virtual)
C:/AndroXStudio/workspace/ROBOEX_3WD_CAN_MASTER/Release/arduino.ar(hooks.c.o)
                              C:/AndroXStudio/workspace/ROBOEX_3WD_CAN_MASTER/Release/arduino.ar(wiring.c.o) (yield)
C:/AndroXStudio/workspace/ROBOEX_3WD_CAN_MASTER/Release/arduino.ar(wiring_analog.c.o)
                              C:/AndroXStudio/workspace/ROBOEX_3WD_CAN_MASTER/Release/arduino.ar(variant.cpp.o) (analogOutputInit)
C:/AndroXStudio/workspace/ROBOEX_3WD_CAN_MASTER/Release/arduino.ar(Print.cpp.o)
                              C:/AndroXStudio/workspace/ROBOEX_3WD_CAN_MASTER/Release/arduino.ar(UARTClass.cpp.o) (Print::write(unsigned char const*, unsigned int))
C:/AndroXStudio/workspace/ROBOEX_3WD_CAN_MASTER/Release/arduino.ar(WString.cpp.o)
                              C:/AndroXStudio/workspace/ROBOEX_3WD_CAN_MASTER/Release/arduino.ar(Print.cpp.o) (String::operator[](unsigned int) const)
C:/AndroXStudio/workspace/ROBOEX_3WD_CAN_MASTER/Release/arduino.ar(itoa.c.o)
                              C:/AndroXStudio/workspace/ROBOEX_3WD_CAN_MASTER/Release/arduino.ar(WString.cpp.o) (ltoa)
C:/AndroXStudio/workspace/ROBOEX_3WD_CAN_MASTER/Release/arduino.ar(dtostrf.c.o)
                              C:/AndroXStudio/workspace/ROBOEX_3WD_CAN_MASTER/Release/arduino.ar(WString.cpp.o) (dtostrf)
C:/AndroXStudio/legacy/arduino/hardware/arduino/sam/variants/arduino_due_x/libsam_sam3x8e_gcc_rel.a(pio.o)
                              C:/AndroXStudio/workspace/ROBOEX_3WD_CAN_MASTER/Release/arduino.ar(wiring_digital.c.o) (PIO_PullUp)
C:/AndroXStudio/legacy/arduino/hardware/arduino/sam/variants/arduino_due_x/libsam_sam3x8e_gcc_rel.a(pmc.o)
                              C:/AndroXStudio/workspace/ROBOEX_3WD_CAN_MASTER/Release/arduino.ar(WInterrupts.c.o) (pmc_enable_periph_clk)
C:/AndroXStudio/legacy/arduino/hardware/arduino/sam/variants/arduino_due_x/libsam_sam3x8e_gcc_rel.a(pwmc.o)
                              C:/AndroXStudio/workspace/ROBOEX_3WD_CAN_MASTER/Release/arduino.ar(wiring_analog.c.o) (PWMC_ConfigureChannel)
C:/AndroXStudio/legacy/arduino/hardware/arduino/sam/variants/arduino_due_x/libsam_sam3x8e_gcc_rel.a(tc.o)
                              C:/AndroXStudio/workspace/ROBOEX_3WD_CAN_MASTER/Release/arduino.ar(wiring_analog.c.o) (TC_Configure)
C:/AndroXStudio/legacy/arduino/hardware/arduino/sam/variants/arduino_due_x/libsam_sam3x8e_gcc_rel.a(timetick.o)
                              C:/AndroXStudio/workspace/ROBOEX_3WD_CAN_MASTER/Release/arduino.ar(wiring.c.o) (GetTickCount)
C:/AndroXStudio/legacy/arduino/hardware/arduino/sam/variants/arduino_due_x/libsam_sam3x8e_gcc_rel.a(wdt.o)
                              C:/AndroXStudio/workspace/ROBOEX_3WD_CAN_MASTER/Release/arduino.ar(variant.cpp.o) (WDT_Disable)
[...]
Memory Configuration

Name             Origin             Length             Attributes
rom              0x00080000         0x00080000         xr
sram0            0x20000000         0x00010000         xrw
sram1            0x20080000         0x00008000         xrw
ram              0x20070000         0x00018000         xrw
*default*        0x00000000         0xffffffff

Linker script and memory map

LOAD c:/androxstudio/legacy/arduino/hardware/tools/g++_arm_none_eabi/bin/../lib/gcc/arm-none-eabi/4.4.1/thumb2/crti.o
LOAD c:/androxstudio/legacy/arduino/hardware/tools/g++_arm_none_eabi/bin/../lib/gcc/arm-none-eabi/4.4.1/thumb2/crtbegin.o
LOAD c:/androxstudio/legacy/arduino/hardware/tools/g++_arm_none_eabi/bin/../lib/gcc/arm-none-eabi/4.4.1/thumb2\libgcc.a
START GROUP
LOAD C:/AndroXStudio/workspace/ROBOEX_3WD_CAN_MASTER/Release/arduino/syscalls_sam3.c.o
LOAD ./ROBOEX_3WD_CAN_MASTER.cpp.o
LOAD C:/AndroXStudio/workspace/ROBOEX_3WD_CAN_MASTER/Release/arduino.ar
LOAD C:/AndroXStudio/legacy/arduino/hardware/arduino/sam/variants/arduino_due_x/libsam_sam3x8e_gcc_rel.a
LOAD C:/AndroXStudio/workspace/ROBOEX_3WD_CAN_MASTER/Release/arduino.ar
END GROUP
LOAD c:/androxstudio/legacy/arduino/hardware/tools/g++_arm_none_eabi/bin/../lib/gcc/arm-none-eabi/4.4.1/../../../../arm-none-eabi/lib/thumb2\libstdc++.a
LOAD c:/androxstudio/legacy/arduino/hardware/tools/g++_arm_none_eabi/bin/../lib/gcc/arm-none-eabi/4.4.1/../../../../arm-none-eabi/lib/thumb2\libm.a
START GROUP
LOAD c:/androxstudio/legacy/arduino/hardware/tools/g++_arm_none_eabi/bin/../lib/gcc/arm-none-eabi/4.4.1/thumb2\libgcc.a
LOAD c:/androxstudio/legacy/arduino/hardware/tools/g++_arm_none_eabi/bin/../lib/gcc/arm-none-eabi/4.4.1/../../../../arm-none-eabi/lib/thumb2\libc.a
END GROUP
LOAD c:/androxstudio/legacy/arduino/hardware/tools/g++_arm_none_eabi/bin/../lib/gcc/arm-none-eabi/4.4.1/thumb2/crtend.o
LOAD c:/androxstudio/legacy/arduino/hardware/tools/g++_arm_none_eabi/bin/../lib/gcc/arm-none-eabi/4.4.1/thumb2/crtn.o

.text           0x00080000    0x12a90
                0x00080000                . = ALIGN (0x4)
                0x00080000                _sfixed = .
 *(.vectors .vectors.*)
 .vectors       0x00080000       0xf4 C:/AndroXStudio/legacy/arduino/hardware/arduino/sam/variants/arduino_due_x/libsam_sam3x8e_gcc_rel.a(startup_sam3xa.o)
                0x00080000                exception_table
 *(.text .text.* .gnu.linkonce.t.*)
 .text          0x000800f4       0x30 c:/androxstudio/legacy/arduino/hardware/tools/g++_arm_none_eabi/bin/../lib/gcc/arm-none-eabi/4.4.1/thumb2/crtbegin.o
 .text._sbrk    0x00080124       0x20 C:/AndroXStudio/workspace/ROBOEX_3WD_CAN_MASTER/Release/arduino/syscalls_sam3.c.o
                0x00080124                _sbrk
 .text._close   0x00080144        0x6 C:/AndroXStudio/workspace/ROBOEX_3WD_CAN_MASTER/Release/arduino/syscalls_sam3.c.o
                0x00080144                _close
 .text._fstat   0x0008014a        0xa C:/AndroXStudio/workspace/ROBOEX_3WD_CAN_MASTER/Release/arduino/syscalls_sam3.c.o
                0x0008014a                _fstat
 .text._isatty  0x00080154        0x4 C:/AndroXStudio/workspace/ROBOEX_3WD_CAN_MASTER/Release/arduino/syscalls_sam3.c.o
                0x00080154                _isatty
 .text._lseek   0x00080158        0x4 C:/AndroXStudio/workspace/ROBOEX_3WD_CAN_MASTER/Release/arduino/syscalls_sam3.c.o
                0x00080158                _lseek
 .text._read    0x0008015c        0x4 C:/AndroXStudio/workspace/ROBOEX_3WD_CAN_MASTER/Release/arduino/syscalls_sam3.c.o
                0x0008015c                _read
 .text._write   0x00080160       0x20 C:/AndroXStudio/workspace/ROBOEX_3WD_CAN_MASTER/Release/arduino/syscalls_sam3.c.o
                0x00080160                _write
 .text._kill    0x00080180        0x2 C:/AndroXStudio/workspace/ROBOEX_3WD_CAN_MASTER/Release/arduino/syscalls_sam3.c.o
                0x00080180                _kill
 .text._getpid  0x00080182        0x6 C:/AndroXStudio/workspace/ROBOEX_3WD_CAN_MASTER/Release/arduino/syscalls_sam3.c.o
                0x00080182                _getpid
 .text._exit    0x00080188       0x10 C:/AndroXStudio/workspace/ROBOEX_3WD_CAN_MASTER/Release/arduino/syscalls_sam3.c.o
                0x00080188                _exit
 .text._Z7LED_OFFv
                0x00080198       0x20 ./ROBOEX_3WD_CAN_MASTER.cpp.o
                0x00080198                LED_OFF()
 .text._Z4G_ONv
                0x000801b8       0x20 ./ROBOEX_3WD_CAN_MASTER.cpp.o
                0x000801b8                G_ON()
 .text._Z4Y_ONv
                0x000801d8       0x20 ./ROBOEX_3WD_CAN_MASTER.cpp.o
                0x000801d8                Y_ON()
 .text._Z5GY_ONv
                0x000801f8       0x20 ./ROBOEX_3WD_CAN_MASTER.cpp.o
                0x000801f8                GY_ON()
 .text._Z12LCD_data_outc
                0x00080218       0x24 ./ROBOEX_3WD_CAN_MASTER.cpp.o
                0x00080218                LCD_data_out(char)
 .text._Z9LCD_writehhh
                0x0008023c       0x78 ./ROBOEX_3WD_CAN_MASTER.cpp.o
                0x0008023c                LCD_write(unsigned char, unsigned char, unsigned char)
 .text._Z15Character_writehch
                0x000802b4       0x94 ./ROBOEX_3WD_CAN_MASTER.cpp.o
                0x000802b4                Character_write(unsigned char, char, unsigned char)
 .text._Z18Display_Start_Lineh
                0x00080348        0xc ./ROBOEX_3WD_CAN_MASTER.cpp.o
                0x00080348                Display_Start_Line(unsigned char)
 .text._Z8Cursor_Yh
                0x00080354       0x10 ./ROBOEX_3WD_CAN_MASTER.cpp.o
                0x00080354                Cursor_Y(unsigned char)
 .text._Z20Character_print_dataPch
                0x00080364       0x2e ./ROBOEX_3WD_CAN_MASTER.cpp.o
                0x00080364                Character_print_data(char*, unsigned char)
 .text._Z8Cursor_Xh
                0x00080392       0x10 ./ROBOEX_3WD_CAN_MASTER.cpp.o
                0x00080392                Cursor_X(unsigned char)
 .text._Z9LCD_clearv
                0x000803a2       0x2a ./ROBOEX_3WD_CAN_MASTER.cpp.o
                0x000803a2                LCD_clear()
 .text._Z11LED_con_outv
                0x000803cc       0x70 ./ROBOEX_3WD_CAN_MASTER.cpp.o
                0x000803cc                LED_con_out()
 .text._Z15background_initv
                0x0008043c       0xd4 ./ROBOEX_3WD_CAN_MASTER.cpp.o
                0x0008043c                background_init()
 .text._Z8LCD_initv
                0x00080510       0x5c ./ROBOEX_3WD_CAN_MASTER.cpp.o
                0x00080510                LCD_init()
 .text._Z11CAN_RX_inithh
                0x0008056c       0x3c ./ROBOEX_3WD_CAN_MASTER.cpp.o
                0x0008056c                CAN_RX_init(unsigned char, unsigned char)
 .text._Z11CAN_TX_inithhh
                0x000805a8       0x50 ./ROBOEX_3WD_CAN_MASTER.cpp.o
                0x000805a8                CAN_TX_init(unsigned char, unsigned char, unsigned char)
 .text.loop     0x000805f8       0xf0 ./ROBOEX_3WD_CAN_MASTER.cpp.o
                0x000805f8                loop
 .text.setup    0x000806e8      0x110 ./ROBOEX_3WD_CAN_MASTER.cpp.o
                0x000806e8                setup
 .text.PIOA_Handler
                0x000807f8       0x2c C:/AndroXStudio/workspace/ROBOEX_3WD_CAN_MASTER/Release/arduino.ar(WInterrupts.c.o)
                0x000807f8                PIOA_Handler
 .text.PIOB_Handler
                0x00080824       0x2c C:/AndroXStudio/workspace/ROBOEX_3WD_CAN_MASTER/Release/arduino.ar(WInterrupts.c.o)
                0x00080824                PIOB_Handler
 .text.PIOC_Handler
                0x00080850       0x2c C:/AndroXStudio/workspace/ROBOEX_3WD_CAN_MASTER/Release/arduino.ar(WInterrupts.c.o)
                0x00080850                PIOC_Handler
 .text.PIOD_Handler
                0x0008087c       0x2c C:/AndroXStudio/workspace/ROBOEX_3WD_CAN_MASTER/Release/arduino.ar(WInterrupts.c.o)
                0x0008087c                PIOD_Handler
 .text.attachInterrupt
                0x000808a8      0x154 C:/AndroXStudio/workspace/ROBOEX_3WD_CAN_MASTER/Release/arduino.ar(WInterrupts.c.o)
                0x000808a8                attachInterrupt
 .text._ZN6CANRaw12set_baudrateEmm
                0x000809fc       0xbc C:/AndroXStudio/workspace/ROBOEX_3WD_CAN_MASTER/Release/arduino.ar(due_can.cpp.o)
                0x000809fc                CANRaw::set_baudrate(unsigned long, unsigned long)
 .text._ZN6CANRaw6enableEv
                0x00080ab8        0xc C:/AndroXStudio/workspace/ROBOEX_3WD_CAN_MASTER/Release/arduino.ar(due_can.cpp.o)
                0x00080ab8                CANRaw::enable()
 .text._ZN6CANRaw24global_send_transfer_cmdEh
                0x00080ac4       0x10 C:/AndroXStudio/workspace/ROBOEX_3WD_CAN_MASTER/Release/arduino.ar(due_can.cpp.o)
                0x00080ac4                CANRaw::global_send_transfer_cmd(unsigned char)
 .text._ZN6CANRaw21global_send_abort_cmdEh
                0x00080ad4       0x10 C:/AndroXStudio/workspace/ROBOEX_3WD_CAN_MASTER/Release/arduino.ar(due_can.cpp.o)
                0x00080ad4                CANRaw::global_send_abort_cmd(unsigned char)
 .text._ZN6CANRaw18mailbox_get_statusEh
                0x00080ae4       0x12 C:/AndroXStudio/workspace/ROBOEX_3WD_CAN_MASTER/Release/arduino.ar(due_can.cpp.o)
                0x00080ae4                CANRaw::mailbox_get_status(unsigned char)
 .text._ZN6CANRaw25mailbox_send_transfer_cmdEh
                0x00080af6       0x1a C:/AndroXStudio/workspace/ROBOEX_3WD_CAN_MASTER/Release/arduino.ar(due_can.cpp.o)
                0x00080af6                CANRaw::mailbox_send_transfer_cmd(unsigned char)
 .text._ZN6CANRaw12mailbox_initEh
                0x00080b10       0x2e C:/AndroXStudio/workspace/ROBOEX_3WD_CAN_MASTER/Release/arduino.ar(due_can.cpp.o)
                0x00080b10                CANRaw::mailbox_init(unsigned char)
 .text._ZN6CANRaw12mailbox_readEhPV12RX_CAN_FRAME
                0x00080b3e       0xca C:/AndroXStudio/workspace/ROBOEX_3WD_CAN_MASTER/Release/arduino.ar(due_can.cpp.o)
                0x00080b3e                CANRaw::mailbox_read(unsigned char, RX_CAN_FRAME volatile*)
 .text._ZN6CANRaw14mailbox_set_idEhmb
                0x00080c08       0x2c C:/AndroXStudio/workspace/ROBOEX_3WD_CAN_MASTER/Release/arduino.ar(due_can.cpp.o)
                0x00080c08                CANRaw::mailbox_set_id(unsigned char, unsigned long, bool)
 .text._ZN6CANRaw20mailbox_set_priorityEhh
                0x00080c34       0x1a C:/AndroXStudio/workspace/ROBOEX_3WD_CAN_MASTER/Release/arduino.ar(due_can.cpp.o)
                0x00080c34                CANRaw::mailbox_set_priority(unsigned char, unsigned char)
 *fill*         0x00080c4e        0x2 00
 .text._ZN6CANRaw23mailbox_set_accept_maskEhmb
                0x00080c50       0x48 C:/AndroXStudio/workspace/ROBOEX_3WD_CAN_MASTER/Release/arduino.ar(due_can.cpp.o)
                0x00080c50                CANRaw::mailbox_set_accept_mask(unsigned char, unsigned long, bool)
 .text._ZN6CANRaw16mailbox_set_modeEhh
                0x00080c98       0x20 C:/AndroXStudio/workspace/ROBOEX_3WD_CAN_MASTER/Release/arduino.ar(due_can.cpp.o)
                0x00080c98                CANRaw::mailbox_set_mode(unsigned char, unsigned char)
 .text._ZN6CANRaw17mailbox_set_datalEhm
                0x00080cb8       0x12 C:/AndroXStudio/workspace/ROBOEX_3WD_CAN_MASTER/Release/arduino.ar(due_can.cpp.o)
                0x00080cb8                CANRaw::mailbox_set_datal(unsigned char, unsigned long)
 .text._ZN6CANRaw17mailbox_set_datahEhm
                0x00080cca       0x12 C:/AndroXStudio/workspace/ROBOEX_3WD_CAN_MASTER/Release/arduino.ar(due_can.cpp.o)
                0x00080cca                CANRaw::mailbox_set_datah(unsigned char, unsigned long)
 .text._ZN6CANRaw19mailbox_set_datalenEhh
                0x00080cdc       0x2a C:/AndroXStudio/workspace/ROBOEX_3WD_CAN_MASTER/Release/arduino.ar(due_can.cpp.o)
                0x00080cdc                CANRaw::mailbox_set_datalen(unsigned char, unsigned char)
 .text._ZN6CANRaw17reset_all_mailboxEv
                0x00080d06       0x18 C:/AndroXStudio/workspace/ROBOEX_3WD_CAN_MASTER/Release/arduino.ar(due_can.cpp.o)
                0x00080d06                CANRaw::reset_all_mailbox()
 .text._ZN6CANRaw19mailbox_int_handlerEhm
                0x00080d1e       0x5a C:/AndroXStudio/workspace/ROBOEX_3WD_CAN_MASTER/Release/arduino.ar(due_can.cpp.o)
                0x00080d1e                CANRaw::mailbox_int_handler(unsigned char, unsigned long)
 .text._ZN6CANRaw16interruptHandlerEv
                0x00080d78       0x8c C:/AndroXStudio/workspace/ROBOEX_3WD_CAN_MASTER/Release/arduino.ar(due_can.cpp.o)
                0x00080d78                CANRaw::interruptHandler()
 .text.CAN0_Handler
                0x00080e04        0xc C:/AndroXStudio/workspace/ROBOEX_3WD_CAN_MASTER/Release/arduino.ar(due_can.cpp.o)
                0x00080e04                CAN0_Handler
 .text.CAN1_Handler
                0x00080e10        0xc C:/AndroXStudio/workspace/ROBOEX_3WD_CAN_MASTER/Release/arduino.ar(due_can.cpp.o)
                0x00080e10                CAN1_Handler
 .text._ZN6CANRawC1EP3Canmm
                0x00080e1c       0x20 C:/AndroXStudio/workspace/ROBOEX_3WD_CAN_MASTER/Release/arduino.ar(due_can.cpp.o)
                0x00080e1c                CANRaw::CANRaw(Can*, unsigned long, unsigned long)
 .text._ZN6CANRaw4initEmm
                0x00080e3c       0x78 C:/AndroXStudio/workspace/ROBOEX_3WD_CAN_MASTER/Release/arduino.ar(due_can.cpp.o)
                0x00080e3c                CANRaw::init(unsigned long, unsigned long)
 .text._GLOBAL__I__ZN6CANRaw12set_baudrateEmm
                0x00080eb4       0x30 C:/AndroXStudio/workspace/ROBOEX_3WD_CAN_MASTER/Release/arduino.ar(due_can.cpp.o)
 .text._ZN11SSN65HVD23415DisableLowPowerEv
                0x00080ee4        0xe C:/AndroXStudio/workspace/ROBOEX_3WD_CAN_MASTER/Release/arduino.ar(sn65hvd234.cpp.o)
                0x00080ee4                SSN65HVD234::DisableLowPower()
 .text._ZN11SSN65HVD2346EnableEv
                0x00080ef2        0xe C:/AndroXStudio/workspace/ROBOEX_3WD_CAN_MASTER/Release/arduino.ar(sn65hvd234.cpp.o)
                0x00080ef2                SSN65HVD234::Enable()
 .text._ZN11SSN65HVD234C1Emm
                0x00080f00       0x1e C:/AndroXStudio/workspace/ROBOEX_3WD_CAN_MASTER/Release/arduino.ar(sn65hvd234.cpp.o)
                0x00080f00                SSN65HVD234::SSN65HVD234(unsigned long, unsigned long)
 .text.millis   0x00080f1e        0x4 C:/AndroXStudio/workspace/ROBOEX_3WD_CAN_MASTER/Release/arduino.ar(wiring.c.o)
                0x00080f1e                millis
 .text.delay    0x00080f22       0x1a C:/AndroXStudio/workspace/ROBOEX_3WD_CAN_MASTER/Release/arduino.ar(wiring.c.o)
                0x00080f22                delay
 .text.digitalWrite
                0x00080f3c       0x48 C:/AndroXStudio/workspace/ROBOEX_3WD_CAN_MASTER/Release/arduino.ar(wiring_digital.c.o)
                0x00080f3c                digitalWrite
 .text.pinMode  0x00080f84       0x68 C:/AndroXStudio/workspace/ROBOEX_3WD_CAN_MASTER/Release/arduino.ar(wiring_digital.c.o)
                0x00080f84                pinMode
 .text._Z11serialEventv
                0x00080fec        0x2 C:/AndroXStudio/workspace/ROBOEX_3WD_CAN_MASTER/Release/arduino.ar(variant.cpp.o)
                0x00080fec                serialEvent()
 .text._Z12serialEvent1v
                0x00080fee        0x2 C:/AndroXStudio/workspace/ROBOEX_3WD_CAN_MASTER/Release/arduino.ar(variant.cpp.o)
                0x00080fee                serialEvent1()
 .text._Z12serialEvent2v
                0x00080ff0        0x2 C:/AndroXStudio/workspace/ROBOEX_3WD_CAN_MASTER/Release/arduino.ar(variant.cpp.o)
                0x00080ff0                serialEvent2()
 .text._Z12serialEvent3v
                0x00080ff2        0x2 C:/AndroXStudio/workspace/ROBOEX_3WD_CAN_MASTER/Release/arduino.ar(variant.cpp.o)
                0x00080ff2                serialEvent3()
 .text.init     0x00080ff4      0x134 C:/AndroXStudio/workspace/ROBOEX_3WD_CAN_MASTER/Release/arduino.ar(variant.cpp.o)
                0x00080ff4                init
 .text._Z14serialEventRunv
                0x00081128       0x48 C:/AndroXStudio/workspace/ROBOEX_3WD_CAN_MASTER/Release/arduino.ar(variant.cpp.o)
                0x00081128                serialEventRun()
 .text.USART3_Handler
                0x00081170        0xc C:/AndroXStudio/workspace/ROBOEX_3WD_CAN_MASTER/Release/arduino.ar(variant.cpp.o)
                0x00081170                USART3_Handler
 .text.USART1_Handler
                0x0008117c        0xc C:/AndroXStudio/workspace/ROBOEX_3WD_CAN_MASTER/Release/arduino.ar(variant.cpp.o)
                0x0008117c                USART1_Handler
 .text.USART0_Handler
                0x00081188        0xc C:/AndroXStudio/workspace/ROBOEX_3WD_CAN_MASTER/Release/arduino.ar(variant.cpp.o)
                0x00081188                USART0_Handler
 .text.UART_Handler
                0x00081194        0xc C:/AndroXStudio/workspace/ROBOEX_3WD_CAN_MASTER/Release/arduino.ar(variant.cpp.o)
                0x00081194                UART_Handler
 .text._GLOBAL__I_g_APinDescription
                0x000811a0       0x8c C:/AndroXStudio/workspace/ROBOEX_3WD_CAN_MASTER/Release/arduino.ar(variant.cpp.o)
 .text._ZN10RingBuffer10store_charEh
                0x0008122c       0x1c C:/AndroXStudio/workspace/ROBOEX_3WD_CAN_MASTER/Release/arduino.ar(RingBuffer.cpp.o)
                0x0008122c                RingBuffer::store_char(unsigned char)
 .text._ZN10RingBufferC1Ev
                0x00081248       0x1c C:/AndroXStudio/workspace/ROBOEX_3WD_CAN_MASTER/Release/arduino.ar(RingBuffer.cpp.o)
                0x00081248                RingBuffer::RingBuffer()
 .text._ZN9UARTClasscvbEv
                0x00081264        0x4 C:/AndroXStudio/workspace/ROBOEX_3WD_CAN_MASTER/Release/arduino.ar(UARTClass.cpp.o)
                0x00081264                UARTClass::operator bool()
 .text._ZN9UARTClassC1EP4Uart4IRQnmP10RingBuffer
                0x00081268       0x24 C:/AndroXStudio/workspace/ROBOEX_3WD_CAN_MASTER/Release/arduino.ar(UARTClass.cpp.o)
                0x00081268                UARTClass::UARTClass(Uart*, IRQn, unsigned long, RingBuffer*)
 .text._ZN9UARTClass9availableEv
                0x0008128c       0x10 C:/AndroXStudio/workspace/ROBOEX_3WD_CAN_MASTER/Release/arduino.ar(UARTClass.cpp.o)
                0x0008128c                UARTClass::available()
 .text._ZN9UARTClass4peekEv
                0x0008129c       0x16 C:/AndroXStudio/workspace/ROBOEX_3WD_CAN_MASTER/Release/arduino.ar(UARTClass.cpp.o)
                0x0008129c                UARTClass::peek()
 .text._ZN9UARTClass4readEv
                0x000812b2       0x22 C:/AndroXStudio/workspace/ROBOEX_3WD_CAN_MASTER/Release/arduino.ar(UARTClass.cpp.o)
                0x000812b2                UARTClass::read()
 .text._ZN9UARTClass5flushEv
                0x000812d4        0xc C:/AndroXStudio/workspace/ROBOEX_3WD_CAN_MASTER/Release/arduino.ar(UARTClass.cpp.o)
                0x000812d4                UARTClass::flush()
 .text._ZN9UARTClass5writeEh
                0x000812e0       0x10 C:/AndroXStudio/workspace/ROBOEX_3WD_CAN_MASTER/Release/arduino.ar(UARTClass.cpp.o)
                0x000812e0                UARTClass::write(unsigned char)
 .text._ZN9UARTClass10IrqHandlerEv
                0x000812f0       0x2a C:/AndroXStudio/workspace/ROBOEX_3WD_CAN_MASTER/Release/arduino.ar(UARTClass.cpp.o)
                0x000812f0                UARTClass::IrqHandler()
 .text._ZN10USARTClasscvbEv
                0x0008131a        0x4 C:/AndroXStudio/workspace/ROBOEX_3WD_CAN_MASTER/Release/arduino.ar(USARTClass.cpp.o)
                0x0008131a                USARTClass::operator bool()
 *fill*         0x0008131e        0x2 00
 .text._ZN10USARTClassC1EP5Usart4IRQnmP10RingBuffer
                0x00081320       0x24 C:/AndroXStudio/workspace/ROBOEX_3WD_CAN_MASTER/Release/arduino.ar(USARTClass.cpp.o)
                0x00081320                USARTClass::USARTClass(Usart*, IRQn, unsigned long, RingBuffer*)
 .text._ZN10USARTClass9availableEv
                0x00081344       0x10 C:/AndroXStudio/workspace/ROBOEX_3WD_CAN_MASTER/Release/arduino.ar(USARTClass.cpp.o)
                0x00081344                USARTClass::available()
 .text._ZN10USARTClass4peekEv
                0x00081354       0x16 C:/AndroXStudio/workspace/ROBOEX_3WD_CAN_MASTER/Release/arduino.ar(USARTClass.cpp.o)
                0x00081354                USARTClass::peek()
 .text._ZN10USARTClass4readEv
                0x0008136a       0x22 C:/AndroXStudio/workspace/ROBOEX_3WD_CAN_MASTER/Release/arduino.ar(USARTClass.cpp.o)
                0x0008136a                USARTClass::read()
 .text._ZN10USARTClass5flushEv
                0x0008138c        0xc C:/AndroXStudio/workspace/ROBOEX_3WD_CAN_MASTER/Release/arduino.ar(USARTClass.cpp.o)
                0x0008138c                USARTClass::flush()
 .text._ZN10USARTClass5writeEh
                0x00081398       0x10 C:/AndroXStudio/workspace/ROBOEX_3WD_CAN_MASTER/Release/arduino.ar(USARTClass.cpp.o)
                0x00081398                USARTClass::write(unsigned char)
 .text._ZN10USARTClass10IrqHandlerEv
                0x000813a8       0x2a C:/AndroXStudio/workspace/ROBOEX_3WD_CAN_MASTER/Release/arduino.ar(USARTClass.cpp.o)
                0x000813a8                USARTClass::IrqHandler()
 .text.__empty  0x000813d2        0x2 C:/AndroXStudio/workspace/ROBOEX_3WD_CAN_MASTER/Release/arduino.ar(hooks.c.o)
                0x000813d2                yield
 .text.__false  0x000813d4        0x4 C:/AndroXStudio/workspace/ROBOEX_3WD_CAN_MASTER/Release/arduino.ar(hooks.c.o)
                0x000813d4                sysTickHook
 .text.__halt   0x000813d8        0x2 C:/AndroXStudio/workspace/ROBOEX_3WD_CAN_MASTER/Release/arduino.ar(hooks.c.o)
                0x000813d8                svcHook
                0x000813d8                pendSVHook
 *fill*         0x000813da        0x2 00
 .text.analogOutputInit
                0x000813dc       0x14 C:/AndroXStudio/workspace/ROBOEX_3WD_CAN_MASTER/Release/arduino.ar(wiring_analog.c.o)
                0x000813dc                analogOutputInit
 .text._ZN5Print5writeEPKhj
                0x000813f0       0x2e C:/AndroXStudio/workspace/ROBOEX_3WD_CAN_MASTER/Release/arduino.ar(Print.cpp.o)
                0x000813f0                Print::write(unsigned char const*, unsigned int)
 .text.PIO_DisableInterrupt
                0x0008141e        0x4 C:/AndroXStudio/legacy/arduino/hardware/arduino/sam/variants/arduino_due_x/libsam_sam3x8e_gcc_rel.a(pio.o)
                0x0008141e                PIO_DisableInterrupt
 .text.PIO_PullUp
                0x00081422        0xa C:/AndroXStudio/legacy/arduino/hardware/arduino/sam/variants/arduino_due_x/libsam_sam3x8e_gcc_rel.a(pio.o)
                0x00081422                PIO_PullUp
 .text.PIO_SetPeripheral
                0x0008142c       0x2a C:/AndroXStudio/legacy/arduino/hardware/arduino/sam/variants/arduino_due_x/libsam_sam3x8e_gcc_rel.a(pio.o)
                0x0008142c                PIO_SetPeripheral
 *fill*         0x00081456        0x2 00
 .text.PIO_SetInput
                0x00081458       0x40 C:/AndroXStudio/legacy/arduino/hardware/arduino/sam/variants/arduino_due_x/libsam_sam3x8e_gcc_rel.a(pio.o)
                0x00081458                PIO_SetInput
 .text.PIO_SetOutput
                0x00081498       0x38 C:/AndroXStudio/legacy/arduino/hardware/arduino/sam/variants/arduino_due_x/libsam_sam3x8e_gcc_rel.a(pio.o)
                0x00081498                PIO_SetOutput
 .text.PIO_Configure
                0x000814d0       0x74 C:/AndroXStudio/legacy/arduino/hardware/arduino/sam/variants/arduino_due_x/libsam_sam3x8e_gcc_rel.a(pio.o)
                0x000814d0                PIO_Configure
 .text.PIO_GetOutputDataStatus
                0x00081544       0x16 C:/AndroXStudio/legacy/arduino/hardware/arduino/sam/variants/arduino_due_x/libsam_sam3x8e_gcc_rel.a(pio.o)
                0x00081544                PIO_GetOutputDataStatus
 *fill*         0x0008155a        0x2 00
 .text.pmc_enable_upll_clock
                0x0008155c       0x18 C:/AndroXStudio/legacy/arduino/hardware/arduino/sam/variants/arduino_due_x/libsam_sam3x8e_gcc_rel.a(pmc.o)
                0x0008155c                pmc_enable_upll_clock
 .text.pmc_enable_periph_clk
                0x00081574       0x48 C:/AndroXStudio/legacy/arduino/hardware/arduino/sam/variants/arduino_due_x/libsam_sam3x8e_gcc_rel.a(pmc.o)
                0x00081574                pmc_enable_periph_clk
 .text.pmc_disable_periph_clk
                0x000815bc       0x48 C:/AndroXStudio/legacy/arduino/hardware/arduino/sam/variants/arduino_due_x/libsam_sam3x8e_gcc_rel.a(pmc.o)
                0x000815bc                pmc_disable_periph_clk
 .text.pmc_switch_udpck_to_upllck
                0x00081604       0x14 C:/AndroXStudio/legacy/arduino/hardware/arduino/sam/variants/arduino_due_x/libsam_sam3x8e_gcc_rel.a(pmc.o)
                0x00081604                pmc_switch_udpck_to_upllck
 .text.pmc_enable_udpck
                0x00081618        0xc C:/AndroXStudio/legacy/arduino/hardware/arduino/sam/variants/arduino_due_x/libsam_sam3x8e_gcc_rel.a(pmc.o)
                0x00081618                pmc_enable_udpck
 .text.TC_GetStatus
                0x00081624        0x8 C:/AndroXStudio/legacy/arduino/hardware/arduino/sam/variants/arduino_due_x/libsam_sam3x8e_gcc_rel.a(tc.o)
                0x00081624                TC_GetStatus
 .text.TimeTick_Increment
                0x0008162c       0x10 C:/AndroXStudio/legacy/arduino/hardware/arduino/sam/variants/arduino_due_x/libsam_sam3x8e_gcc_rel.a(timetick.o)
                0x0008162c                TimeTick_Increment
 .text.GetTickCount
                0x0008163c        0xc C:/AndroXStudio/legacy/arduino/hardware/arduino/sam/variants/arduino_due_x/libsam_sam3x8e_gcc_rel.a(timetick.o)
                0x0008163c                GetTickCount
 .text.WDT_Disable
                0x00081648        0x8 C:/AndroXStudio/legacy/arduino/hardware/arduino/sam/variants/arduino_due_x/libsam_sam3x8e_gcc_rel.a(wdt.o)
                0x00081648                WDT_Disable
 .text.SystemInit
                0x00081650       0x9c C:/AndroXStudio/legacy/arduino/hardware/arduino/sam/variants/arduino_due_x/libsam_sam3x8e_gcc_rel.a(system_sam3xa.o)
                0x00081650                SystemInit
 .text.Reset_Handler
                0x000816ec       0x70 C:/AndroXStudio/legacy/arduino/hardware/arduino/sam/variants/arduino_due_x/libsam_sam3x8e_gcc_rel.a(startup_sam3xa.o)
                0x000816ec                Reset_Handler
 .text.adc_init
                0x0008175c       0xa0 C:/AndroXStudio/legacy/arduino/hardware/arduino/sam/variants/arduino_due_x/libsam_sam3x8e_gcc_rel.a(adc.o)
                0x0008175c                adc_init
 .text.adc_configure_trigger
                0x000817fc       0x10 C:/AndroXStudio/legacy/arduino/hardware/arduino/sam/variants/arduino_due_x/libsam_sam3x8e_gcc_rel.a(adc.o)
                0x000817fc                adc_configure_trigger
 .text.adc_configure_timing
                0x0008180c       0x1a C:/AndroXStudio/legacy/arduino/hardware/arduino/sam/variants/arduino_due_x/libsam_sam3x8e_gcc_rel.a(adc.o)
                0x0008180c                adc_configure_timing
 .text.adc_disable_all_channel
                0x00081826        0x8 C:/AndroXStudio/legacy/arduino/hardware/arduino/sam/variants/arduino_due_x/libsam_sam3x8e_gcc_rel.a(adc.o)
                0x00081826                adc_disable_all_channel
 .text.adc_disable_interrupt
                0x0008182e        0x4 C:/AndroXStudio/legacy/arduino/hardware/arduino/sam/variants/arduino_due_x/libsam_sam3x8e_gcc_rel.a(adc.o)
                0x0008182e                adc_disable_interrupt
 *fill*         0x00081832        0x2 00
 .text.UOTGHS_Handler
                0x00081834       0x10 C:/AndroXStudio/legacy/arduino/hardware/arduino/sam/variants/arduino_due_x/libsam_sam3x8e_gcc_rel.a(uotghs.o)
                0x00081834                UOTGHS_Handler
 .text.TC8_Handler
                0x00081844       0x1c C:/AndroXStudio/workspace/ROBOEX_3WD_CAN_MASTER/Release/arduino.ar(Timer_Int.c.o)
                0x00081844                TC8_Handler
 .text.TC7_Handler
                0x00081860       0x1c C:/AndroXStudio/workspace/ROBOEX_3WD_CAN_MASTER/Release/arduino.ar(Timer_Int.c.o)
                0x00081860                TC7_Handler
 .text.TC6_Handler
                0x0008187c       0x1c C:/AndroXStudio/workspace/ROBOEX_3WD_CAN_MASTER/Release/arduino.ar(Timer_Int.c.o)
                0x0008187c                TC6_Handler
 .text.TC5_Handler
                0x00081898       0x1c C:/AndroXStudio/workspace/ROBOEX_3WD_CAN_MASTER/Release/arduino.ar(Timer_Int.c.o)
                0x00081898                TC5_Handler
 .text.TC4_Handler
                0x000818b4       0x1c C:/AndroXStudio/workspace/ROBOEX_3WD_CAN_MASTER/Release/arduino.ar(Timer_Int.c.o)
                0x000818b4                TC4_Handler
 .text.TC3_Handler
                0x000818d0       0x1c C:/AndroXStudio/workspace/ROBOEX_3WD_CAN_MASTER/Release/arduino.ar(Timer_Int.c.o)
                0x000818d0                TC3_Handler
 .text.TC2_Handler
                0x000818ec       0x1c C:/AndroXStudio/workspace/ROBOEX_3WD_CAN_MASTER/Release/arduino.ar(Timer_Int.c.o)
                0x000818ec                TC2_Handler
 .text.TC1_Handler
                0x00081908       0x1c C:/AndroXStudio/workspace/ROBOEX_3WD_CAN_MASTER/Release/arduino.ar(Timer_Int.c.o)
                0x00081908                TC1_Handler
 .text.TC0_Handler
                0x00081924       0x1c C:/AndroXStudio/workspace/ROBOEX_3WD_CAN_MASTER/Release/arduino.ar(Timer_Int.c.o)
                0x00081924                TC0_Handler
 .text._ZN7TwoWireC1EP3TwiPFvvE
                0x00081940       0x3c C:/AndroXStudio/workspace/ROBOEX_3WD_CAN_MASTER/Release/arduino.ar(Wire.cpp.o)
                0x00081940                TwoWire::TwoWire(Twi*, void (*)())
 .text._ZN7TwoWire5writeEh
                0x0008197c       0x3a C:/AndroXStudio/workspace/ROBOEX_3WD_CAN_MASTER/Release/arduino.ar(Wire.cpp.o)
                0x0008197c                TwoWire::write(unsigned char)
 .text._ZN7TwoWire5writeEPKhj
                0x000819b6       0x5e C:/AndroXStudio/workspace/ROBOEX_3WD_CAN_MASTER/Release/arduino.ar(Wire.cpp.o)
                0x000819b6                TwoWire::write(unsigned char const*, unsigned int)
 .text._ZN7TwoWire9availableEv
                0x00081a14        0xc C:/AndroXStudio/workspace/ROBOEX_3WD_CAN_MASTER/Release/arduino.ar(Wire.cpp.o)
                0x00081a14                TwoWire::available()
 .text._ZN7TwoWire4readEv
                0x00081a20       0x20 C:/AndroXStudio/workspace/ROBOEX_3WD_CAN_MASTER/Release/arduino.ar(Wire.cpp.o)
                0x00081a20                TwoWire::read()
 .text._ZN7TwoWire4peekEv
                0x00081a40       0x18 C:/AndroXStudio/workspace/ROBOEX_3WD_CAN_MASTER/Release/arduino.ar(Wire.cpp.o)
                0x00081a40                TwoWire::peek()
 .text._ZN7TwoWire5flushEv
                0x00081a58        0x2 C:/AndroXStudio/workspace/ROBOEX_3WD_CAN_MASTER/Release/arduino.ar(Wire.cpp.o)
                0x00081a58                TwoWire::flush()
 *fill*         0x00081a5a        0x2 00
 .text._ZL10Wire1_Initv
                0x00081a5c       0x54 C:/AndroXStudio/workspace/ROBOEX_3WD_CAN_MASTER/Release/arduino.ar(Wire.cpp.o)
 .text._ZL9Wire_Initv
                0x00081ab0       0x54 C:/AndroXStudio/workspace/ROBOEX_3WD_CAN_MASTER/Release/arduino.ar(Wire.cpp.o)
 .text._ZN7TwoWire9onServiceEv
                0x00081b04      0x130 C:/AndroXStudio/workspace/ROBOEX_3WD_CAN_MASTER/Release/arduino.ar(Wire.cpp.o)
                0x00081b04                TwoWire::onService()
 .text.TWI0_Handler
                0x00081c34        0xc C:/AndroXStudio/workspace/ROBOEX_3WD_CAN_MASTER/Release/arduino.ar(Wire.cpp.o)
                0x00081c34                TWI0_Handler
 .text.TWI1_Handler
                0x00081c40        0xc C:/AndroXStudio/workspace/ROBOEX_3WD_CAN_MASTER/Release/arduino.ar(Wire.cpp.o)
                0x00081c40                TWI1_Handler
 .text._GLOBAL__I__ZN7TwoWireC2EP3TwiPFvvE
                0x00081c4c       0x34 C:/AndroXStudio/workspace/ROBOEX_3WD_CAN_MASTER/Release/arduino.ar(Wire.cpp.o)
 .text.__halt   0x00081c80        0x2 C:/AndroXStudio/workspace/ROBOEX_3WD_CAN_MASTER/Release/arduino.ar(cortex_handlers.c.o)
                0x00081c80                DACC_Handler
                0x00081c80                DebugMon_Handler
                0x00081c80                DMAC_Handler
                0x00081c80                TRNG_Handler
                0x00081c80                HardFault_Handler
                0x00081c80                NMI_Handler
                0x00081c80                ADC_Handler
                0x00081c80                SMC_Handler
                0x00081c80                RTT_Handler
                0x00081c80                EFC1_Handler
                0x00081c80                RTC_Handler
                0x00081c80                UsageFault_Handler
                0x00081c80                WDT_Handler
                0x00081c80                HSMCI_Handler
                0x00081c80                SSC_Handler
                0x00081c80                EFC0_Handler
                0x00081c80                PMC_Handler
                0x00081c80                PWM_Handler
                0x00081c80                MemManage_Handler
                0x00081c80                SUPC_Handler
                0x00081c80                USART2_Handler
                0x00081c80                EMAC_Handler
                0x00081c80                BusFault_Handler
                0x00081c80                RSTC_Handler
                0x00081c80                SPI0_Handler
 .text.SysTick_Handler
                0x00081c82       0x16 C:/AndroXStudio/workspace/ROBOEX_3WD_CAN_MASTER/Release/arduino.ar(cortex_handlers.c.o)
                0x00081c82                SysTick_Handler
 .text.PendSV_Handler
                0x00081c98        0x4 C:/AndroXStudio/workspace/ROBOEX_3WD_CAN_MASTER/Release/arduino.ar(cortex_handlers.c.o)
                0x00081c98                PendSV_Handler
 .text.SVC_Handler
                0x00081c9c        0x4 C:/AndroXStudio/workspace/ROBOEX_3WD_CAN_MASTER/Release/arduino.ar(cortex_handlers.c.o)
                0x00081c9c                SVC_Handler
 .text.main     0x00081ca0       0x30 C:/AndroXStudio/workspace/ROBOEX_3WD_CAN_MASTER/Release/arduino.ar(main.cpp.o)
                0x00081ca0                main
 .text._Z16USBD_InitControli
                0x00081cd0       0x14 C:/AndroXStudio/workspace/ROBOEX_3WD_CAN_MASTER/Release/arduino.ar(USBCore.cpp.o)
                0x00081cd0                USBD_InitControl(int)
 .text._ZL11USB_SendZlpv
                0x00081ce4       0x24 C:/AndroXStudio/workspace/ROBOEX_3WD_CAN_MASTER/Release/arduino.ar(USBCore.cpp.o)
 .text._ZN10USBDevice_6attachEv
                0x00081d08       0x20 C:/AndroXStudio/workspace/ROBOEX_3WD_CAN_MASTER/Release/arduino.ar(USBCore.cpp.o)
                0x00081d08                USBDevice_::attach()
 .text._ZN10USBDevice_C1Ev
                0x00081d28       0x24 C:/AndroXStudio/workspace/ROBOEX_3WD_CAN_MASTER/Release/arduino.ar(USBCore.cpp.o)
                0x00081d28                USBDevice_::USBDevice_()
 .text._Z14USBD_Availablem
                0x00081d4c       0x2c C:/AndroXStudio/workspace/ROBOEX_3WD_CAN_MASTER/Release/arduino.ar(USBCore.cpp.o)
                0x00081d4c                USBD_Available(unsigned long)
 .text._Z10USBD_Flushm
                0x00081d78       0x16 C:/AndroXStudio/workspace/ROBOEX_3WD_CAN_MASTER/Release/arduino.ar(USBCore.cpp.o)
                0x00081d78                USBD_Flush(unsigned long)
 .text._Z24USBD_SendOtherInterfacesv
                0x00081d8e       0x1c C:/AndroXStudio/workspace/ROBOEX_3WD_CAN_MASTER/Release/arduino.ar(USBCore.cpp.o)
                0x00081d8e                USBD_SendOtherInterfaces()
 .text._Z19USBD_SendInterfacesv
                0x00081daa       0x1c C:/AndroXStudio/workspace/ROBOEX_3WD_CAN_MASTER/Release/arduino.ar(USBCore.cpp.o)
                0x00081daa                USBD_SendInterfaces()
 .text._Z26USBD_ClassInterfaceRequestR5Setup
                0x00081dc6       0x14 C:/AndroXStudio/workspace/ROBOEX_3WD_CAN_MASTER/Release/arduino.ar(USBCore.cpp.o)
                0x00081dc6                USBD_ClassInterfaceRequest(Setup&)
 .text._Z16USBD_RecvControlPvm
                0x00081dda       0x1c C:/AndroXStudio/workspace/ROBOEX_3WD_CAN_MASTER/Release/arduino.ar(USBCore.cpp.o)
                0x00081dda                USBD_RecvControl(void*, unsigned long)
 *fill*         0x00081df6        0x2 00
 .text._Z16USBD_SendControlhPKvm
                0x00081df8       0x40 C:/AndroXStudio/workspace/ROBOEX_3WD_CAN_MASTER/Release/arduino.ar(USBCore.cpp.o)
                0x00081df8                USBD_SendControl(unsigned char, void const*, unsigned long)
 .text._ZL24USB_SendStringDescriptorPKhi
                0x00081e38       0x42 C:/AndroXStudio/workspace/ROBOEX_3WD_CAN_MASTER/Release/arduino.ar(USBCore.cpp.o)
 *fill*         0x00081e7a        0x2 00
 .text._ZL7USB_ISRv
                0x00081e7c      0x438 C:/AndroXStudio/workspace/ROBOEX_3WD_CAN_MASTER/Release/arduino.ar(USBCore.cpp.o)
 .text._Z9USBD_SendmPKvm
                0x000822b4       0x4c C:/AndroXStudio/workspace/ROBOEX_3WD_CAN_MASTER/Release/arduino.ar(USBCore.cpp.o)
                0x000822b4                USBD_Send(unsigned long, void const*, unsigned long)
 .text._Z9USBD_RecvmPvm
                0x00082300       0x7c C:/AndroXStudio/workspace/ROBOEX_3WD_CAN_MASTER/Release/arduino.ar(USBCore.cpp.o)
                0x00082300                USBD_Recv(unsigned long, void*, unsigned long)
 .text._Z9USBD_Recvm
                0x0008237c       0x1e C:/AndroXStudio/workspace/ROBOEX_3WD_CAN_MASTER/Release/arduino.ar(USBCore.cpp.o)
                0x0008237c                USBD_Recv(unsigned long)
 *fill*         0x0008239a        0x2 00
 .text._GLOBAL__I_TxLEDPulse
                0x0008239c        0xc C:/AndroXStudio/workspace/ROBOEX_3WD_CAN_MASTER/Release/arduino.ar(USBCore.cpp.o)
 .text.initiateReset
                0x000823a8        0xc C:/AndroXStudio/workspace/ROBOEX_3WD_CAN_MASTER/Release/arduino.ar(Reset.cpp.o)
                0x000823a8                initiateReset
 .text.cancelReset
                0x000823b4       0x10 C:/AndroXStudio/workspace/ROBOEX_3WD_CAN_MASTER/Release/arduino.ar(Reset.cpp.o)
                0x000823b4                cancelReset
 .text.tickReset
                0x000823c4       0x20 C:/AndroXStudio/workspace/ROBOEX_3WD_CAN_MASTER/Release/arduino.ar(Reset.cpp.o)
                0x000823c4                tickReset
 .text._ZN7Serial_9availableEv
                0x000823e4       0x18 C:/AndroXStudio/workspace/ROBOEX_3WD_CAN_MASTER/Release/arduino.ar(CDC.cpp.o)
                0x000823e4                Serial_::available()
 .text._ZN7Serial_4peekEv
                0x000823fc       0x20 C:/AndroXStudio/workspace/ROBOEX_3WD_CAN_MASTER/Release/arduino.ar(CDC.cpp.o)
                0x000823fc                Serial_::peek()
 .text._ZN7Serial_5writeEh
                0x0008241c       0x14 C:/AndroXStudio/workspace/ROBOEX_3WD_CAN_MASTER/Release/arduino.ar(CDC.cpp.o)
                0x0008241c                Serial_::write(unsigned char)
 .text._ZN7Serial_5writeEPKhj
                0x00082430       0x28 C:/AndroXStudio/workspace/ROBOEX_3WD_CAN_MASTER/Release/arduino.ar(CDC.cpp.o)
                0x00082430                Serial_::write(unsigned char const*, unsigned int)
 .text._ZN7Serial_5flushEv
                0x00082458        0x6 C:/AndroXStudio/workspace/ROBOEX_3WD_CAN_MASTER/Release/arduino.ar(CDC.cpp.o)
                0x00082458                Serial_::flush()
 *fill*         0x0008245e        0x2 00
 .text._ZN7Serial_4readEv
                0x00082460       0x44 C:/AndroXStudio/workspace/ROBOEX_3WD_CAN_MASTER/Release/arduino.ar(CDC.cpp.o)
                0x00082460                Serial_::read()
 .text._ZN7Serial_6acceptEv
                0x000824a4       0x6c C:/AndroXStudio/workspace/ROBOEX_3WD_CAN_MASTER/Release/arduino.ar(CDC.cpp.o)
                0x000824a4                Serial_::accept()
 .text._Z21CDC_GetOtherInterfacePh
                0x00082510       0x14 C:/AndroXStudio/workspace/ROBOEX_3WD_CAN_MASTER/Release/arduino.ar(CDC.cpp.o)
                0x00082510                CDC_GetOtherInterface(unsigned char*)
 .text._Z16CDC_GetInterfacePh
                0x00082524       0x14 C:/AndroXStudio/workspace/ROBOEX_3WD_CAN_MASTER/Release/arduino.ar(CDC.cpp.o)
                0x00082524                CDC_GetInterface(unsigned char*)
 .text._Z9CDC_SetupR5Setup
                0x00082538       0x60 C:/AndroXStudio/workspace/ROBOEX_3WD_CAN_MASTER/Release/arduino.ar(CDC.cpp.o)
                0x00082538                CDC_Setup(Setup&)
 .text._GLOBAL__I_cdc_rx_buffer
                0x00082598       0x1c C:/AndroXStudio/workspace/ROBOEX_3WD_CAN_MASTER/Release/arduino.ar(CDC.cpp.o)
 .text._Z9HID_SetupR5Setup
                0x000825b4       0x44 C:/AndroXStudio/workspace/ROBOEX_3WD_CAN_MASTER/Release/arduino.ar(HID.cpp.o)
                0x000825b4                HID_Setup(Setup&)
 .text._ZN6Mouse_C1Ev
                0x000825f8        0x6 C:/AndroXStudio/workspace/ROBOEX_3WD_CAN_MASTER/Release/arduino.ar(HID.cpp.o)
                0x000825f8                Mouse_::Mouse_()
 *fill*         0x000825fe        0x2 00
 .text._ZN9Keyboard_C1Ev
                0x00082600       0x10 C:/AndroXStudio/workspace/ROBOEX_3WD_CAN_MASTER/Release/arduino.ar(HID.cpp.o)
                0x00082600                Keyboard_::Keyboard_()
 .text._ZN9Keyboard_5writeEh
                0x00082610       0x1c C:/AndroXStudio/workspace/ROBOEX_3WD_CAN_MASTER/Release/arduino.ar(HID.cpp.o)
                0x00082610                Keyboard_::write(unsigned char)
 .text._Z14HID_SendReporthPKvm
                0x0008262c       0x2c C:/AndroXStudio/workspace/ROBOEX_3WD_CAN_MASTER/Release/arduino.ar(HID.cpp.o)
                0x0008262c                HID_SendReport(unsigned char, void const*, unsigned long)
 .text._ZN9Keyboard_10sendReportEP9KeyReport
                0x00082658        0x8 C:/AndroXStudio/workspace/ROBOEX_3WD_CAN_MASTER/Release/arduino.ar(HID.cpp.o)
                0x00082658                Keyboard_::sendReport(KeyReport*)
 .text._ZN9Keyboard_10releaseAllEv
                0x00082660       0x18 C:/AndroXStudio/workspace/ROBOEX_3WD_CAN_MASTER/Release/arduino.ar(HID.cpp.o)
                0x00082660                Keyboard_::releaseAll()
 .text._ZN9Keyboard_7releaseEh
                0x00082678       0x74 C:/AndroXStudio/workspace/ROBOEX_3WD_CAN_MASTER/Release/arduino.ar(HID.cpp.o)
                0x00082678                Keyboard_::release(unsigned char)
 .text._ZN9Keyboard_5pressEh
                0x000826ec       0x9c C:/AndroXStudio/workspace/ROBOEX_3WD_CAN_MASTER/Release/arduino.ar(HID.cpp.o)
                0x000826ec                Keyboard_::press(unsigned char)
 .text._Z17HID_GetDescriptori
                0x00082788       0x10 C:/AndroXStudio/workspace/ROBOEX_3WD_CAN_MASTER/Release/arduino.ar(HID.cpp.o)
                0x00082788                HID_GetDescriptor(int)
 .text._Z16HID_GetInterfacePh
                0x00082798       0x14 C:/AndroXStudio/workspace/ROBOEX_3WD_CAN_MASTER/Release/arduino.ar(HID.cpp.o)
                0x00082798                HID_GetInterface(unsigned char*)
 .text._GLOBAL__I_Mouse
                0x000827ac       0x1c C:/AndroXStudio/workspace/ROBOEX_3WD_CAN_MASTER/Release/arduino.ar(HID.cpp.o)
 .text.TWI_ReadByte
                0x000827c8       0x28 C:/AndroXStudio/legacy/arduino/hardware/arduino/sam/variants/arduino_due_x/libsam_sam3x8e_gcc_rel.a(twi.o)
                0x000827c8                TWI_ReadByte
 .text.TWI_WriteByte
                0x000827f0       0x24 C:/AndroXStudio/legacy/arduino/hardware/arduino/sam/variants/arduino_due_x/libsam_sam3x8e_gcc_rel.a(twi.o)
                0x000827f0                TWI_WriteByte
 .text.TWI_EnableIt
                0x00082814       0x40 C:/AndroXStudio/legacy/arduino/hardware/arduino/sam/variants/arduino_due_x/libsam_sam3x8e_gcc_rel.a(twi.o)
                0x00082814                TWI_EnableIt
 .text.TWI_DisableIt
                0x00082854       0x40 C:/AndroXStudio/legacy/arduino/hardware/arduino/sam/variants/arduino_due_x/libsam_sam3x8e_gcc_rel.a(twi.o)
                0x00082854                TWI_DisableIt
 .text.TWI_GetStatus
                0x00082894       0x28 C:/AndroXStudio/legacy/arduino/hardware/arduino/sam/variants/arduino_due_x/libsam_sam3x8e_gcc_rel.a(twi.o)
                0x00082894                TWI_GetStatus
 .text.UDD_SetStack
                0x000828bc        0xc C:/AndroXStudio/legacy/arduino/hardware/arduino/sam/variants/arduino_due_x/libsam_sam3x8e_gcc_rel.a(uotghs_device.o)
                0x000828bc                UDD_SetStack
 .text.UDD_Init
                0x000828c8       0xd0 C:/AndroXStudio/legacy/arduino/hardware/arduino/sam/variants/arduino_due_x/libsam_sam3x8e_gcc_rel.a(uotghs_device.o)
                0x000828c8                UDD_Init
 .text.UDD_Attach
                0x00082998       0x4c C:/AndroXStudio/legacy/arduino/hardware/arduino/sam/variants/arduino_due_x/libsam_sam3x8e_gcc_rel.a(uotghs_device.o)
                0x00082998                UDD_Attach
 .text.UDD_InitEP
                0x000829e4       0x30 C:/AndroXStudio/legacy/arduino/hardware/arduino/sam/variants/arduino_due_x/libsam_sam3x8e_gcc_rel.a(uotghs_device.o)
                0x000829e4                UDD_InitEP
 .text.UDD_InitEndpoints
                0x00082a14       0x3c C:/AndroXStudio/legacy/arduino/hardware/arduino/sam/variants/arduino_due_x/libsam_sam3x8e_gcc_rel.a(uotghs_device.o)
                0x00082a14                UDD_InitEndpoints
 .text.UDD_WaitIN
                0x00082a50       0x14 C:/AndroXStudio/legacy/arduino/hardware/arduino/sam/variants/arduino_due_x/libsam_sam3x8e_gcc_rel.a(uotghs_device.o)
                0x00082a50                UDD_WaitIN
 .text.UDD_WaitOUT
                0x00082a64       0x14 C:/AndroXStudio/legacy/arduino/hardware/arduino/sam/variants/arduino_due_x/libsam_sam3x8e_gcc_rel.a(uotghs_device.o)
                0x00082a64                UDD_WaitOUT
 .text.UDD_ClearIN
                0x00082a78       0x18 C:/AndroXStudio/legacy/arduino/hardware/arduino/sam/variants/arduino_due_x/libsam_sam3x8e_gcc_rel.a(uotghs_device.o)
                0x00082a78                UDD_ClearIN
 .text.UDD_ClearOUT
                0x00082a90       0x18 C:/AndroXStudio/legacy/arduino/hardware/arduino/sam/variants/arduino_due_x/libsam_sam3x8e_gcc_rel.a(uotghs_device.o)
                0x00082a90                UDD_ClearOUT
 .text.UDD_ReceivedSetupInt
                0x00082aa8       0x10 C:/AndroXStudio/legacy/arduino/hardware/arduino/sam/variants/arduino_due_x/libsam_sam3x8e_gcc_rel.a(uotghs_device.o)
                0x00082aa8                UDD_ReceivedSetupInt
 .text.UDD_ClearSetupInt
                0x00082ab8       0x10 C:/AndroXStudio/legacy/arduino/hardware/arduino/sam/variants/arduino_due_x/libsam_sam3x8e_gcc_rel.a(uotghs_device.o)
                0x00082ab8                UDD_ClearSetupInt
 .text.UDD_Send
                0x00082ac8       0x90 C:/AndroXStudio/legacy/arduino/hardware/arduino/sam/variants/arduino_due_x/libsam_sam3x8e_gcc_rel.a(uotghs_device.o)
                0x00082ac8                UDD_Send
 .text.UDD_Send8
                0x00082b58       0x28 C:/AndroXStudio/legacy/arduino/hardware/arduino/sam/variants/arduino_due_x/libsam_sam3x8e_gcc_rel.a(uotghs_device.o)
                0x00082b58                UDD_Send8
 .text.UDD_Recv8
                0x00082b80       0x28 C:/AndroXStudio/legacy/arduino/hardware/arduino/sam/variants/arduino_due_x/libsam_sam3x8e_gcc_rel.a(uotghs_device.o)
                0x00082b80                UDD_Recv8
 .text.UDD_Recv
                0x00082ba8       0x34 C:/AndroXStudio/legacy/arduino/hardware/arduino/sam/variants/arduino_due_x/libsam_sam3x8e_gcc_rel.a(uotghs_device.o)
                0x00082ba8                UDD_Recv
 .text.UDD_Stall
                0x00082bdc       0x14 C:/AndroXStudio/legacy/arduino/hardware/arduino/sam/variants/arduino_due_x/libsam_sam3x8e_gcc_rel.a(uotghs_device.o)
                0x00082bdc                UDD_Stall
 .text.UDD_FifoByteCount
                0x00082bf0       0x1c C:/AndroXStudio/legacy/arduino/hardware/arduino/sam/variants/arduino_due_x/libsam_sam3x8e_gcc_rel.a(uotghs_device.o)
                0x00082bf0                UDD_FifoByteCount
 .text.UDD_ReleaseRX
                0x00082c0c       0x2c C:/AndroXStudio/legacy/arduino/hardware/arduino/sam/variants/arduino_due_x/libsam_sam3x8e_gcc_rel.a(uotghs_device.o)
                0x00082c0c                UDD_ReleaseRX
 .text.UDD_ReleaseTX
                0x00082c38       0x2c C:/AndroXStudio/legacy/arduino/hardware/arduino/sam/variants/arduino_due_x/libsam_sam3x8e_gcc_rel.a(uotghs_device.o)
                0x00082c38                UDD_ReleaseTX
 .text.UDD_SetAddress
                0x00082c64       0x20 C:/AndroXStudio/legacy/arduino/hardware/arduino/sam/variants/arduino_due_x/libsam_sam3x8e_gcc_rel.a(uotghs_device.o)
                0x00082c64                UDD_SetAddress
 .text._Znwj    0x00082c84       0x68 c:/androxstudio/legacy/arduino/hardware/tools/g++_arm_none_eabi/bin/../lib/gcc/arm-none-eabi/4.4.1/../../../../arm-none-eabi/lib/thumb2\libstdc++.a(new_op.o)
                0x00082c84                operator new(unsigned int)
 .text._ZL21base_of_encoded_valuehP15_Unwind_Context
                0x00082cec       0x4c c:/androxstudio/legacy/arduino/hardware/tools/g++_arm_none_eabi/bin/../lib/gcc/arm-none-eabi/4.4.1/../../../../arm-none-eabi/lib/thumb2\libstdc++.a(eh_personality.o)
 .text._ZL17parse_lsda_headerP15_Unwind_ContextPKhP16lsda_header_info
                0x00082d38      0x190 c:/androxstudio/legacy/arduino/hardware/tools/g++_arm_none_eabi/bin/../lib/gcc/arm-none-eabi/4.4.1/../../../../arm-none-eabi/lib/thumb2\libstdc++.a(eh_personality.o)
 .text.__gxx_personality_v0
                0x00082ec8      0x754 c:/androxstudio/legacy/arduino/hardware/tools/g++_arm_none_eabi/bin/../lib/gcc/arm-none-eabi/4.4.1/../../../../arm-none-eabi/lib/thumb2\libstdc++.a(eh_personality.o)
                0x00082ec8                __gxx_personality_v0
 .text.__cxa_call_terminate
                0x0008361c       0x50 c:/androxstudio/legacy/arduino/hardware/tools/g++_arm_none_eabi/bin/../lib/gcc/arm-none-eabi/4.4.1/../../../../arm-none-eabi/lib/thumb2\libstdc++.a(eh_call.o)
                0x0008361c                __cxa_call_terminate
 .text.__cxa_call_unexpected
                0x0008366c      0x128 c:/androxstudio/legacy/arduino/hardware/tools/g++_arm_none_eabi/bin/../lib/gcc/arm-none-eabi/4.4.1/../../../../arm-none-eabi/lib/thumb2\libstdc++.a(eh_call.o)
                0x0008366c                __cxa_call_unexpected
 .text._GLOBAL__I___cxa_allocate_exception
                0x00083794        0x4 c:/androxstudio/legacy/arduino/hardware/tools/g++_arm_none_eabi/bin/../lib/gcc/arm-none-eabi/4.4.1/../../../../arm-none-eabi/lib/thumb2\libstdc++.a(eh_alloc.o)
 .text.__cxa_free_exception
                0x00083798       0x38 c:/androxstudio/legacy/arduino/hardware/tools/g++_arm_none_eabi/bin/../lib/gcc/arm-none-eabi/4.4.1/../../../../arm-none-eabi/lib/thumb2\libstdc++.a(eh_alloc.o)
                0x00083798                __cxa_free_exception
 .text.__cxa_allocate_exception
                0x000837d0       0x90 c:/androxstudio/legacy/arduino/hardware/tools/g++_arm_none_eabi/bin/../lib/gcc/arm-none-eabi/4.4.1/../../../../arm-none-eabi/lib/thumb2\libstdc++.a(eh_alloc.o)
                0x000837d0                __cxa_allocate_exception
 .text._ZN10__cxxabiv111__terminateEPFvvE
                0x00083860       0x20 c:/androxstudio/legacy/arduino/hardware/tools/g++_arm_none_eabi/bin/../lib/gcc/arm-none-eabi/4.4.1/../../../../arm-none-eabi/lib/thumb2\libstdc++.a(eh_terminate.o)
                0x00083860                __cxxabiv1::__terminate(void (*)())
 .text._ZSt9terminatev
                0x00083880       0x10 c:/androxstudio/legacy/arduino/hardware/tools/g++_arm_none_eabi/bin/../lib/gcc/arm-none-eabi/4.4.1/../../../../arm-none-eabi/lib/thumb2\libstdc++.a(eh_terminate.o)
                0x00083880                std::terminate()
 .text._ZN10__cxxabiv112__unexpectedEPFvvE
                0x00083890        0x8 c:/androxstudio/legacy/arduino/hardware/tools/g++_arm_none_eabi/bin/../lib/gcc/arm-none-eabi/4.4.1/../../../../arm-none-eabi/lib/thumb2\libstdc++.a(eh_terminate.o)
                0x00083890                __cxxabiv1::__unexpected(void (*)())
 .text._ZSt10unexpectedv
                0x00083898       0x10 c:/androxstudio/legacy/arduino/hardware/tools/g++_arm_none_eabi/bin/../lib/gcc/arm-none-eabi/4.4.1/../../../../arm-none-eabi/lib/thumb2\libstdc++.a(eh_terminate.o)
                0x00083898                std::unexpected()
 .text          0x000838a8        0xc c:/androxstudio/legacy/arduino/hardware/tools/g++_arm_none_eabi/bin/../lib/gcc/arm-none-eabi/4.4.1/../../../../arm-none-eabi/lib/thumb2\libstdc++.a(eh_arm.o)
                0x000838a8                __cxa_end_cleanup
 .text.__cxa_type_match
                0x000838b4      0x100 c:/androxstudio/legacy/arduino/hardware/tools/g++_arm_none_eabi/bin/../lib/gcc/arm-none-eabi/4.4.1/../../../../arm-none-eabi/lib/thumb2\libstdc++.a(eh_arm.o)
                0x000838b4                __cxa_type_match
 .text.__cxa_begin_cleanup
                0x000839b4       0x70 c:/androxstudio/legacy/arduino/hardware/tools/g++_arm_none_eabi/bin/../lib/gcc/arm-none-eabi/4.4.1/../../../../arm-none-eabi/lib/thumb2\libstdc++.a(eh_arm.o)
                0x000839b4                __cxa_begin_cleanup
 .text.__gnu_end_cleanup
                0x00083a24       0x74 c:/androxstudio/legacy/arduino/hardware/tools/g++_arm_none_eabi/bin/../lib/gcc/arm-none-eabi/4.4.1/../../../../arm-none-eabi/lib/thumb2\libstdc++.a(eh_arm.o)
                0x00083a24                __gnu_end_cleanup
 .text._ZNSt9type_infoD2Ev
                0x00083a98        0xc c:/androxstudio/legacy/arduino/hardware/tools/g++_arm_none_eabi/bin/../lib/gcc/arm-none-eabi/4.4.1/../../../../arm-none-eabi/lib/thumb2\libstdc++.a(tinfo.o)
                0x00083a98                std::type_info::~type_info()
 .text._ZNSt9type_infoD1Ev
                0x00083aa4        0xc c:/androxstudio/legacy/arduino/hardware/tools/g++_arm_none_eabi/bin/../lib/gcc/arm-none-eabi/4.4.1/../../../../arm-none-eabi/lib/thumb2\libstdc++.a(tinfo.o)
                0x00083aa4                std::type_info::~type_info()
 .text._ZNKSt9type_infoeqERKS_
                0x00083ab0       0x10 c:/androxstudio/legacy/arduino/hardware/tools/g++_arm_none_eabi/bin/../lib/gcc/arm-none-eabi/4.4.1/../../../../arm-none-eabi/lib/thumb2\libstdc++.a(tinfo.o)
                0x00083ab0                std::type_info::operator==(std::type_info const&) const
 .text._ZNKSt9type_info14__is_pointer_pEv
                0x00083ac0        0x4 c:/androxstudio/legacy/arduino/hardware/tools/g++_arm_none_eabi/bin/../lib/gcc/arm-none-eabi/4.4.1/../../../../arm-none-eabi/lib/thumb2\libstdc++.a(tinfo.o)
                0x00083ac0                std::type_info::__is_pointer_p() const
 .text._ZNKSt9type_info15__is_function_pEv
                0x00083ac4        0x4 c:/androxstudio/legacy/arduino/hardware/tools/g++_arm_none_eabi/bin/../lib/gcc/arm-none-eabi/4.4.1/../../../../arm-none-eabi/lib/thumb2\libstdc++.a(tinfo.o)
                0x00083ac4                std::type_info::__is_function_p() const
 .text._ZNKSt9type_info10__do_catchEPKS_PPvj
                0x00083ac8       0x10 c:/androxstudio/legacy/arduino/hardware/tools/g++_arm_none_eabi/bin/../lib/gcc/arm-none-eabi/4.4.1/../../../../arm-none-eabi/lib/thumb2\libstdc++.a(tinfo.o)
                0x00083ac8                std::type_info::__do_catch(std::type_info const*, void**, unsigned int) const
 .text._ZNKSt9type_info11__do_upcastEPKN10__cxxabiv117__class_type_infoEPPv
                0x00083ad8        0x4 c:/androxstudio/legacy/arduino/hardware/tools/g++_arm_none_eabi/bin/../lib/gcc/arm-none-eabi/4.4.1/../../../../arm-none-eabi/lib/thumb2\libstdc++.a(tinfo.o)
                0x00083ad8                std::type_info::__do_upcast(__cxxabiv1::__class_type_info const*, void**) const
 .text._ZNSt9type_infoD0Ev
                0x00083adc       0x14 c:/androxstudio/legacy/arduino/hardware/tools/g++_arm_none_eabi/bin/../lib/gcc/arm-none-eabi/4.4.1/../../../../arm-none-eabi/lib/thumb2\libstdc++.a(tinfo.o)
                0x00083adc                std::type_info::~type_info()
 .text.__cxa_bad_typeid
                0x00083af0       0x24 c:/androxstudio/legacy/arduino/hardware/tools/g++_arm_none_eabi/bin/../lib/gcc/arm-none-eabi/4.4.1/../../../../arm-none-eabi/lib/thumb2\libstdc++.a(eh_aux_runtime.o)
                0x00083af0                __cxa_bad_typeid
 .text._ZN10__cxxabiv123__fundamental_type_infoD1Ev
                0x00083b14       0x14 c:/androxstudio/legacy/arduino/hardware/tools/g++_arm_none_eabi/bin/../lib/gcc/arm-none-eabi/4.4.1/../../../../arm-none-eabi/lib/thumb2\libstdc++.a(fundamental_type_info.o)
                0x00083b14                __cxxabiv1::__fundamental_type_info::~__fundamental_type_info()
 .text._ZN10__cxxabiv123__fundamental_type_infoD0Ev
                0x00083b28       0x1c c:/androxstudio/legacy/arduino/hardware/tools/g++_arm_none_eabi/bin/../lib/gcc/arm-none-eabi/4.4.1/../../../../arm-none-eabi/lib/thumb2\libstdc++.a(fundamental_type_info.o)
                0x00083b28                __cxxabiv1::__fundamental_type_info::~__fundamental_type_info()
 .text._ZNKSt9bad_alloc4whatEv
                0x00083b44        0xc c:/androxstudio/legacy/arduino/hardware/tools/g++_arm_none_eabi/bin/../lib/gcc/arm-none-eabi/4.4.1/../../../../arm-none-eabi/lib/thumb2\libstdc++.a(new_handler.o)
                0x00083b44                std::bad_alloc::what() const
 .text._ZNSt9bad_allocD1Ev
                0x00083b50       0x14 c:/androxstudio/legacy/arduino/hardware/tools/g++_arm_none_eabi/bin/../lib/gcc/arm-none-eabi/4.4.1/../../../../arm-none-eabi/lib/thumb2\libstdc++.a(new_handler.o)
                0x00083b50                std::bad_alloc::~bad_alloc()
 .text._ZNSt9bad_allocD0Ev
                0x00083b64       0x1c c:/androxstudio/legacy/arduino/hardware/tools/g++_arm_none_eabi/bin/../lib/gcc/arm-none-eabi/4.4.1/../../../../arm-none-eabi/lib/thumb2\libstdc++.a(new_handler.o)
                0x00083b64                std::bad_alloc::~bad_alloc()
 .text._ZNK10__cxxabiv117__class_type_info11__do_upcastEPKS0_PPv
                0x00083b80       0x38 c:/androxstudio/legacy/arduino/hardware/tools/g++_arm_none_eabi/bin/../lib/gcc/arm-none-eabi/4.4.1/../../../../arm-none-eabi/lib/thumb2\libstdc++.a(class_type_info.o)
                0x00083b80                __cxxabiv1::__class_type_info::__do_upcast(__cxxabiv1::__class_type_info const*, void**) const
 .text._ZNK10__cxxabiv117__class_type_info20__do_find_public_srcEiPKvPKS0_S2_
                0x00083bb8        0xc c:/androxstudio/legacy/arduino/hardware/tools/g++_arm_none_eabi/bin/../lib/gcc/arm-none-eabi/4.4.1/../../../../arm-none-eabi/lib/thumb2\libstdc++.a(class_type_info.o)
                0x00083bb8                __cxxabiv1::__class_type_info::__do_find_public_src(int, void const*, __cxxabiv1::__class_type_info const*, void const*) const
 .text._ZNK10__cxxabiv117__class_type_info11__do_upcastEPKS0_PKvRNS0_15__upcast_resultE
                0x00083bc4       0x1c c:/androxstudio/legacy/arduino/hardware/tools/g++_arm_none_eabi/bin/../lib/gcc/arm-none-eabi/4.4.1/../../../../arm-none-eabi/lib/thumb2\libstdc++.a(class_type_info.o)
                0x00083bc4                __cxxabiv1::__class_type_info::__do_upcast(__cxxabiv1::__class_type_info const*, void const*, __cxxabiv1::__class_type_info::__upcast_result&) const
 .text._ZNK10__cxxabiv117__class_type_info12__do_dyncastEiNS0_10__sub_kindEPKS0_PKvS3_S5_RNS0_16__dyncast_resultE
                0x00083be0       0x3c c:/androxstudio/legacy/arduino/hardware/tools/g++_arm_none_eabi/bin/../lib/gcc/arm-none-eabi/4.4.1/../../../../arm-none-eabi/lib/thumb2\libstdc++.a(class_type_info.o)
                0x00083be0                __cxxabiv1::__class_type_info::__do_dyncast(int, __cxxabiv1::__class_type_info::__sub_kind, __cxxabiv1::__class_type_info const*, void const*, __cxxabiv1::__class_type_info const*, void const*, __cxxabiv1::__class_type_info::__dyncast_result&) const
 .text._ZNK10__cxxabiv117__class_type_info10__do_catchEPKSt9type_infoPPvj
                0x00083c1c       0x28 c:/androxstudio/legacy/arduino/hardware/tools/g++_arm_none_eabi/bin/../lib/gcc/arm-none-eabi/4.4.1/../../../../arm-none-eabi/lib/thumb2\libstdc++.a(class_type_info.o)
                0x00083c1c                __cxxabiv1::__class_type_info::__do_catch(std::type_info const*, void**, unsigned int) const
 .text._ZN10__cxxabiv117__class_type_infoD1Ev
                0x00083c44       0x14 c:/androxstudio/legacy/arduino/hardware/tools/g++_arm_none_eabi/bin/../lib/gcc/arm-none-eabi/4.4.1/../../../../arm-none-eabi/lib/thumb2\libstdc++.a(class_type_info.o)
                0x00083c44                __cxxabiv1::__class_type_info::~__class_type_info()
 .text._ZN10__cxxabiv117__class_type_infoD2Ev
                0x00083c58       0x14 c:/androxstudio/legacy/arduino/hardware/tools/g++_arm_none_eabi/bin/../lib/gcc/arm-none-eabi/4.4.1/../../../../arm-none-eabi/lib/thumb2\libstdc++.a(class_type_info.o)
                0x00083c58                __cxxabiv1::__class_type_info::~__class_type_info()
 .text._ZN10__cxxabiv117__class_type_infoD0Ev
                0x00083c6c       0x1c c:/androxstudio/legacy/arduino/hardware/tools/g++_arm_none_eabi/bin/../lib/gcc/arm-none-eabi/4.4.1/../../../../arm-none-eabi/lib/thumb2\libstdc++.a(class_type_info.o)
                0x00083c6c                __cxxabiv1::__class_type_info::~__class_type_info()
 .text._ZNSt9exceptionD2Ev
                0x00083c88        0xc c:/androxstudio/legacy/arduino/hardware/tools/g++_arm_none_eabi/bin/../lib/gcc/arm-none-eabi/4.4.1/../../../../arm-none-eabi/lib/thumb2\libstdc++.a(eh_exception.o)
                0x00083c88                std::exception::~exception()
 .text._ZNSt9exceptionD1Ev
                0x00083c94        0xc c:/androxstudio/legacy/arduino/hardware/tools/g++_arm_none_eabi/bin/../lib/gcc/arm-none-eabi/4.4.1/../../../../arm-none-eabi/lib/thumb2\libstdc++.a(eh_exception.o)
                0x00083c94                std::exception::~exception()
 .text._ZNSt13bad_exceptionD1Ev
                0x00083ca0        0xc c:/androxstudio/legacy/arduino/hardware/tools/g++_arm_none_eabi/bin/../lib/gcc/arm-none-eabi/4.4.1/../../../../arm-none-eabi/lib/thumb2\libstdc++.a(eh_exception.o)
                0x00083ca0                std::bad_exception::~bad_exception()
 .text._ZNKSt9exception4whatEv
                0x00083cac        0xc c:/androxstudio/legacy/arduino/hardware/tools/g++_arm_none_eabi/bin/../lib/gcc/arm-none-eabi/4.4.1/../../../../arm-none-eabi/lib/thumb2\libstdc++.a(eh_exception.o)
                0x00083cac                std::exception::what() const
 .text._ZNKSt13bad_exception4whatEv
                0x00083cb8        0xc c:/androxstudio/legacy/arduino/hardware/tools/g++_arm_none_eabi/bin/../lib/gcc/arm-none-eabi/4.4.1/../../../../arm-none-eabi/lib/thumb2\libstdc++.a(eh_exception.o)
                0x00083cb8                std::bad_exception::what() const
 .text._ZNSt9exceptionD0Ev
                0x00083cc4       0x14 c:/androxstudio/legacy/arduino/hardware/tools/g++_arm_none_eabi/bin/../lib/gcc/arm-none-eabi/4.4.1/../../../../arm-none-eabi/lib/thumb2\libstdc++.a(eh_exception.o)
                0x00083cc4                std::exception::~exception()
 .text._ZNSt13bad_exceptionD0Ev
                0x00083cd8       0x14 c:/androxstudio/legacy/arduino/hardware/tools/g++_arm_none_eabi/bin/../lib/gcc/arm-none-eabi/4.4.1/../../../../arm-none-eabi/lib/thumb2\libstdc++.a(eh_exception.o)
                0x00083cd8                std::bad_exception::~bad_exception()
 .text.__cxa_rethrow
                0x00083cec       0x74 c:/androxstudio/legacy/arduino/hardware/tools/g++_arm_none_eabi/bin/../lib/gcc/arm-none-eabi/4.4.1/../../../../arm-none-eabi/lib/thumb2\libstdc++.a(eh_throw.o)
                0x00083cec                __cxa_rethrow
 .text.__cxa_throw
                0x00083d60       0x68 c:/androxstudio/legacy/arduino/hardware/tools/g++_arm_none_eabi/bin/../lib/gcc/arm-none-eabi/4.4.1/../../../../arm-none-eabi/lib/thumb2\libstdc++.a(eh_throw.o)
                0x00083d60                __cxa_throw
 .text._ZL23__gxx_exception_cleanup19_Unwind_Reason_CodeP21_Unwind_Control_Block
                0x00083dc8       0x2c c:/androxstudio/legacy/arduino/hardware/tools/g++_arm_none_eabi/bin/../lib/gcc/arm-none-eabi/4.4.1/../../../../arm-none-eabi/lib/thumb2\libstdc++.a(eh_throw.o)
 .text._ZdlPv   0x00083df4        0x8 c:/androxstudio/legacy/arduino/hardware/tools/g++_arm_none_eabi/bin/../lib/gcc/arm-none-eabi/4.4.1/../../../../arm-none-eabi/lib/thumb2\libstdc++.a(del_op.o)
                0x00083df4                operator delete(void*)
 .text.__cxa_end_catch
                0x00083dfc       0x94 c:/androxstudio/legacy/arduino/hardware/tools/g++_arm_none_eabi/bin/../lib/gcc/arm-none-eabi/4.4.1/../../../../arm-none-eabi/lib/thumb2\libstdc++.a(eh_catch.o)
                0x00083dfc                __cxa_end_catch
 .text.__cxa_begin_catch
                0x00083e90       0x94 c:/androxstudio/legacy/arduino/hardware/tools/g++_arm_none_eabi/bin/../lib/gcc/arm-none-eabi/4.4.1/../../../../arm-none-eabi/lib/thumb2\libstdc++.a(eh_catch.o)
                0x00083e90                __cxa_begin_catch
 .text._ZNK10__cxxabiv120__si_class_type_info11__do_upcastEPKNS_17__class_type_infoEPKvRNS1_15__upcast_resultE
                0x00083f24       0x28 c:/androxstudio/legacy/arduino/hardware/tools/g++_arm_none_eabi/bin/../lib/gcc/arm-none-eabi/4.4.1/../../../../arm-none-eabi/lib/thumb2\libstdc++.a(si_class_type_info.o)
                0x00083f24                __cxxabiv1::__si_class_type_info::__do_upcast(__cxxabiv1::__class_type_info const*, void const*, __cxxabiv1::__class_type_info::__upcast_result&) const
 .text._ZNK10__cxxabiv120__si_class_type_info12__do_dyncastEiNS_17__class_type_info10__sub_kindEPKS1_PKvS4_S6_RNS1_16__dyncast_resultE
                0x00083f4c       0x88 c:/androxstudio/legacy/arduino/hardware/tools/g++_arm_none_eabi/bin/../lib/gcc/arm-none-eabi/4.4.1/../../../../arm-none-eabi/lib/thumb2\libstdc++.a(si_class_type_info.o)
                0x00083f4c                __cxxabiv1::__si_class_type_info::__do_dyncast(int, __cxxabiv1::__class_type_info::__sub_kind, __cxxabiv1::__class_type_info const*, void const*, __cxxabiv1::__class_type_info const*, void const*, __cxxabiv1::__class_type_info::__dyncast_result&) const
 .text._ZNK10__cxxabiv120__si_class_type_info20__do_find_public_srcEiPKvPKNS_17__class_type_infoES2_
                0x00083fd4       0x38 c:/androxstudio/legacy/arduino/hardware/tools/g++_arm_none_eabi/bin/../lib/gcc/arm-none-eabi/4.4.1/../../../../arm-none-eabi/lib/thumb2\libstdc++.a(si_class_type_info.o)
                0x00083fd4                __cxxabiv1::__si_class_type_info::__do_find_public_src(int, void const*, __cxxabiv1::__class_type_info const*, void const*) const
 .text._ZN10__cxxabiv120__si_class_type_infoD1Ev
                0x0008400c       0x14 c:/androxstudio/legacy/arduino/hardware/tools/g++_arm_none_eabi/bin/../lib/gcc/arm-none-eabi/4.4.1/../../../../arm-none-eabi/lib/thumb2\libstdc++.a(si_class_type_info.o)
                0x0008400c                __cxxabiv1::__si_class_type_info::~__si_class_type_info()
 .text._ZN10__cxxabiv120__si_class_type_infoD0Ev
                0x00084020       0x1c c:/androxstudio/legacy/arduino/hardware/tools/g++_arm_none_eabi/bin/../lib/gcc/arm-none-eabi/4.4.1/../../../../arm-none-eabi/lib/thumb2\libstdc++.a(si_class_type_info.o)
                0x00084020                __cxxabiv1::__si_class_type_info::~__si_class_type_info()
 .text._ZNKSt10bad_typeid4whatEv
                0x0008403c        0xc c:/androxstudio/legacy/arduino/hardware/tools/g++_arm_none_eabi/bin/../lib/gcc/arm-none-eabi/4.4.1/../../../../arm-none-eabi/lib/thumb2\libstdc++.a(bad_typeid.o)
                0x0008403c                std::bad_typeid::what() const
 .text._ZNSt10bad_typeidD1Ev
                0x00084048       0x14 c:/androxstudio/legacy/arduino/hardware/tools/g++_arm_none_eabi/bin/../lib/gcc/arm-none-eabi/4.4.1/../../../../arm-none-eabi/lib/thumb2\libstdc++.a(bad_typeid.o)
                0x00084048                std::bad_typeid::~bad_typeid()
 .text._ZNSt10bad_typeidD0Ev
                0x0008405c       0x1c c:/androxstudio/legacy/arduino/hardware/tools/g++_arm_none_eabi/bin/../lib/gcc/arm-none-eabi/4.4.1/../../../../arm-none-eabi/lib/thumb2\libstdc++.a(bad_typeid.o)
                0x0008405c                std::bad_typeid::~bad_typeid()
 .text.__cxa_get_globals_fast
                0x00084078        0xc c:/androxstudio/legacy/arduino/hardware/tools/g++_arm_none_eabi/bin/../lib/gcc/arm-none-eabi/4.4.1/../../../../arm-none-eabi/lib/thumb2\libstdc++.a(eh_globals.o)
                0x00084078                __cxa_get_globals_fast
 .text.__cxa_get_globals
                0x00084084        0xc c:/androxstudio/legacy/arduino/hardware/tools/g++_arm_none_eabi/bin/../lib/gcc/arm-none-eabi/4.4.1/../../../../arm-none-eabi/lib/thumb2\libstdc++.a(eh_globals.o)
                0x00084084                __cxa_get_globals
 .text._ZN9__gnu_cxx27__verbose_terminate_handlerEv
                0x00084090      0x140 c:/androxstudio/legacy/arduino/hardware/tools/g++_arm_none_eabi/bin/../lib/gcc/arm-none-eabi/4.4.1/../../../../arm-none-eabi/lib/thumb2\libstdc++.a(vterminate.o)
                0x00084090                __gnu_cxx::__verbose_terminate_handler()
 .text._ZNK10__cxxabiv119__pointer_type_info14__is_pointer_pEv
                0x000841d0        0x4 c:/androxstudio/legacy/arduino/hardware/tools/g++_arm_none_eabi/bin/../lib/gcc/arm-none-eabi/4.4.1/../../../../arm-none-eabi/lib/thumb2\libstdc++.a(pointer_type_info.o)
                0x000841d0                __cxxabiv1::__pointer_type_info::__is_pointer_p() const
 .text._ZNK10__cxxabiv119__pointer_type_info15__pointer_catchEPKNS_17__pbase_type_infoEPPvj
                0x000841d4       0x4c c:/androxstudio/legacy/arduino/hardware/tools/g++_arm_none_eabi/bin/../lib/gcc/arm-none-eabi/4.4.1/../../../../arm-none-eabi/lib/thumb2\libstdc++.a(pointer_type_info.o)
                0x000841d4                __cxxabiv1::__pointer_type_info::__pointer_catch(__cxxabiv1::__pbase_type_info const*, void**, unsigned int) const
 .text._ZN10__cxxabiv119__pointer_type_infoD1Ev
                0x00084220       0x14 c:/androxstudio/legacy/arduino/hardware/tools/g++_arm_none_eabi/bin/../lib/gcc/arm-none-eabi/4.4.1/../../../../arm-none-eabi/lib/thumb2\libstdc++.a(pointer_type_info.o)
                0x00084220                __cxxabiv1::__pointer_type_info::~__pointer_type_info()
 .text._ZN10__cxxabiv119__pointer_type_infoD0Ev
                0x00084234       0x1c c:/androxstudio/legacy/arduino/hardware/tools/g++_arm_none_eabi/bin/../lib/gcc/arm-none-eabi/4.4.1/../../../../arm-none-eabi/lib/thumb2\libstdc++.a(pointer_type_info.o)
                0x00084234                __cxxabiv1::__pointer_type_info::~__pointer_type_info()
 .text.__cxa_current_exception_type
                0x00084250       0x1c c:/androxstudio/legacy/arduino/hardware/tools/g++_arm_none_eabi/bin/../lib/gcc/arm-none-eabi/4.4.1/../../../../arm-none-eabi/lib/thumb2\libstdc++.a(eh_type.o)
                0x00084250                __cxa_current_exception_type
 .text          0x0008426c     0x38b8 c:/androxstudio/legacy/arduino/hardware/tools/g++_arm_none_eabi/bin/../lib/gcc/arm-none-eabi/4.4.1/../../../../arm-none-eabi/lib/thumb2\libstdc++.a(cp-demangle.o)
                0x00087694                __gcclibcxx_demangle_callback
                0x000876c4                __cxa_demangle
 .text._ZNK10__cxxabiv117__pbase_type_info15__pointer_catchEPKS0_PPvj
                0x00087b24       0x14 c:/androxstudio/legacy/arduino/hardware/tools/g++_arm_none_eabi/bin/../lib/gcc/arm-none-eabi/4.4.1/../../../../arm-none-eabi/lib/thumb2\libstdc++.a(pbase_type_info.o)
                0x00087b24                __cxxabiv1::__pbase_type_info::__pointer_catch(__cxxabiv1::__pbase_type_info const*, void**, unsigned int) const
 .text._ZNK10__cxxabiv117__pbase_type_info10__do_catchEPKSt9type_infoPPvj
                0x00087b38       0x68 c:/androxstudio/legacy/arduino/hardware/tools/g++_arm_none_eabi/bin/../lib/gcc/arm-none-eabi/4.4.1/../../../../arm-none-eabi/lib/thumb2\libstdc++.a(pbase_type_info.o)
                0x00087b38                __cxxabiv1::__pbase_type_info::__do_catch(std::type_info const*, void**, unsigned int) const
 .text._ZN10__cxxabiv117__pbase_type_infoD1Ev
                0x00087ba0       0x14 c:/androxstudio/legacy/arduino/hardware/tools/g++_arm_none_eabi/bin/../lib/gcc/arm-none-eabi/4.4.1/../../../../arm-none-eabi/lib/thumb2\libstdc++.a(pbase_type_info.o)
                0x00087ba0                __cxxabiv1::__pbase_type_info::~__pbase_type_info()
 .text._ZN10__cxxabiv117__pbase_type_infoD2Ev
                0x00087bb4       0x14 c:/androxstudio/legacy/arduino/hardware/tools/g++_arm_none_eabi/bin/../lib/gcc/arm-none-eabi/4.4.1/../../../../arm-none-eabi/lib/thumb2\libstdc++.a(pbase_type_info.o)
                0x00087bb4                __cxxabiv1::__pbase_type_info::~__pbase_type_info()
 .text._ZN10__cxxabiv117__pbase_type_infoD0Ev
                0x00087bc8       0x1c c:/androxstudio/legacy/arduino/hardware/tools/g++_arm_none_eabi/bin/../lib/gcc/arm-none-eabi/4.4.1/../../../../arm-none-eabi/lib/thumb2\libstdc++.a(pbase_type_info.o)
                0x00087bc8                __cxxabiv1::__pbase_type_info::~__pbase_type_info()
 .text          0x00087be4       0x24 c:/androxstudio/legacy/arduino/hardware/tools/g++_arm_none_eabi/bin/../lib/gcc/arm-none-eabi/4.4.1/../../../../arm-none-eabi/lib/thumb2\libm.a(lib_a-s_isinfd.o)
                0x00087be4                __isinfd
 .text          0x00087c08       0x1c c:/androxstudio/legacy/arduino/hardware/tools/g++_arm_none_eabi/bin/../lib/gcc/arm-none-eabi/4.4.1/../../../../arm-none-eabi/lib/thumb2\libm.a(lib_a-s_isnand.o)
                0x00087c08                __isnand
 .text          0x00087c24      0x370 c:/androxstudio/legacy/arduino/hardware/tools/g++_arm_none_eabi/bin/../lib/gcc/arm-none-eabi/4.4.1/thumb2\libgcc.a(_arm_addsubdf3.o)
                0x00087c24                __aeabi_drsub
                0x00087c2c                __aeabi_dsub
                0x00087c2c                __subdf3
                0x00087c30                __aeabi_dadd
                0x00087c30                __adddf3
                0x00087ea8                __floatunsidf
                0x00087ea8                __aeabi_ui2d
                0x00087ec8                __floatsidf
                0x00087ec8                __aeabi_i2d
                0x00087eec                __aeabi_f2d
                0x00087eec                __extendsfdf2
                0x00087f28                __floatundidf
                0x00087f28                __aeabi_ul2d
                0x00087f38                __floatdidf
                0x00087f38                __aeabi_l2d
 .text          0x00087f94      0x424 c:/androxstudio/legacy/arduino/hardware/tools/g++_arm_none_eabi/bin/../lib/gcc/arm-none-eabi/4.4.1/thumb2\libgcc.a(_arm_muldivdf3.o)
                0x00087f94                __aeabi_dmul
                0x00087f94                __muldf3
                0x000881e8                __divdf3
                0x000881e8                __aeabi_ddiv
 .text          0x000883b8      0x110 c:/androxstudio/legacy/arduino/hardware/tools/g++_arm_none_eabi/bin/../lib/gcc/arm-none-eabi/4.4.1/thumb2\libgcc.a(_arm_cmpdf2.o)
                0x000883b8                __gtdf2
                0x000883b8                __gedf2
                0x000883c0                __ltdf2
                0x000883c0                __ledf2
                0x000883c8                __nedf2
                0x000883c8                __eqdf2
                0x000883c8                __cmpdf2
                0x00088444                __aeabi_cdrcmple
                0x00088454                __aeabi_cdcmpeq
                0x00088454                __aeabi_cdcmple
                0x00088464                __aeabi_dcmpeq
                0x00088478                __aeabi_dcmplt
                0x0008848c                __aeabi_dcmple
                0x000884a0                __aeabi_dcmpge
                0x000884b4                __aeabi_dcmpgt
 .text          0x000884c8       0x50 c:/androxstudio/legacy/arduino/hardware/tools/g++_arm_none_eabi/bin/../lib/gcc/arm-none-eabi/4.4.1/thumb2\libgcc.a(_arm_fixdfsi.o)
                0x000884c8                __aeabi_d2iz
                0x000884c8                __fixdfsi
 .text          0x00088518      0xc58 c:/androxstudio/legacy/arduino/hardware/tools/g++_arm_none_eabi/bin/../lib/gcc/arm-none-eabi/4.4.1/thumb2\libgcc.a(unwind-arm.o)
                0x00088524                _Unwind_VRS_Get
                0x0008856c                _Unwind_VRS_Set
                0x0008862c                _Unwind_GetCFA
                0x00088630                _Unwind_Complete
                0x00088634                _Unwind_DeleteException
                0x00088984                __aeabi_unwind_cpp_pr2
                0x00088988                __aeabi_unwind_cpp_pr1
                0x0008898c                __aeabi_unwind_cpp_pr0
                0x00088ac8                __gnu_Unwind_Backtrace
                0x00088c94                __gnu_Unwind_ForcedUnwind
                0x00088cd8                __gnu_Unwind_RaiseException
                0x00088d5c                __gnu_Unwind_Resume_or_Rethrow
                0x00088d70                __gnu_Unwind_Resume
                0x00088dac                _Unwind_VRS_Pop
 .text          0x00089170      0x1ac c:/androxstudio/legacy/arduino/hardware/tools/g++_arm_none_eabi/bin/../lib/gcc/arm-none-eabi/4.4.1/thumb2\libgcc.a(libunwind.o)
                0x00089170                __restore_core_regs
                0x00089170                restore_core_regs
                0x00089188                __gnu_Unwind_Restore_VFP
                0x00089190                __gnu_Unwind_Save_VFP
                0x00089198                __gnu_Unwind_Restore_VFP_D
                0x000891a0                __gnu_Unwind_Save_VFP_D
                0x000891a8                __gnu_Unwind_Restore_VFP_D_16_to_31
                0x000891b0                __gnu_Unwind_Save_VFP_D_16_to_31
                0x000891b8                __gnu_Unwind_Restore_WMMXD
                0x000891fc                __gnu_Unwind_Save_WMMXD
                0x00089240                __gnu_Unwind_Restore_WMMXC
                0x00089254                __gnu_Unwind_Save_WMMXC
                0x00089268                ___Unwind_RaiseException
                0x00089268                _Unwind_RaiseException
                0x0008928c                _Unwind_Resume
                0x0008928c                ___Unwind_Resume
                0x000892b0                _Unwind_Resume_or_Rethrow
                0x000892b0                ___Unwind_Resume_or_Rethrow
                0x000892d4                _Unwind_ForcedUnwind
                0x000892d4                ___Unwind_ForcedUnwind
                0x000892f8                ___Unwind_Backtrace
                0x000892f8                _Unwind_Backtrace
 .text          0x0008931c      0x3b8 c:/androxstudio/legacy/arduino/hardware/tools/g++_arm_none_eabi/bin/../lib/gcc/arm-none-eabi/4.4.1/thumb2\libgcc.a(pr-support.o)
                0x00089354                _Unwind_GetTextRelBase
                0x0008935c                _Unwind_GetDataRelBase
                0x00089380                _Unwind_GetLanguageSpecificData
                0x00089394                _Unwind_GetRegionStart
                0x000893a0                __gnu_unwind_execute
                0x000896a8                __gnu_unwind_frame
 .text          0x000896d4       0x10 c:/androxstudio/legacy/arduino/hardware/tools/g++_arm_none_eabi/bin/../lib/gcc/arm-none-eabi/4.4.1/../../../../arm-none-eabi/lib/thumb2\libc.a(lib_a-abort.o)
                0x000896d4                abort
 .text          0x000896e4       0x54 c:/androxstudio/legacy/arduino/hardware/tools/g++_arm_none_eabi/bin/../lib/gcc/arm-none-eabi/4.4.1/../../../../arm-none-eabi/lib/thumb2\libc.a(lib_a-assert.o)
                0x000896e4                __assert_func
                0x0008972c                __assert
 .text          0x00089738       0x4c c:/androxstudio/legacy/arduino/hardware/tools/g++_arm_none_eabi/bin/../lib/gcc/arm-none-eabi/4.4.1/../../../../arm-none-eabi/lib/thumb2\libc.a(lib_a-fiprintf.o)
                0x00089738                fiprintf
                0x00089764                _fiprintf_r
 .text          0x00089784       0xac c:/androxstudio/legacy/arduino/hardware/tools/g++_arm_none_eabi/bin/../lib/gcc/arm-none-eabi/4.4.1/../../../../arm-none-eabi/lib/thumb2\libc.a(lib_a-fputc.o)
                0x00089784                fputc
                0x000897dc                _fputc_r
 .text          0x00089830       0x90 c:/androxstudio/legacy/arduino/hardware/tools/g++_arm_none_eabi/bin/../lib/gcc/arm-none-eabi/4.4.1/../../../../arm-none-eabi/lib/thumb2\libc.a(lib_a-fputs.o)
                0x00089830                _fputs_r
                0x000898b0                fputs
 .text          0x000898c0      0x334 c:/androxstudio/legacy/arduino/hardware/tools/g++_arm_none_eabi/bin/../lib/gcc/arm-none-eabi/4.4.1/../../../../arm-none-eabi/lib/thumb2\libc.a(lib_a-fvwrite.o)
                0x000898c0                __sfvwrite_r
 .text          0x00089bf4       0xc0 c:/androxstudio/legacy/arduino/hardware/tools/g++_arm_none_eabi/bin/../lib/gcc/arm-none-eabi/4.4.1/../../../../arm-none-eabi/lib/thumb2\libc.a(lib_a-fwrite.o)
                0x00089bf4                _fwrite_r
                0x00089c90                fwrite
 .text          0x00089cb4       0x50 c:/androxstudio/legacy/arduino/hardware/tools/g++_arm_none_eabi/bin/../lib/gcc/arm-none-eabi/4.4.1/../../../../arm-none-eabi/lib/thumb2\libc.a(lib_a-init.o)
                0x00089cb4                __libc_init_array
 .text          0x00089d04       0x64 c:/androxstudio/legacy/arduino/hardware/tools/g++_arm_none_eabi/bin/../lib/gcc/arm-none-eabi/4.4.1/../../../../arm-none-eabi/lib/thumb2\libc.a(lib_a-iprintf.o)
                0x00089d04                _iprintf_r
                0x00089d30                iprintf
 .text          0x00089d68       0x20 c:/androxstudio/legacy/arduino/hardware/tools/g++_arm_none_eabi/bin/../lib/gcc/arm-none-eabi/4.4.1/../../../../arm-none-eabi/lib/thumb2\libc.a(lib_a-malloc.o)
                0x00089d68                free
                0x00089d78                malloc
 .text          0x00089d88      0x5a4 c:/androxstudio/legacy/arduino/hardware/tools/g++_arm_none_eabi/bin/../lib/gcc/arm-none-eabi/4.4.1/../../../../arm-none-eabi/lib/thumb2\libc.a(lib_a-mallocr.o)
                0x00089d88                _malloc_r
 .text          0x0008a32c       0x74 c:/androxstudio/legacy/arduino/hardware/tools/g++_arm_none_eabi/bin/../lib/gcc/arm-none-eabi/4.4.1/../../../../arm-none-eabi/lib/thumb2\libc.a(lib_a-memchr.o)
                0x0008a32c                memchr
 .text          0x0008a3a0       0x64 c:/androxstudio/legacy/arduino/hardware/tools/g++_arm_none_eabi/bin/../lib/gcc/arm-none-eabi/4.4.1/../../../../arm-none-eabi/lib/thumb2\libc.a(lib_a-memcmp.o)
                0x0008a3a0                memcmp
 .text          0x0008a404      0x190 c:/androxstudio/legacy/arduino/hardware/tools/g++_arm_none_eabi/bin/../lib/gcc/arm-none-eabi/4.4.1/../../../../arm-none-eabi/lib/thumb2\libc.a(lib_a-memcpy.o)
                0x0008a404                memcpy
 .text          0x0008a594       0xb8 c:/androxstudio/legacy/arduino/hardware/tools/g++_arm_none_eabi/bin/../lib/gcc/arm-none-eabi/4.4.1/../../../../arm-none-eabi/lib/thumb2\libc.a(lib_a-memmove.o)
                0x0008a594                memmove
 .text          0x0008a64c       0xd4 c:/androxstudio/legacy/arduino/hardware/tools/g++_arm_none_eabi/bin/../lib/gcc/arm-none-eabi/4.4.1/../../../../arm-none-eabi/lib/thumb2\libc.a(lib_a-memset.o)
                0x0008a64c                memset
 .text          0x0008a720        0x8 c:/androxstudio/legacy/arduino/hardware/tools/g++_arm_none_eabi/bin/../lib/gcc/arm-none-eabi/4.4.1/../../../../arm-none-eabi/lib/thumb2\libc.a(lib_a-mlock.o)
                0x0008a720                __malloc_lock
                0x0008a724                __malloc_unlock
 .text          0x0008a728      0x138 c:/androxstudio/legacy/arduino/hardware/tools/g++_arm_none_eabi/bin/../lib/gcc/arm-none-eabi/4.4.1/../../../../arm-none-eabi/lib/thumb2\libc.a(lib_a-putc.o)
                0x0008a728                putc
                0x0008a7d0                _putc_r
 .text          0x0008a860       0x14 c:/androxstudio/legacy/arduino/hardware/tools/g++_arm_none_eabi/bin/../lib/gcc/arm-none-eabi/4.4.1/../../../../arm-none-eabi/lib/thumb2\libc.a(lib_a-realloc.o)
                0x0008a860                realloc
 .text          0x0008a874      0x3b4 c:/androxstudio/legacy/arduino/hardware/tools/g++_arm_none_eabi/bin/../lib/gcc/arm-none-eabi/4.4.1/../../../../arm-none-eabi/lib/thumb2\libc.a(lib_a-reallocr.o)
                0x0008a874                _realloc_r
 .text          0x0008ac28       0x28 c:/androxstudio/legacy/arduino/hardware/tools/g++_arm_none_eabi/bin/../lib/gcc/arm-none-eabi/4.4.1/../../../../arm-none-eabi/lib/thumb2\libc.a(lib_a-sbrkr.o)
                0x0008ac28                _sbrk_r
 .text          0x0008ac50      0x14c c:/androxstudio/legacy/arduino/hardware/tools/g++_arm_none_eabi/bin/../lib/gcc/arm-none-eabi/4.4.1/../../../../arm-none-eabi/lib/thumb2\libc.a(lib_a-signal.o)
                0x0008ac50                _raise_r
                0x0008aca8                raise
                0x0008acb8                _init_signal_r
                0x0008ace0                _init_signal
                0x0008acec                __sigtramp_r
                0x0008ad40                __sigtramp
                0x0008ad50                _signal_r
                0x0008ad8c                signal
 .text          0x0008ad9c       0x30 c:/androxstudio/legacy/arduino/hardware/tools/g++_arm_none_eabi/bin/../lib/gcc/arm-none-eabi/4.4.1/../../../../arm-none-eabi/lib/thumb2\libc.a(lib_a-signalr.o)
                0x0008ad9c                _getpid_r
                0x0008ada0                _kill_r
 .text          0x0008adcc       0x94 c:/androxstudio/legacy/arduino/hardware/tools/g++_arm_none_eabi/bin/../lib/gcc/arm-none-eabi/4.4.1/../../../../arm-none-eabi/lib/thumb2\libc.a(lib_a-sprintf.o)
                0x0008adcc                sprintf
                0x0008ae1c                _sprintf_r
 .text          0x0008ae60      0x1dc c:/androxstudio/legacy/arduino/hardware/tools/g++_arm_none_eabi/bin/../lib/gcc/arm-none-eabi/4.4.1/../../../../arm-none-eabi/lib/thumb2\libc.a(lib_a-strcmp.o)
                0x0008ae60                strcmp
 .text          0x0008b03c       0xbc c:/androxstudio/legacy/arduino/hardware/tools/g++_arm_none_eabi/bin/../lib/gcc/arm-none-eabi/4.4.1/../../../../arm-none-eabi/lib/thumb2\libc.a(lib_a-strcpy.o)
                0x0008b03c                strcpy
 .text          0x0008b0f8       0x60 c:/androxstudio/legacy/arduino/hardware/tools/g++_arm_none_eabi/bin/../lib/gcc/arm-none-eabi/4.4.1/../../../../arm-none-eabi/lib/thumb2\libc.a(lib_a-strlen.o)
                0x0008b0f8                strlen
 .text          0x0008b158       0xa8 c:/androxstudio/legacy/arduino/hardware/tools/g++_arm_none_eabi/bin/../lib/gcc/arm-none-eabi/4.4.1/../../../../arm-none-eabi/lib/thumb2\libc.a(lib_a-strncmp.o)
                0x0008b158                strncmp
 .text          0x0008b200     0x15a8 c:/androxstudio/legacy/arduino/hardware/tools/g++_arm_none_eabi/bin/../lib/gcc/arm-none-eabi/4.4.1/../../../../arm-none-eabi/lib/thumb2\libc.a(lib_a-svfprintf.o)
                0x0008b31c                _svfprintf_r
 .text          0x0008c7a8      0xd38 c:/androxstudio/legacy/arduino/hardware/tools/g++_arm_none_eabi/bin/../lib/gcc/arm-none-eabi/4.4.1/../../../../arm-none-eabi/lib/thumb2\libc.a(lib_a-vfiprintf.o)
                0x0008c7c4                _vfiprintf_r
                0x0008d4c4                vfiprintf
 .text          0x0008d4e0       0xf8 c:/androxstudio/legacy/arduino/hardware/tools/g++_arm_none_eabi/bin/../lib/gcc/arm-none-eabi/4.4.1/../../../../arm-none-eabi/lib/thumb2\libc.a(lib_a-wbuf.o)
                0x0008d4e0                __swbuf_r
                0x0008d5c8                __swbuf
 .text          0x0008d5d8      0x104 c:/androxstudio/legacy/arduino/hardware/tools/g++_arm_none_eabi/bin/../lib/gcc/arm-none-eabi/4.4.1/../../../../arm-none-eabi/lib/thumb2\libc.a(lib_a-wsetup.o)
                0x0008d5d8                __swsetup_r
 *fill*         0x0008d6dc        0x4 00
 .text          0x0008d6e0      0xfb8 c:/androxstudio/legacy/arduino/hardware/tools/g++_arm_none_eabi/bin/../lib/gcc/arm-none-eabi/4.4.1/../../../../arm-none-eabi/lib/thumb2\libc.a(lib_a-dtoa.o)
                0x0008d800                _dtoa_r
 .text          0x0008e698      0x178 c:/androxstudio/legacy/arduino/hardware/tools/g++_arm_none_eabi/bin/../lib/gcc/arm-none-eabi/4.4.1/../../../../arm-none-eabi/lib/thumb2\libc.a(lib_a-fflush.o)
                0x0008e698                _fflush_r
                0x0008e7e8                fflush
 .text          0x0008e810      0x1c8 c:/androxstudio/legacy/arduino/hardware/tools/g++_arm_none_eabi/bin/../lib/gcc/arm-none-eabi/4.4.1/../../../../arm-none-eabi/lib/thumb2\libc.a(lib_a-findfp.o)
                0x0008e810                __sfp_lock_acquire
                0x0008e814                __sfp_lock_release
                0x0008e818                __sinit_lock_acquire
                0x0008e81c                __sinit_lock_release
                0x0008e828                __fp_unlock_all
                0x0008e840                __fp_lock_all
                0x0008e858                _cleanup_r
                0x0008e864                _cleanup
                0x0008e8c0                __sfmoreglue
                0x0008e8f0                __sfp
                0x0008e978                __sinit
 .text          0x0008e9d8      0x268 c:/androxstudio/legacy/arduino/hardware/tools/g++_arm_none_eabi/bin/../lib/gcc/arm-none-eabi/4.4.1/../../../../arm-none-eabi/lib/thumb2\libc.a(lib_a-freer.o)
                0x0008e9d8                _malloc_trim_r
                0x0008ea80                _free_r
 .text          0x0008ec40       0xa0 c:/androxstudio/legacy/arduino/hardware/tools/g++_arm_none_eabi/bin/../lib/gcc/arm-none-eabi/4.4.1/../../../../arm-none-eabi/lib/thumb2\libc.a(lib_a-fwalk.o)
                0x0008ec40                _fwalk_reent
                0x0008ec94                _fwalk
 .text          0x0008ece0       0x74 c:/androxstudio/legacy/arduino/hardware/tools/g++_arm_none_eabi/bin/../lib/gcc/arm-none-eabi/4.4.1/../../../../arm-none-eabi/lib/thumb2\libc.a(lib_a-locale.o)
                0x0008ece0                __locale_charset
                0x0008ecec                _localeconv_r
                0x0008ecf4                localeconv
                0x0008ecfc                _setlocale_r
                0x0008ed44                setlocale
 .text          0x0008ed54       0xdc c:/androxstudio/legacy/arduino/hardware/tools/g++_arm_none_eabi/bin/../lib/gcc/arm-none-eabi/4.4.1/../../../../arm-none-eabi/lib/thumb2\libc.a(lib_a-makebuf.o)
                0x0008ed54                __smakebuf_r
 .text          0x0008ee30      0x958 c:/androxstudio/legacy/arduino/hardware/tools/g++_arm_none_eabi/bin/../lib/gcc/arm-none-eabi/4.4.1/../../../../arm-none-eabi/lib/thumb2\libc.a(lib_a-mprec.o)
                0x0008ee30                __hi0bits
                0x0008ee70                __lo0bits
                0x0008eed4                __mcmp
                0x0008ef14                __ulp
                0x0008ef60                __b2d
                0x0008f008                __ratio
                0x0008f068                _mprec_log10
                0x0008f0a0                __copybits
                0x0008f0f0                __any_on
                0x0008f148                _Bfree
                0x0008f180                _Balloc
                0x0008f1ec                __d2b
                0x0008f2bc                __mdiff
                0x0008f3b4                __lshift
                0x0008f470                __multiply
                0x0008f5a4                __i2b
                0x0008f5b8                __multadd
                0x0008f640                __pow5mult
                0x0008f6ec                __s2b
 .text          0x0008f788       0x90 c:/androxstudio/legacy/arduino/hardware/tools/g++_arm_none_eabi/bin/../lib/gcc/arm-none-eabi/4.4.1/../../../../arm-none-eabi/lib/thumb2\libc.a(lib_a-stdio.o)
                0x0008f788                __sclose
                0x0008f790                __sseek
                0x0008f7b8                __swrite