Archive member included because of file (symbol)

C:/AndroXStudio/workspace/ROBOEX_3WD_BUZZER/Release/arduino.ar(wiring.c.o)
                              ./ROBOEX_3WD_BUZZER.cpp.o (delay)
C:/AndroXStudio/workspace/ROBOEX_3WD_BUZZER/Release/arduino.ar(wiring_digital.c.o)
                              ./ROBOEX_3WD_BUZZER.cpp.o (digitalWrite)
C:/AndroXStudio/workspace/ROBOEX_3WD_BUZZER/Release/arduino.ar(variant.cpp.o)
                              C:/AndroXStudio/workspace/ROBOEX_3WD_BUZZER/Release/arduino.ar(wiring_digital.c.o) (g_APinDescription)
C:/AndroXStudio/workspace/ROBOEX_3WD_BUZZER/Release/arduino.ar(RingBuffer.cpp.o)
                              C:/AndroXStudio/workspace/ROBOEX_3WD_BUZZER/Release/arduino.ar(variant.cpp.o) (RingBuffer::RingBuffer())
C:/AndroXStudio/workspace/ROBOEX_3WD_BUZZER/Release/arduino.ar(UARTClass.cpp.o)
                              C:/AndroXStudio/workspace/ROBOEX_3WD_BUZZER/Release/arduino.ar(variant.cpp.o) (UARTClass::UARTClass(Uart*, IRQn, unsigned long, RingBuffer*))
C:/AndroXStudio/workspace/ROBOEX_3WD_BUZZER/Release/arduino.ar(USARTClass.cpp.o)
                              C:/AndroXStudio/workspace/ROBOEX_3WD_BUZZER/Release/arduino.ar(variant.cpp.o) (USARTClass::USARTClass(Usart*, IRQn, unsigned long, RingBuffer*))
C:/AndroXStudio/workspace/ROBOEX_3WD_BUZZER/Release/arduino.ar(cxxabi-compat.cpp.o)
                              C:/AndroXStudio/workspace/ROBOEX_3WD_BUZZER/Release/arduino.ar(UARTClass.cpp.o) (__cxa_pure_virtual)
C:/AndroXStudio/workspace/ROBOEX_3WD_BUZZER/Release/arduino.ar(hooks.c.o)
                              C:/AndroXStudio/workspace/ROBOEX_3WD_BUZZER/Release/arduino.ar(wiring.c.o) (yield)
C:/AndroXStudio/workspace/ROBOEX_3WD_BUZZER/Release/arduino.ar(wiring_analog.c.o)
                              C:/AndroXStudio/workspace/ROBOEX_3WD_BUZZER/Release/arduino.ar(variant.cpp.o) (analogOutputInit)
C:/AndroXStudio/workspace/ROBOEX_3WD_BUZZER/Release/arduino.ar(Print.cpp.o)
                              C:/AndroXStudio/workspace/ROBOEX_3WD_BUZZER/Release/arduino.ar(UARTClass.cpp.o) (Print::write(unsigned char const*, unsigned int))
C:/AndroXStudio/workspace/ROBOEX_3WD_BUZZER/Release/arduino.ar(WString.cpp.o)
                              C:/AndroXStudio/workspace/ROBOEX_3WD_BUZZER/Release/arduino.ar(Print.cpp.o) (String::operator[](unsigned int) const)
C:/AndroXStudio/workspace/ROBOEX_3WD_BUZZER/Release/arduino.ar(itoa.c.o)
                              C:/AndroXStudio/workspace/ROBOEX_3WD_BUZZER/Release/arduino.ar(WString.cpp.o) (ltoa)
C:/AndroXStudio/workspace/ROBOEX_3WD_BUZZER/Release/arduino.ar(dtostrf.c.o)
                              C:/AndroXStudio/workspace/ROBOEX_3WD_BUZZER/Release/arduino.ar(WString.cpp.o) (dtostrf)
C:/AndroXStudio/legacy/arduino/hardware/arduino/sam/variants/arduino_due_x/libsam_sam3x8e_gcc_rel.a(pio.o)
                              C:/AndroXStudio/workspace/ROBOEX_3WD_BUZZER/Release/arduino.ar(wiring_digital.c.o) (PIO_PullUp)
C:/AndroXStudio/legacy/arduino/hardware/arduino/sam/variants/arduino_due_x/libsam_sam3x8e_gcc_rel.a(pmc.o)
                              C:/AndroXStudio/workspace/ROBOEX_3WD_BUZZER/Release/arduino.ar(wiring_digital.c.o) (pmc_enable_periph_clk)
C:/AndroXStudio/legacy/arduino/hardware/arduino/sam/variants/arduino_due_x/libsam_sam3x8e_gcc_rel.a(pwmc.o)
                              C:/AndroXStudio/workspace/ROBOEX_3WD_BUZZER/Release/arduino.ar(wiring_analog.c.o) (PWMC_ConfigureChannel)
C:/AndroXStudio/legacy/arduino/hardware/arduino/sam/variants/arduino_due_x/libsam_sam3x8e_gcc_rel.a(tc.o)
                              C:/AndroXStudio/workspace/ROBOEX_3WD_BUZZER/Release/arduino.ar(wiring_analog.c.o) (TC_Configure)
C:/AndroXStudio/legacy/arduino/hardware/arduino/sam/variants/arduino_due_x/libsam_sam3x8e_gcc_rel.a(timetick.o)
                              C:/AndroXStudio/workspace/ROBOEX_3WD_BUZZER/Release/arduino.ar(wiring.c.o) (GetTickCount)
C:/AndroXStudio/legacy/arduino/hardware/arduino/sam/variants/arduino_due_x/libsam_sam3x8e_gcc_rel.a(wdt.o)
                              C:/AndroXStudio/workspace/ROBOEX_3WD_BUZZER/Release/arduino.ar(variant.cpp.o) (WDT_Disable)
C:/AndroXStudio/legacy/arduino/hardware/arduino/sam/variants/arduino_due_x/libsam_sam3x8e_gcc_rel.a(system_sam3xa.o)
                              C:/AndroXStudio/workspace/ROBOEX_3WD_BUZZER/Release/arduino.ar(variant.cpp.o) (SystemInit)
C:/AndroXStudio/legacy/arduino/hardware/arduino/sam/variants/arduino_due_x/libsam_sam3x8e_gcc_rel.a(startup_sam3xa.o)
                              (Reset_Handler)
C:/AndroXStudio/legacy/arduino/hardware/arduino/sam/variants/arduino_due_x/libsam_sam3x8e_gcc_rel.a(adc.o)
                              C:/AndroXStudio/workspace/ROBOEX_3WD_BUZZER/Release/arduino.ar(variant.cpp.o) (adc_init)
C:/AndroXStudio/legacy/arduino/hardware/arduino/sam/variants/arduino_due_x/libsam_sam3x8e_gcc_rel.a(uotghs.o)
[...]
Memory Configuration

Name             Origin             Length             Attributes
rom              0x00080000         0x00080000         xr
sram0            0x20000000         0x00010000         xrw
sram1            0x20080000         0x00008000         xrw
ram              0x20070000         0x00018000         xrw
*default*        0x00000000         0xffffffff

Linker script and memory map

LOAD c:/androxstudio/legacy/arduino/hardware/tools/g++_arm_none_eabi/bin/../lib/gcc/arm-none-eabi/4.4.1/thumb2/crti.o
LOAD c:/androxstudio/legacy/arduino/hardware/tools/g++_arm_none_eabi/bin/../lib/gcc/arm-none-eabi/4.4.1/thumb2/crtbegin.o
LOAD c:/androxstudio/legacy/arduino/hardware/tools/g++_arm_none_eabi/bin/../lib/gcc/arm-none-eabi/4.4.1/thumb2\libgcc.a
START GROUP
LOAD C:/AndroXStudio/workspace/ROBOEX_3WD_BUZZER/Release/arduino/syscalls_sam3.c.o
LOAD ./ROBOEX_3WD_BUZZER.cpp.o
LOAD C:/AndroXStudio/workspace/ROBOEX_3WD_BUZZER/Release/arduino.ar
LOAD C:/AndroXStudio/legacy/arduino/hardware/arduino/sam/variants/arduino_due_x/libsam_sam3x8e_gcc_rel.a
LOAD C:/AndroXStudio/workspace/ROBOEX_3WD_BUZZER/Release/arduino.ar
END GROUP
LOAD c:/androxstudio/legacy/arduino/hardware/tools/g++_arm_none_eabi/bin/../lib/gcc/arm-none-eabi/4.4.1/../../../../arm-none-eabi/lib/thumb2\libstdc++.a
LOAD c:/androxstudio/legacy/arduino/hardware/tools/g++_arm_none_eabi/bin/../lib/gcc/arm-none-eabi/4.4.1/../../../../arm-none-eabi/lib/thumb2\libm.a
START GROUP
LOAD c:/androxstudio/legacy/arduino/hardware/tools/g++_arm_none_eabi/bin/../lib/gcc/arm-none-eabi/4.4.1/thumb2\libgcc.a
LOAD c:/androxstudio/legacy/arduino/hardware/tools/g++_arm_none_eabi/bin/../lib/gcc/arm-none-eabi/4.4.1/../../../../arm-none-eabi/lib/thumb2\libc.a
END GROUP
LOAD c:/androxstudio/legacy/arduino/hardware/tools/g++_arm_none_eabi/bin/../lib/gcc/arm-none-eabi/4.4.1/thumb2/crtend.o
LOAD c:/androxstudio/legacy/arduino/hardware/tools/g++_arm_none_eabi/bin/../lib/gcc/arm-none-eabi/4.4.1/thumb2/crtn.o

.text           0x00080000     0x6618
                0x00080000                . = ALIGN (0x4)
                0x00080000                _sfixed = .
 *(.vectors .vectors.*)
 .vectors       0x00080000       0xf4 C:/AndroXStudio/legacy/arduino/hardware/arduino/sam/variants/arduino_due_x/libsam_sam3x8e_gcc_rel.a(startup_sam3xa.o)
                0x00080000                exception_table
 *(.text .text.* .gnu.linkonce.t.*)
 .text          0x000800f4       0x30 c:/androxstudio/legacy/arduino/hardware/tools/g++_arm_none_eabi/bin/../lib/gcc/arm-none-eabi/4.4.1/thumb2/crtbegin.o
 .text._sbrk    0x00080124       0x20 C:/AndroXStudio/workspace/ROBOEX_3WD_BUZZER/Release/arduino/syscalls_sam3.c.o
                0x00080124                _sbrk
 .text._close   0x00080144        0x6 C:/AndroXStudio/workspace/ROBOEX_3WD_BUZZER/Release/arduino/syscalls_sam3.c.o
                0x00080144                _close
 .text._fstat   0x0008014a        0xa C:/AndroXStudio/workspace/ROBOEX_3WD_BUZZER/Release/arduino/syscalls_sam3.c.o
                0x0008014a                _fstat
 .text._isatty  0x00080154        0x4 C:/AndroXStudio/workspace/ROBOEX_3WD_BUZZER/Release/arduino/syscalls_sam3.c.o
                0x00080154                _isatty
 .text._lseek   0x00080158        0x4 C:/AndroXStudio/workspace/ROBOEX_3WD_BUZZER/Release/arduino/syscalls_sam3.c.o
                0x00080158                _lseek
 .text._read    0x0008015c        0x4 C:/AndroXStudio/workspace/ROBOEX_3WD_BUZZER/Release/arduino/syscalls_sam3.c.o
                0x0008015c                _read
 .text._write   0x00080160       0x20 C:/AndroXStudio/workspace/ROBOEX_3WD_BUZZER/Release/arduino/syscalls_sam3.c.o
                0x00080160                _write
 .text._kill    0x00080180        0x2 C:/AndroXStudio/workspace/ROBOEX_3WD_BUZZER/Release/arduino/syscalls_sam3.c.o
                0x00080180                _kill
 .text._getpid  0x00080182        0x6 C:/AndroXStudio/workspace/ROBOEX_3WD_BUZZER/Release/arduino/syscalls_sam3.c.o
                0x00080182                _getpid
 .text._exit    0x00080188       0x10 C:/AndroXStudio/workspace/ROBOEX_3WD_BUZZER/Release/arduino/syscalls_sam3.c.o
                0x00080188                _exit
 .text.loop     0x00080198       0x2c ./ROBOEX_3WD_BUZZER.cpp.o
                0x00080198                loop
 .text.setup    0x000801c4       0x1c ./ROBOEX_3WD_BUZZER.cpp.o
                0x000801c4                setup
 .text.delay    0x000801e0       0x1a C:/AndroXStudio/workspace/ROBOEX_3WD_BUZZER/Release/arduino.ar(wiring.c.o)
                0x000801e0                delay
 *fill*         0x000801fa        0x2 00
 .text.digitalWrite
                0x000801fc       0x48 C:/AndroXStudio/workspace/ROBOEX_3WD_BUZZER/Release/arduino.ar(wiring_digital.c.o)
                0x000801fc                digitalWrite
 .text.pinMode  0x00080244       0x68 C:/AndroXStudio/workspace/ROBOEX_3WD_BUZZER/Release/arduino.ar(wiring_digital.c.o)
                0x00080244                pinMode
 .text._Z11serialEventv
                0x000802ac        0x2 C:/AndroXStudio/workspace/ROBOEX_3WD_BUZZER/Release/arduino.ar(variant.cpp.o)
                0x000802ac                serialEvent()
 .text._Z12serialEvent1v
                0x000802ae        0x2 C:/AndroXStudio/workspace/ROBOEX_3WD_BUZZER/Release/arduino.ar(variant.cpp.o)
                0x000802ae                serialEvent1()
 .text._Z12serialEvent2v
                0x000802b0        0x2 C:/AndroXStudio/workspace/ROBOEX_3WD_BUZZER/Release/arduino.ar(variant.cpp.o)
                0x000802b0                serialEvent2()
 .text._Z12serialEvent3v
                0x000802b2        0x2 C:/AndroXStudio/workspace/ROBOEX_3WD_BUZZER/Release/arduino.ar(variant.cpp.o)
                0x000802b2                serialEvent3()
 .text.init     0x000802b4      0x134 C:/AndroXStudio/workspace/ROBOEX_3WD_BUZZER/Release/arduino.ar(variant.cpp.o)
                0x000802b4                init
 .text._Z14serialEventRunv
                0x000803e8       0x48 C:/AndroXStudio/workspace/ROBOEX_3WD_BUZZER/Release/arduino.ar(variant.cpp.o)
                0x000803e8                serialEventRun()
 .text.USART3_Handler
                0x00080430        0xc C:/AndroXStudio/workspace/ROBOEX_3WD_BUZZER/Release/arduino.ar(variant.cpp.o)
                0x00080430                USART3_Handler
 .text.USART1_Handler
                0x0008043c        0xc C:/AndroXStudio/workspace/ROBOEX_3WD_BUZZER/Release/arduino.ar(variant.cpp.o)
                0x0008043c                USART1_Handler
 .text.USART0_Handler
                0x00080448        0xc C:/AndroXStudio/workspace/ROBOEX_3WD_BUZZER/Release/arduino.ar(variant.cpp.o)
                0x00080448                USART0_Handler
 .text.UART_Handler
                0x00080454        0xc C:/AndroXStudio/workspace/ROBOEX_3WD_BUZZER/Release/arduino.ar(variant.cpp.o)
                0x00080454                UART_Handler
 .text._GLOBAL__I_g_APinDescription
                0x00080460       0x8c C:/AndroXStudio/workspace/ROBOEX_3WD_BUZZER/Release/arduino.ar(variant.cpp.o)
 .text._ZN10RingBuffer10store_charEh
                0x000804ec       0x1c C:/AndroXStudio/workspace/ROBOEX_3WD_BUZZER/Release/arduino.ar(RingBuffer.cpp.o)
                0x000804ec                RingBuffer::store_char(unsigned char)
 .text._ZN10RingBufferC1Ev
                0x00080508       0x1c C:/AndroXStudio/workspace/ROBOEX_3WD_BUZZER/Release/arduino.ar(RingBuffer.cpp.o)
                0x00080508                RingBuffer::RingBuffer()
 .text._ZN9UARTClasscvbEv
                0x00080524        0x4 C:/AndroXStudio/workspace/ROBOEX_3WD_BUZZER/Release/arduino.ar(UARTClass.cpp.o)
                0x00080524                UARTClass::operator bool()
 .text._ZN9UARTClassC1EP4Uart4IRQnmP10RingBuffer
                0x00080528       0x24 C:/AndroXStudio/workspace/ROBOEX_3WD_BUZZER/Release/arduino.ar(UARTClass.cpp.o)
                0x00080528                UARTClass::UARTClass(Uart*, IRQn, unsigned long, RingBuffer*)
 .text._ZN9UARTClass9availableEv
                0x0008054c       0x10 C:/AndroXStudio/workspace/ROBOEX_3WD_BUZZER/Release/arduino.ar(UARTClass.cpp.o)
                0x0008054c                UARTClass::available()
 .text._ZN9UARTClass4peekEv
                0x0008055c       0x16 C:/AndroXStudio/workspace/ROBOEX_3WD_BUZZER/Release/arduino.ar(UARTClass.cpp.o)
                0x0008055c                UARTClass::peek()
 .text._ZN9UARTClass4readEv
                0x00080572       0x22 C:/AndroXStudio/workspace/ROBOEX_3WD_BUZZER/Release/arduino.ar(UARTClass.cpp.o)
                0x00080572                UARTClass::read()
 .text._ZN9UARTClass5flushEv
                0x00080594        0xc C:/AndroXStudio/workspace/ROBOEX_3WD_BUZZER/Release/arduino.ar(UARTClass.cpp.o)
                0x00080594                UARTClass::flush()
 .text._ZN9UARTClass5writeEh
                0x000805a0       0x10 C:/AndroXStudio/workspace/ROBOEX_3WD_BUZZER/Release/arduino.ar(UARTClass.cpp.o)
                0x000805a0                UARTClass::write(unsigned char)
 .text._ZN9UARTClass10IrqHandlerEv
                0x000805b0       0x2a C:/AndroXStudio/workspace/ROBOEX_3WD_BUZZER/Release/arduino.ar(UARTClass.cpp.o)
                0x000805b0                UARTClass::IrqHandler()
 .text._ZN10USARTClasscvbEv
                0x000805da        0x4 C:/AndroXStudio/workspace/ROBOEX_3WD_BUZZER/Release/arduino.ar(USARTClass.cpp.o)
                0x000805da                USARTClass::operator bool()
 *fill*         0x000805de        0x2 00
 .text._ZN10USARTClassC1EP5Usart4IRQnmP10RingBuffer
                0x000805e0       0x24 C:/AndroXStudio/workspace/ROBOEX_3WD_BUZZER/Release/arduino.ar(USARTClass.cpp.o)
                0x000805e0                USARTClass::USARTClass(Usart*, IRQn, unsigned long, RingBuffer*)
 .text._ZN10USARTClass9availableEv
                0x00080604       0x10 C:/AndroXStudio/workspace/ROBOEX_3WD_BUZZER/Release/arduino.ar(USARTClass.cpp.o)
                0x00080604                USARTClass::available()
 .text._ZN10USARTClass4peekEv
                0x00080614       0x16 C:/AndroXStudio/workspace/ROBOEX_3WD_BUZZER/Release/arduino.ar(USARTClass.cpp.o)
                0x00080614                USARTClass::peek()
 .text._ZN10USARTClass4readEv
                0x0008062a       0x22 C:/AndroXStudio/workspace/ROBOEX_3WD_BUZZER/Release/arduino.ar(USARTClass.cpp.o)
                0x0008062a                USARTClass::read()
 .text._ZN10USARTClass5flushEv
                0x0008064c        0xc C:/AndroXStudio/workspace/ROBOEX_3WD_BUZZER/Release/arduino.ar(USARTClass.cpp.o)
                0x0008064c                USARTClass::flush()
 .text._ZN10USARTClass5writeEh
                0x00080658       0x10 C:/AndroXStudio/workspace/ROBOEX_3WD_BUZZER/Release/arduino.ar(USARTClass.cpp.o)
                0x00080658                USARTClass::write(unsigned char)
 .text._ZN10USARTClass10IrqHandlerEv
                0x00080668       0x2a C:/AndroXStudio/workspace/ROBOEX_3WD_BUZZER/Release/arduino.ar(USARTClass.cpp.o)
                0x00080668                USARTClass::IrqHandler()
 .text.__empty  0x00080692        0x2 C:/AndroXStudio/workspace/ROBOEX_3WD_BUZZER/Release/arduino.ar(hooks.c.o)
                0x00080692                yield
 .text.__false  0x00080694        0x4 C:/AndroXStudio/workspace/ROBOEX_3WD_BUZZER/Release/arduino.ar(hooks.c.o)
                0x00080694                sysTickHook
 .text.__halt   0x00080698        0x2 C:/AndroXStudio/workspace/ROBOEX_3WD_BUZZER/Release/arduino.ar(hooks.c.o)
                0x00080698                svcHook
                0x00080698                pendSVHook
 *fill*         0x0008069a        0x2 00
 .text.analogOutputInit
                0x0008069c       0x14 C:/AndroXStudio/workspace/ROBOEX_3WD_BUZZER/Release/arduino.ar(wiring_analog.c.o)
                0x0008069c                analogOutputInit
 .text._ZN5Print5writeEPKhj
                0x000806b0       0x2e C:/AndroXStudio/workspace/ROBOEX_3WD_BUZZER/Release/arduino.ar(Print.cpp.o)
                0x000806b0                Print::write(unsigned char const*, unsigned int)
 .text.PIO_DisableInterrupt
                0x000806de        0x4 C:/AndroXStudio/legacy/arduino/hardware/arduino/sam/variants/arduino_due_x/libsam_sam3x8e_gcc_rel.a(pio.o)
                0x000806de                PIO_DisableInterrupt
 .text.PIO_PullUp
                0x000806e2        0xa C:/AndroXStudio/legacy/arduino/hardware/arduino/sam/variants/arduino_due_x/libsam_sam3x8e_gcc_rel.a(pio.o)
                0x000806e2                PIO_PullUp
 .text.PIO_SetPeripheral
                0x000806ec       0x2a C:/AndroXStudio/legacy/arduino/hardware/arduino/sam/variants/arduino_due_x/libsam_sam3x8e_gcc_rel.a(pio.o)
                0x000806ec                PIO_SetPeripheral
 *fill*         0x00080716        0x2 00
 .text.PIO_SetInput
                0x00080718       0x40 C:/AndroXStudio/legacy/arduino/hardware/arduino/sam/variants/arduino_due_x/libsam_sam3x8e_gcc_rel.a(pio.o)
                0x00080718                PIO_SetInput
 .text.PIO_SetOutput
                0x00080758       0x38 C:/AndroXStudio/legacy/arduino/hardware/arduino/sam/variants/arduino_due_x/libsam_sam3x8e_gcc_rel.a(pio.o)
                0x00080758                PIO_SetOutput
 .text.PIO_Configure
                0x00080790       0x74 C:/AndroXStudio/legacy/arduino/hardware/arduino/sam/variants/arduino_due_x/libsam_sam3x8e_gcc_rel.a(pio.o)
                0x00080790                PIO_Configure
 .text.PIO_GetOutputDataStatus
                0x00080804       0x16 C:/AndroXStudio/legacy/arduino/hardware/arduino/sam/variants/arduino_due_x/libsam_sam3x8e_gcc_rel.a(pio.o)
                0x00080804                PIO_GetOutputDataStatus
 *fill*         0x0008081a        0x2 00
 .text.pmc_enable_upll_clock
                0x0008081c       0x18 C:/AndroXStudio/legacy/arduino/hardware/arduino/sam/variants/arduino_due_x/libsam_sam3x8e_gcc_rel.a(pmc.o)
                0x0008081c                pmc_enable_upll_clock
 .text.pmc_enable_periph_clk
                0x00080834       0x48 C:/AndroXStudio/legacy/arduino/hardware/arduino/sam/variants/arduino_due_x/libsam_sam3x8e_gcc_rel.a(pmc.o)
                0x00080834                pmc_enable_periph_clk
 .text.pmc_disable_periph_clk
                0x0008087c       0x48 C:/AndroXStudio/legacy/arduino/hardware/arduino/sam/variants/arduino_due_x/libsam_sam3x8e_gcc_rel.a(pmc.o)
                0x0008087c                pmc_disable_periph_clk
 .text.pmc_switch_udpck_to_upllck
                0x000808c4       0x14 C:/AndroXStudio/legacy/arduino/hardware/arduino/sam/variants/arduino_due_x/libsam_sam3x8e_gcc_rel.a(pmc.o)
                0x000808c4                pmc_switch_udpck_to_upllck
 .text.pmc_enable_udpck
                0x000808d8        0xc C:/AndroXStudio/legacy/arduino/hardware/arduino/sam/variants/arduino_due_x/libsam_sam3x8e_gcc_rel.a(pmc.o)
                0x000808d8                pmc_enable_udpck
 .text.TC_GetStatus
                0x000808e4        0x8 C:/AndroXStudio/legacy/arduino/hardware/arduino/sam/variants/arduino_due_x/libsam_sam3x8e_gcc_rel.a(tc.o)
                0x000808e4                TC_GetStatus
 .text.TimeTick_Increment
                0x000808ec       0x10 C:/AndroXStudio/legacy/arduino/hardware/arduino/sam/variants/arduino_due_x/libsam_sam3x8e_gcc_rel.a(timetick.o)
                0x000808ec                TimeTick_Increment
 .text.GetTickCount
                0x000808fc        0xc C:/AndroXStudio/legacy/arduino/hardware/arduino/sam/variants/arduino_due_x/libsam_sam3x8e_gcc_rel.a(timetick.o)
                0x000808fc                GetTickCount
 .text.WDT_Disable
                0x00080908        0x8 C:/AndroXStudio/legacy/arduino/hardware/arduino/sam/variants/arduino_due_x/libsam_sam3x8e_gcc_rel.a(wdt.o)
                0x00080908                WDT_Disable
 .text.SystemInit
                0x00080910       0x9c C:/AndroXStudio/legacy/arduino/hardware/arduino/sam/variants/arduino_due_x/libsam_sam3x8e_gcc_rel.a(system_sam3xa.o)
                0x00080910                SystemInit
 .text.Reset_Handler
                0x000809ac       0x70 C:/AndroXStudio/legacy/arduino/hardware/arduino/sam/variants/arduino_due_x/libsam_sam3x8e_gcc_rel.a(startup_sam3xa.o)
                0x000809ac                Reset_Handler
 .text.adc_init
                0x00080a1c       0xa0 C:/AndroXStudio/legacy/arduino/hardware/arduino/sam/variants/arduino_due_x/libsam_sam3x8e_gcc_rel.a(adc.o)
                0x00080a1c                adc_init
 .text.adc_configure_trigger
                0x00080abc       0x10 C:/AndroXStudio/legacy/arduino/hardware/arduino/sam/variants/arduino_due_x/libsam_sam3x8e_gcc_rel.a(adc.o)
                0x00080abc                adc_configure_trigger
 .text.adc_configure_timing
                0x00080acc       0x1a C:/AndroXStudio/legacy/arduino/hardware/arduino/sam/variants/arduino_due_x/libsam_sam3x8e_gcc_rel.a(adc.o)
                0x00080acc                adc_configure_timing
 .text.adc_disable_all_channel
                0x00080ae6        0x8 C:/AndroXStudio/legacy/arduino/hardware/arduino/sam/variants/arduino_due_x/libsam_sam3x8e_gcc_rel.a(adc.o)
                0x00080ae6                adc_disable_all_channel
 .text.adc_disable_interrupt
                0x00080aee        0x4 C:/AndroXStudio/legacy/arduino/hardware/arduino/sam/variants/arduino_due_x/libsam_sam3x8e_gcc_rel.a(adc.o)
                0x00080aee                adc_disable_interrupt
 *fill*         0x00080af2        0x2 00
 .text.UOTGHS_Handler
                0x00080af4       0x10 C:/AndroXStudio/legacy/arduino/hardware/arduino/sam/variants/arduino_due_x/libsam_sam3x8e_gcc_rel.a(uotghs.o)
                0x00080af4                UOTGHS_Handler
 .text.TC8_Handler
                0x00080b04       0x1c C:/AndroXStudio/workspace/ROBOEX_3WD_BUZZER/Release/arduino.ar(Timer_Int.c.o)
                0x00080b04                TC8_Handler
 .text.TC7_Handler
                0x00080b20       0x1c C:/AndroXStudio/workspace/ROBOEX_3WD_BUZZER/Release/arduino.ar(Timer_Int.c.o)
                0x00080b20                TC7_Handler
 .text.TC6_Handler
                0x00080b3c       0x1c C:/AndroXStudio/workspace/ROBOEX_3WD_BUZZER/Release/arduino.ar(Timer_Int.c.o)
                0x00080b3c                TC6_Handler
 .text.TC5_Handler
                0x00080b58       0x1c C:/AndroXStudio/workspace/ROBOEX_3WD_BUZZER/Release/arduino.ar(Timer_Int.c.o)
                0x00080b58                TC5_Handler
 .text.TC4_Handler
                0x00080b74       0x1c C:/AndroXStudio/workspace/ROBOEX_3WD_BUZZER/Release/arduino.ar(Timer_Int.c.o)
                0x00080b74                TC4_Handler
 .text.TC3_Handler
                0x00080b90       0x1c C:/AndroXStudio/workspace/ROBOEX_3WD_BUZZER/Release/arduino.ar(Timer_Int.c.o)
                0x00080b90                TC3_Handler
 .text.TC2_Handler
                0x00080bac       0x1c C:/AndroXStudio/workspace/ROBOEX_3WD_BUZZER/Release/arduino.ar(Timer_Int.c.o)
                0x00080bac                TC2_Handler
 .text.TC1_Handler
                0x00080bc8       0x1c C:/AndroXStudio/workspace/ROBOEX_3WD_BUZZER/Release/arduino.ar(Timer_Int.c.o)
                0x00080bc8                TC1_Handler
 .text.TC0_Handler
                0x00080be4       0x1c C:/AndroXStudio/workspace/ROBOEX_3WD_BUZZER/Release/arduino.ar(Timer_Int.c.o)
                0x00080be4                TC0_Handler
 .text.PIOA_Handler
                0x00080c00       0x2c C:/AndroXStudio/workspace/ROBOEX_3WD_BUZZER/Release/arduino.ar(WInterrupts.c.o)
                0x00080c00                PIOA_Handler
 .text.PIOB_Handler
                0x00080c2c       0x2c C:/AndroXStudio/workspace/ROBOEX_3WD_BUZZER/Release/arduino.ar(WInterrupts.c.o)
                0x00080c2c                PIOB_Handler
 .text.PIOC_Handler
                0x00080c58       0x2c C:/AndroXStudio/workspace/ROBOEX_3WD_BUZZER/Release/arduino.ar(WInterrupts.c.o)
                0x00080c58                PIOC_Handler
 .text.PIOD_Handler
                0x00080c84       0x2c C:/AndroXStudio/workspace/ROBOEX_3WD_BUZZER/Release/arduino.ar(WInterrupts.c.o)
                0x00080c84                PIOD_Handler
 .text._ZN7TwoWireC1EP3TwiPFvvE
                0x00080cb0       0x3c C:/AndroXStudio/workspace/ROBOEX_3WD_BUZZER/Release/arduino.ar(Wire.cpp.o)
                0x00080cb0                TwoWire::TwoWire(Twi*, void (*)())
 .text._ZN7TwoWire5writeEh
                0x00080cec       0x3a C:/AndroXStudio/workspace/ROBOEX_3WD_BUZZER/Release/arduino.ar(Wire.cpp.o)
                0x00080cec                TwoWire::write(unsigned char)
 .text._ZN7TwoWire5writeEPKhj
                0x00080d26       0x5e C:/AndroXStudio/workspace/ROBOEX_3WD_BUZZER/Release/arduino.ar(Wire.cpp.o)
                0x00080d26                TwoWire::write(unsigned char const*, unsigned int)
 .text._ZN7TwoWire9availableEv
                0x00080d84        0xc C:/AndroXStudio/workspace/ROBOEX_3WD_BUZZER/Release/arduino.ar(Wire.cpp.o)
                0x00080d84                TwoWire::available()
 .text._ZN7TwoWire4readEv
                0x00080d90       0x20 C:/AndroXStudio/workspace/ROBOEX_3WD_BUZZER/Release/arduino.ar(Wire.cpp.o)
                0x00080d90                TwoWire::read()
 .text._ZN7TwoWire4peekEv
                0x00080db0       0x18 C:/AndroXStudio/workspace/ROBOEX_3WD_BUZZER/Release/arduino.ar(Wire.cpp.o)
                0x00080db0                TwoWire::peek()
 .text._ZN7TwoWire5flushEv
                0x00080dc8        0x2 C:/AndroXStudio/workspace/ROBOEX_3WD_BUZZER/Release/arduino.ar(Wire.cpp.o)
                0x00080dc8                TwoWire::flush()
 *fill*         0x00080dca        0x2 00
 .text._ZL10Wire1_Initv
                0x00080dcc       0x54 C:/AndroXStudio/workspace/ROBOEX_3WD_BUZZER/Release/arduino.ar(Wire.cpp.o)
 .text._ZL9Wire_Initv
                0x00080e20       0x54 C:/AndroXStudio/workspace/ROBOEX_3WD_BUZZER/Release/arduino.ar(Wire.cpp.o)
 .text._ZN7TwoWire9onServiceEv
                0x00080e74      0x130 C:/AndroXStudio/workspace/ROBOEX_3WD_BUZZER/Release/arduino.ar(Wire.cpp.o)
                0x00080e74                TwoWire::onService()
 .text.TWI0_Handler
                0x00080fa4        0xc C:/AndroXStudio/workspace/ROBOEX_3WD_BUZZER/Release/arduino.ar(Wire.cpp.o)
                0x00080fa4                TWI0_Handler
 .text.TWI1_Handler
                0x00080fb0        0xc C:/AndroXStudio/workspace/ROBOEX_3WD_BUZZER/Release/arduino.ar(Wire.cpp.o)
                0x00080fb0                TWI1_Handler
 .text._GLOBAL__I__ZN7TwoWireC2EP3TwiPFvvE
                0x00080fbc       0x34 C:/AndroXStudio/workspace/ROBOEX_3WD_BUZZER/Release/arduino.ar(Wire.cpp.o)
 .text.__halt   0x00080ff0        0x2 C:/AndroXStudio/workspace/ROBOEX_3WD_BUZZER/Release/arduino.ar(cortex_handlers.c.o)
                0x00080ff0                DACC_Handler
                0x00080ff0                DebugMon_Handler
                0x00080ff0                DMAC_Handler
                0x00080ff0                TRNG_Handler
                0x00080ff0                HardFault_Handler
                0x00080ff0                NMI_Handler
                0x00080ff0                ADC_Handler
                0x00080ff0                SMC_Handler
                0x00080ff0                RTT_Handler
                0x00080ff0                EFC1_Handler
                0x00080ff0                RTC_Handler
                0x00080ff0                UsageFault_Handler
                0x00080ff0                WDT_Handler
                0x00080ff0                CAN0_Handler
                0x00080ff0                HSMCI_Handler
                0x00080ff0                SSC_Handler
                0x00080ff0                EFC0_Handler
                0x00080ff0                PMC_Handler
                0x00080ff0                PWM_Handler
                0x00080ff0                CAN1_Handler
                0x00080ff0                MemManage_Handler
                0x00080ff0                SUPC_Handler
                0x00080ff0                USART2_Handler
                0x00080ff0                EMAC_Handler
                0x00080ff0                BusFault_Handler
                0x00080ff0                RSTC_Handler
                0x00080ff0                SPI0_Handler
 .text.SysTick_Handler
                0x00080ff2       0x16 C:/AndroXStudio/workspace/ROBOEX_3WD_BUZZER/Release/arduino.ar(cortex_handlers.c.o)
                0x00080ff2                SysTick_Handler
 .text.PendSV_Handler
                0x00081008        0x4 C:/AndroXStudio/workspace/ROBOEX_3WD_BUZZER/Release/arduino.ar(cortex_handlers.c.o)
                0x00081008                PendSV_Handler
 .text.SVC_Handler
                0x0008100c        0x4 C:/AndroXStudio/workspace/ROBOEX_3WD_BUZZER/Release/arduino.ar(cortex_handlers.c.o)
                0x0008100c                SVC_Handler
 .text.main     0x00081010       0x30 C:/AndroXStudio/workspace/ROBOEX_3WD_BUZZER/Release/arduino.ar(main.cpp.o)
                0x00081010                main
 .text._Z16USBD_InitControli
                0x00081040       0x14 C:/AndroXStudio/workspace/ROBOEX_3WD_BUZZER/Release/arduino.ar(USBCore.cpp.o)
                0x00081040                USBD_InitControl(int)
 .text._ZL11USB_SendZlpv
                0x00081054       0x24 C:/AndroXStudio/workspace/ROBOEX_3WD_BUZZER/Release/arduino.ar(USBCore.cpp.o)
 .text._ZN10USBDevice_6attachEv
                0x00081078       0x20 C:/AndroXStudio/workspace/ROBOEX_3WD_BUZZER/Release/arduino.ar(USBCore.cpp.o)
                0x00081078                USBDevice_::attach()
 .text._ZN10USBDevice_C1Ev
                0x00081098       0x24 C:/AndroXStudio/workspace/ROBOEX_3WD_BUZZER/Release/arduino.ar(USBCore.cpp.o)
                0x00081098                USBDevice_::USBDevice_()
 .text._Z14USBD_Availablem
                0x000810bc       0x2c C:/AndroXStudio/workspace/ROBOEX_3WD_BUZZER/Release/arduino.ar(USBCore.cpp.o)
                0x000810bc                USBD_Available(unsigned long)
 .text._Z10USBD_Flushm
                0x000810e8       0x16 C:/AndroXStudio/workspace/ROBOEX_3WD_BUZZER/Release/arduino.ar(USBCore.cpp.o)
                0x000810e8                USBD_Flush(unsigned long)
 .text._Z24USBD_SendOtherInterfacesv
                0x000810fe       0x1c C:/AndroXStudio/workspace/ROBOEX_3WD_BUZZER/Release/arduino.ar(USBCore.cpp.o)
                0x000810fe                USBD_SendOtherInterfaces()
 .text._Z19USBD_SendInterfacesv
                0x0008111a       0x1c C:/AndroXStudio/workspace/ROBOEX_3WD_BUZZER/Release/arduino.ar(USBCore.cpp.o)
                0x0008111a                USBD_SendInterfaces()
 .text._Z26USBD_ClassInterfaceRequestR5Setup
                0x00081136       0x14 C:/AndroXStudio/workspace/ROBOEX_3WD_BUZZER/Release/arduino.ar(USBCore.cpp.o)
                0x00081136                USBD_ClassInterfaceRequest(Setup&)
 .text._Z16USBD_RecvControlPvm
                0x0008114a       0x1c C:/AndroXStudio/workspace/ROBOEX_3WD_BUZZER/Release/arduino.ar(USBCore.cpp.o)
                0x0008114a                USBD_RecvControl(void*, unsigned long)
 *fill*         0x00081166        0x2 00
 .text._Z16USBD_SendControlhPKvm
                0x00081168       0x40 C:/AndroXStudio/workspace/ROBOEX_3WD_BUZZER/Release/arduino.ar(USBCore.cpp.o)
                0x00081168                USBD_SendControl(unsigned char, void const*, unsigned long)
 .text._ZL24USB_SendStringDescriptorPKhi
                0x000811a8       0x42 C:/AndroXStudio/workspace/ROBOEX_3WD_BUZZER/Release/arduino.ar(USBCore.cpp.o)
 *fill*         0x000811ea        0x2 00
 .text._ZL7USB_ISRv
                0x000811ec      0x438 C:/AndroXStudio/workspace/ROBOEX_3WD_BUZZER/Release/arduino.ar(USBCore.cpp.o)
 .text._Z9USBD_SendmPKvm
                0x00081624       0x4c C:/AndroXStudio/workspace/ROBOEX_3WD_BUZZER/Release/arduino.ar(USBCore.cpp.o)
                0x00081624                USBD_Send(unsigned long, void const*, unsigned long)
 .text._Z9USBD_RecvmPvm
                0x00081670       0x7c C:/AndroXStudio/workspace/ROBOEX_3WD_BUZZER/Release/arduino.ar(USBCore.cpp.o)
                0x00081670                USBD_Recv(unsigned long, void*, unsigned long)
 .text._Z9USBD_Recvm
                0x000816ec       0x1e C:/AndroXStudio/workspace/ROBOEX_3WD_BUZZER/Release/arduino.ar(USBCore.cpp.o)
                0x000816ec                USBD_Recv(unsigned long)
 *fill*         0x0008170a        0x2 00
 .text._GLOBAL__I_TxLEDPulse
                0x0008170c        0xc C:/AndroXStudio/workspace/ROBOEX_3WD_BUZZER/Release/arduino.ar(USBCore.cpp.o)
 .text.initiateReset
                0x00081718        0xc C:/AndroXStudio/workspace/ROBOEX_3WD_BUZZER/Release/arduino.ar(Reset.cpp.o)
                0x00081718                initiateReset
 .text.cancelReset
                0x00081724       0x10 C:/AndroXStudio/workspace/ROBOEX_3WD_BUZZER/Release/arduino.ar(Reset.cpp.o)
                0x00081724                cancelReset
 .text.tickReset
                0x00081734       0x20 C:/AndroXStudio/workspace/ROBOEX_3WD_BUZZER/Release/arduino.ar(Reset.cpp.o)
                0x00081734                tickReset
 .text._ZN7Serial_9availableEv
                0x00081754       0x18 C:/AndroXStudio/workspace/ROBOEX_3WD_BUZZER/Release/arduino.ar(CDC.cpp.o)
                0x00081754                Serial_::available()
 .text._ZN7Serial_4peekEv
                0x0008176c       0x20 C:/AndroXStudio/workspace/ROBOEX_3WD_BUZZER/Release/arduino.ar(CDC.cpp.o)
                0x0008176c                Serial_::peek()
 .text._ZN7Serial_5writeEh
                0x0008178c       0x14 C:/AndroXStudio/workspace/ROBOEX_3WD_BUZZER/Release/arduino.ar(CDC.cpp.o)
                0x0008178c                Serial_::write(unsigned char)
 .text._ZN7Serial_5writeEPKhj
                0x000817a0       0x28 C:/AndroXStudio/workspace/ROBOEX_3WD_BUZZER/Release/arduino.ar(CDC.cpp.o)
                0x000817a0                Serial_::write(unsigned char const*, unsigned int)
 .text._ZN7Serial_5flushEv
                0x000817c8        0x6 C:/AndroXStudio/workspace/ROBOEX_3WD_BUZZER/Release/arduino.ar(CDC.cpp.o)
                0x000817c8                Serial_::flush()
 *fill*         0x000817ce        0x2 00
 .text._ZN7Serial_4readEv
                0x000817d0       0x44 C:/AndroXStudio/workspace/ROBOEX_3WD_BUZZER/Release/arduino.ar(CDC.cpp.o)
                0x000817d0                Serial_::read()
 .text._ZN7Serial_6acceptEv
                0x00081814       0x6c C:/AndroXStudio/workspace/ROBOEX_3WD_BUZZER/Release/arduino.ar(CDC.cpp.o)
                0x00081814                Serial_::accept()
 .text._Z21CDC_GetOtherInterfacePh
                0x00081880       0x14 C:/AndroXStudio/workspace/ROBOEX_3WD_BUZZER/Release/arduino.ar(CDC.cpp.o)
                0x00081880                CDC_GetOtherInterface(unsigned char*)
 .text._Z16CDC_GetInterfacePh
                0x00081894       0x14 C:/AndroXStudio/workspace/ROBOEX_3WD_BUZZER/Release/arduino.ar(CDC.cpp.o)
                0x00081894                CDC_GetInterface(unsigned char*)
 .text._Z9CDC_SetupR5Setup
                0x000818a8       0x60 C:/AndroXStudio/workspace/ROBOEX_3WD_BUZZER/Release/arduino.ar(CDC.cpp.o)
                0x000818a8                CDC_Setup(Setup&)
 .text._GLOBAL__I_cdc_rx_buffer
                0x00081908       0x1c C:/AndroXStudio/workspace/ROBOEX_3WD_BUZZER/Release/arduino.ar(CDC.cpp.o)
 .text._Z9HID_SetupR5Setup
                0x00081924       0x44 C:/AndroXStudio/workspace/ROBOEX_3WD_BUZZER/Release/arduino.ar(HID.cpp.o)
                0x00081924                HID_Setup(Setup&)
 .text._ZN6Mouse_C1Ev
                0x00081968        0x6 C:/AndroXStudio/workspace/ROBOEX_3WD_BUZZER/Release/arduino.ar(HID.cpp.o)
                0x00081968                Mouse_::Mouse_()
 *fill*         0x0008196e        0x2 00
 .text._ZN9Keyboard_C1Ev
                0x00081970       0x10 C:/AndroXStudio/workspace/ROBOEX_3WD_BUZZER/Release/arduino.ar(HID.cpp.o)
                0x00081970                Keyboard_::Keyboard_()
 .text._ZN9Keyboard_5writeEh
                0x00081980       0x1c C:/AndroXStudio/workspace/ROBOEX_3WD_BUZZER/Release/arduino.ar(HID.cpp.o)
                0x00081980                Keyboard_::write(unsigned char)
 .text._Z14HID_SendReporthPKvm
                0x0008199c       0x2c C:/AndroXStudio/workspace/ROBOEX_3WD_BUZZER/Release/arduino.ar(HID.cpp.o)
                0x0008199c                HID_SendReport(unsigned char, void const*, unsigned long)
 .text._ZN9Keyboard_10sendReportEP9KeyReport
                0x000819c8        0x8 C:/AndroXStudio/workspace/ROBOEX_3WD_BUZZER/Release/arduino.ar(HID.cpp.o)
                0x000819c8                Keyboard_::sendReport(KeyReport*)
 .text._ZN9Keyboard_10releaseAllEv
                0x000819d0       0x18 C:/AndroXStudio/workspace/ROBOEX_3WD_BUZZER/Release/arduino.ar(HID.cpp.o)
                0x000819d0                Keyboard_::releaseAll()
 .text._ZN9Keyboard_7releaseEh
                0x000819e8       0x74 C:/AndroXStudio/workspace/ROBOEX_3WD_BUZZER/Release/arduino.ar(HID.cpp.o)
                0x000819e8                Keyboard_::release(unsigned char)
 .text._ZN9Keyboard_5pressEh
                0x00081a5c       0x9c C:/AndroXStudio/workspace/ROBOEX_3WD_BUZZER/Release/arduino.ar(HID.cpp.o)
                0x00081a5c                Keyboard_::press(unsigned char)
 .text._Z17HID_GetDescriptori
                0x00081af8       0x10 C:/AndroXStudio/workspace/ROBOEX_3WD_BUZZER/Release/arduino.ar(HID.cpp.o)
                0x00081af8                HID_GetDescriptor(int)
 .text._Z16HID_GetInterfacePh
                0x00081b08       0x14 C:/AndroXStudio/workspace/ROBOEX_3WD_BUZZER/Release/arduino.ar(HID.cpp.o)
                0x00081b08                HID_GetInterface(unsigned char*)
 .text._GLOBAL__I_Mouse
                0x00081b1c       0x1c C:/AndroXStudio/workspace/ROBOEX_3WD_BUZZER/Release/arduino.ar(HID.cpp.o)
 .text.TWI_ReadByte
                0x00081b38       0x28 C:/AndroXStudio/legacy/arduino/hardware/arduino/sam/variants/arduino_due_x/libsam_sam3x8e_gcc_rel.a(twi.o)
                0x00081b38                TWI_ReadByte
 .text.TWI_WriteByte
                0x00081b60       0x24 C:/AndroXStudio/legacy/arduino/hardware/arduino/sam/variants/arduino_due_x/libsam_sam3x8e_gcc_rel.a(twi.o)
                0x00081b60                TWI_WriteByte
 .text.TWI_EnableIt
                0x00081b84       0x40 C:/AndroXStudio/legacy/arduino/hardware/arduino/sam/variants/arduino_due_x/libsam_sam3x8e_gcc_rel.a(twi.o)
                0x00081b84                TWI_EnableIt
 .text.TWI_DisableIt
                0x00081bc4       0x40 C:/AndroXStudio/legacy/arduino/hardware/arduino/sam/variants/arduino_due_x/libsam_sam3x8e_gcc_rel.a(twi.o)
                0x00081bc4                TWI_DisableIt
 .text.TWI_GetStatus
                0x00081c04       0x28 C:/AndroXStudio/legacy/arduino/hardware/arduino/sam/variants/arduino_due_x/libsam_sam3x8e_gcc_rel.a(twi.o)
                0x00081c04                TWI_GetStatus
 .text.UDD_SetStack
                0x00081c2c        0xc C:/AndroXStudio/legacy/arduino/hardware/arduino/sam/variants/arduino_due_x/libsam_sam3x8e_gcc_rel.a(uotghs_device.o)
                0x00081c2c                UDD_SetStack
 .text.UDD_Init
                0x00081c38       0xd0 C:/AndroXStudio/legacy/arduino/hardware/arduino/sam/variants/arduino_due_x/libsam_sam3x8e_gcc_rel.a(uotghs_device.o)
                0x00081c38                UDD_Init
 .text.UDD_Attach
                0x00081d08       0x4c C:/AndroXStudio/legacy/arduino/hardware/arduino/sam/variants/arduino_due_x/libsam_sam3x8e_gcc_rel.a(uotghs_device.o)
                0x00081d08                UDD_Attach
 .text.UDD_InitEP
                0x00081d54       0x30 C:/AndroXStudio/legacy/arduino/hardware/arduino/sam/variants/arduino_due_x/libsam_sam3x8e_gcc_rel.a(uotghs_device.o)
                0x00081d54                UDD_InitEP
 .text.UDD_InitEndpoints
                0x00081d84       0x3c C:/AndroXStudio/legacy/arduino/hardware/arduino/sam/variants/arduino_due_x/libsam_sam3x8e_gcc_rel.a(uotghs_device.o)
                0x00081d84                UDD_InitEndpoints
 .text.UDD_WaitIN
                0x00081dc0       0x14 C:/AndroXStudio/legacy/arduino/hardware/arduino/sam/variants/arduino_due_x/libsam_sam3x8e_gcc_rel.a(uotghs_device.o)
                0x00081dc0                UDD_WaitIN
 .text.UDD_WaitOUT
                0x00081dd4       0x14 C:/AndroXStudio/legacy/arduino/hardware/arduino/sam/variants/arduino_due_x/libsam_sam3x8e_gcc_rel.a(uotghs_device.o)
                0x00081dd4                UDD_WaitOUT
 .text.UDD_ClearIN
                0x00081de8       0x18 C:/AndroXStudio/legacy/arduino/hardware/arduino/sam/variants/arduino_due_x/libsam_sam3x8e_gcc_rel.a(uotghs_device.o)
                0x00081de8                UDD_ClearIN
 .text.UDD_ClearOUT
                0x00081e00       0x18 C:/AndroXStudio/legacy/arduino/hardware/arduino/sam/variants/arduino_due_x/libsam_sam3x8e_gcc_rel.a(uotghs_device.o)
                0x00081e00                UDD_ClearOUT
 .text.UDD_ReceivedSetupInt
                0x00081e18       0x10 C:/AndroXStudio/legacy/arduino/hardware/arduino/sam/variants/arduino_due_x/libsam_sam3x8e_gcc_rel.a(uotghs_device.o)
                0x00081e18                UDD_ReceivedSetupInt
 .text.UDD_ClearSetupInt
                0x00081e28       0x10 C:/AndroXStudio/legacy/arduino/hardware/arduino/sam/variants/arduino_due_x/libsam_sam3x8e_gcc_rel.a(uotghs_device.o)
                0x00081e28                UDD_ClearSetupInt
 .text.UDD_Send
                0x00081e38       0x90 C:/AndroXStudio/legacy/arduino/hardware/arduino/sam/variants/arduino_due_x/libsam_sam3x8e_gcc_rel.a(uotghs_device.o)
                0x00081e38                UDD_Send
 .text.UDD_Send8
                0x00081ec8       0x28 C:/AndroXStudio/legacy/arduino/hardware/arduino/sam/variants/arduino_due_x/libsam_sam3x8e_gcc_rel.a(uotghs_device.o)
                0x00081ec8                UDD_Send8
 .text.UDD_Recv8
                0x00081ef0       0x28 C:/AndroXStudio/legacy/arduino/hardware/arduino/sam/variants/arduino_due_x/libsam_sam3x8e_gcc_rel.a(uotghs_device.o)
                0x00081ef0                UDD_Recv8
 .text.UDD_Recv
                0x00081f18       0x34 C:/AndroXStudio/legacy/arduino/hardware/arduino/sam/variants/arduino_due_x/libsam_sam3x8e_gcc_rel.a(uotghs_device.o)
                0x00081f18                UDD_Recv
 .text.UDD_Stall
                0x00081f4c       0x14 C:/AndroXStudio/legacy/arduino/hardware/arduino/sam/variants/arduino_due_x/libsam_sam3x8e_gcc_rel.a(uotghs_device.o)
                0x00081f4c                UDD_Stall
 .text.UDD_FifoByteCount
                0x00081f60       0x1c C:/AndroXStudio/legacy/arduino/hardware/arduino/sam/variants/arduino_due_x/libsam_sam3x8e_gcc_rel.a(uotghs_device.o)
                0x00081f60                UDD_FifoByteCount
 .text.UDD_ReleaseRX
                0x00081f7c       0x2c C:/AndroXStudio/legacy/arduino/hardware/arduino/sam/variants/arduino_due_x/libsam_sam3x8e_gcc_rel.a(uotghs_device.o)
                0x00081f7c                UDD_ReleaseRX
 .text.UDD_ReleaseTX
                0x00081fa8       0x2c C:/AndroXStudio/legacy/arduino/hardware/arduino/sam/variants/arduino_due_x/libsam_sam3x8e_gcc_rel.a(uotghs_device.o)
                0x00081fa8                UDD_ReleaseTX
 .text.UDD_SetAddress
                0x00081fd4       0x20 C:/AndroXStudio/legacy/arduino/hardware/arduino/sam/variants/arduino_due_x/libsam_sam3x8e_gcc_rel.a(uotghs_device.o)
                0x00081fd4                UDD_SetAddress
 .text          0x00081ff4       0x54 c:/androxstudio/legacy/arduino/hardware/tools/g++_arm_none_eabi/bin/../lib/gcc/arm-none-eabi/4.4.1/../../../../arm-none-eabi/lib/thumb2\libc.a(lib_a-assert.o)
                0x00081ff4                __assert_func
                0x0008203c                __assert
 .text          0x00082048       0x4c c:/androxstudio/legacy/arduino/hardware/tools/g++_arm_none_eabi/bin/../lib/gcc/arm-none-eabi/4.4.1/../../../../arm-none-eabi/lib/thumb2\libc.a(lib_a-fiprintf.o)
                0x00082048                fiprintf
                0x00082074                _fiprintf_r
 .text          0x00082094       0x50 c:/androxstudio/legacy/arduino/hardware/tools/g++_arm_none_eabi/bin/../lib/gcc/arm-none-eabi/4.4.1/../../../../arm-none-eabi/lib/thumb2\libc.a(lib_a-init.o)
                0x00082094                __libc_init_array
 .text          0x000820e4       0x64 c:/androxstudio/legacy/arduino/hardware/tools/g++_arm_none_eabi/bin/../lib/gcc/arm-none-eabi/4.4.1/../../../../arm-none-eabi/lib/thumb2\libc.a(lib_a-iprintf.o)
                0x000820e4                _iprintf_r
                0x00082110                iprintf
 .text          0x00082148      0x5a4 c:/androxstudio/legacy/arduino/hardware/tools/g++_arm_none_eabi/bin/../lib/gcc/arm-none-eabi/4.4.1/../../../../arm-none-eabi/lib/thumb2\libc.a(lib_a-mallocr.o)
                0x00082148                _malloc_r
 .text          0x000826ec      0x190 c:/androxstudio/legacy/arduino/hardware/tools/g++_arm_none_eabi/bin/../lib/gcc/arm-none-eabi/4.4.1/../../../../arm-none-eabi/lib/thumb2\libc.a(lib_a-memcpy.o)
                0x000826ec                memcpy
 .text          0x0008287c       0xb8 c:/androxstudio/legacy/arduino/hardware/tools/g++_arm_none_eabi/bin/../lib/gcc/arm-none-eabi/4.4.1/../../../../arm-none-eabi/lib/thumb2\libc.a(lib_a-memmove.o)
                0x0008287c                memmove
 .text          0x00082934       0xd4 c:/androxstudio/legacy/arduino/hardware/tools/g++_arm_none_eabi/bin/../lib/gcc/arm-none-eabi/4.4.1/../../../../arm-none-eabi/lib/thumb2\libc.a(lib_a-memset.o)
                0x00082934                memset
 .text          0x00082a08        0x8 c:/androxstudio/legacy/arduino/hardware/tools/g++_arm_none_eabi/bin/../lib/gcc/arm-none-eabi/4.4.1/../../../../arm-none-eabi/lib/thumb2\libc.a(lib_a-mlock.o)
                0x00082a08                __malloc_lock
                0x00082a0c                __malloc_unlock
 .text          0x00082a10      0x3b4 c:/androxstudio/legacy/arduino/hardware/tools/g++_arm_none_eabi/bin/../lib/gcc/arm-none-eabi/4.4.1/../../../../arm-none-eabi/lib/thumb2\libc.a(lib_a-reallocr.o)
                0x00082a10                _realloc_r
 .text          0x00082dc4       0x28 c:/androxstudio/legacy/arduino/hardware/tools/g++_arm_none_eabi/bin/../lib/gcc/arm-none-eabi/4.4.1/../../../../arm-none-eabi/lib/thumb2\libc.a(lib_a-sbrkr.o)
                0x00082dc4                _sbrk_r
 .text          0x00082dec       0x60 c:/androxstudio/legacy/arduino/hardware/tools/g++_arm_none_eabi/bin/../lib/gcc/arm-none-eabi/4.4.1/../../../../arm-none-eabi/lib/thumb2\libc.a(lib_a-strlen.o)
                0x00082dec                strlen
 .text          0x00082e4c      0xd38 c:/androxstudio/legacy/arduino/hardware/tools/g++_arm_none_eabi/bin/../lib/gcc/arm-none-eabi/4.4.1/../../../../arm-none-eabi/lib/thumb2\libc.a(lib_a-vfiprintf.o)
                0x00082e68                _vfiprintf_r
                0x00083b68                vfiprintf
 .text          0x00083b84      0x104 c:/androxstudio/legacy/arduino/hardware/tools/g++_arm_none_eabi/bin/../lib/gcc/arm-none-eabi/4.4.1/../../../../arm-none-eabi/lib/thumb2\libc.a(lib_a-wsetup.o)
                0x00083b84                __swsetup_r
 .text          0x00083c88       0x10 c:/androxstudio/legacy/arduino/hardware/tools/g++_arm_none_eabi/bin/../lib/gcc/arm-none-eabi/4.4.1/../../../../arm-none-eabi/lib/thumb2\libc.a(lib_a-abort.o)
                0x00083c88                abort
 .text          0x00083c98      0x178 c:/androxstudio/legacy/arduino/hardware/tools/g++_arm_none_eabi/bin/../lib/gcc/arm-none-eabi/4.4.1/../../../../arm-none-eabi/lib/thumb2\libc.a(lib_a-fflush.o)
                0x00083c98                _fflush_r
                0x00083de8                fflush
 .text          0x00083e10      0x1c8 c:/androxstudio/legacy/arduino/hardware/tools/g++_arm_none_eabi/bin/../lib/gcc/arm-none-eabi/4.4.1/../../../../arm-none-eabi/lib/thumb2\libc.a(lib_a-findfp.o)
                0x00083e10                __sfp_lock_acquire
                0x00083e14                __sfp_lock_release
                0x00083e18                __sinit_lock_acquire
                0x00083e1c                __sinit_lock_release
                0x00083e28                __fp_unlock_all
                0x00083e40                __fp_lock_all
                0x00083e58                _cleanup_r
                0x00083e64                _cleanup
                0x00083ec0                __sfmoreglue
                0x00083ef0                __sfp
                0x00083f78                __sinit
 .text          0x00083fd8      0x268 c:/androxstudio/legacy/arduino/hardware/tools/g++_arm_none_eabi/bin/../lib/gcc/arm-none-eabi/4.4.1/../../../../arm-none-eabi/lib/thumb2\libc.a(lib_a-freer.o)
                0x00083fd8                _malloc_trim_r
                0x00084080                _free_r
 .text          0x00084240      0x334 c:/androxstudio/legacy/arduino/hardware/tools/g++_arm_none_eabi/bin/../lib/gcc/arm-none-eabi/4.4.1/../../../../arm-none-eabi/lib/thumb2\libc.a(lib_a-fvwrite.o)
                0x00084240                __sfvwrite_r
 .text          0x00084574       0xa0 c:/androxstudio/legacy/arduino/hardware/tools/g++_arm_none_eabi/bin/../lib/gcc/arm-none-eabi/4.4.1/../../../../arm-none-eabi/lib/thumb2\libc.a(lib_a-fwalk.o)
                0x00084574                _fwalk_reent
                0x000845c8                _fwalk
 .text          0x00084614       0xdc c:/androxstudio/legacy/arduino/hardware/tools/g++_arm_none_eabi/bin/../lib/gcc/arm-none-eabi/4.4.1/../../../../arm-none-eabi/lib/thumb2\libc.a(lib_a-makebuf.o)
                0x00084614                __smakebuf_r
 .text          0x000846f0       0x74 c:/androxstudio/legacy/arduino/hardware/tools/g++_arm_none_eabi/bin/../lib/gcc/arm-none-eabi/4.4.1/../../../../arm-none-eabi/lib/thumb2\libc.a(lib_a-memchr.o)
                0x000846f0                memchr
 .text          0x00084764      0x14c c:/androxstudio/legacy/arduino/hardware/tools/g++_arm_none_eabi/bin/../lib/gcc/arm-none-eabi/4.4.1/../../../../arm-none-eabi/lib/thumb2\libc.a(lib_a-signal.o)
                0x00084764                _raise_r
                0x000847bc                raise
                0x000847cc                _init_signal_r
                0x000847f4                _init_signal
                0x00084800                __sigtramp_r
                0x00084854                __sigtramp
                0x00084864                _signal_r
                0x000848a0                signal
 .text          0x000848b0       0x30 c:/androxstudio/legacy/arduino/hardware/tools/g++_arm_none_eabi/bin/../lib/gcc/arm-none-eabi/4.4.1/../../../../arm-none-eabi/lib/thumb2\libc.a(lib_a-signalr.o)
                0x000848b0                _getpid_r
                0x000848b4                _kill_r
 .text          0x000848e0       0x90 c:/androxstudio/legacy/arduino/hardware/tools/g++_arm_none_eabi/bin/../lib/gcc/arm-none-eabi/4.4.1/../../../../arm-none-eabi/lib/thumb2\libc.a(lib_a-stdio.o)
                0x000848e0                __sclose
                0x000848e8                __sseek
                0x00084910                __swrite
                0x0008494c                __sread
 .text          0x00084970       0x2c c:/androxstudio/legacy/arduino/hardware/tools/g++_arm_none_eabi/bin/../lib/gcc/arm-none-eabi/4.4.1/../../../../arm-none-eabi/lib/thumb2\libc.a(lib_a-writer.o)
                0x00084970                _write_r
 .text          0x0008499c       0x28 c:/androxstudio/legacy/arduino/hardware/tools/g++_arm_none_eabi/bin/../lib/gcc/arm-none-eabi/4.4.1/../../../../arm-none-eabi/lib/thumb2\libc.a(lib_a-closer.o)
                0x0008499c                _close_r
 .text          0x000849c4       0xcc c:/androxstudio/legacy/arduino/hardware/tools/g++_arm_none_eabi/bin/../lib/gcc/arm-none-eabi/4.4.1/../../../../arm-none-eabi/lib/thumb2\libc.a(lib_a-fclose.o)
                0x000849c4                _fclose_r
                0x00084a80                fclose
 .text          0x00084a90       0x2c c:/androxstudio/legacy/arduino/hardware/tools/g++_arm_none_eabi/bin/../lib/gcc/arm-none-eabi/4.4.1/../../../../arm-none-eabi/lib/thumb2\libc.a(lib_a-fstatr.o)
                0x00084a90                _fstat_r
 .text          0x00084abc       0x28 c:/androxstudio/legacy/arduino/hardware/tools/g++_arm_none_eabi/bin/../lib/gcc/arm-none-eabi/4.4.1/../../../../arm-none-eabi/lib/thumb2\libc.a(lib_a-isattyr.o)
                0x00084abc                _isatty_r
 .text          0x00084ae4       0x2c c:/androxstudio/legacy/arduino/hardware/tools/g++_arm_none_eabi/bin/../lib/gcc/arm-none-eabi/4.4.1/../../../../arm-none-eabi/lib/thumb2\libc.a(lib_a-lseekr.o)
                0x00084ae4                _lseek_r
 .text          0x00084b10       0x2c c:/androxstudio/legacy/arduino/hardware/tools/g++_arm_none_eabi/bin/../lib/gcc/arm-none-eabi/4.4.1/../../../../arm-none-eabi/lib/thumb2\libc.a(lib_a-readr.o)
                0x00084b10                _read_r
 *fill*         0x00084b3c        0x4 00
 .text          0x00084b40      0x278 c:/androxstudio/legacy/arduino/hardware/tools/g++_arm_none_eabi/bin/../lib/gcc/arm-none-eabi/4.4.1/thumb2\libgcc.a(_udivsi3.o)
                0x00084b40                __aeabi_uidiv
                0x00084b40                __udivsi3
                0x00084d9c                __aeabi_uidivmod
 .text          0x00084db8        0x4 c:/androxstudio/legacy/arduino/hardware/tools/g++_arm_none_eabi/bin/../lib/gcc/arm-none-eabi/4.4.1/thumb2\libgcc.a(_dvmd_tls.o)
                0x00084db8                __aeabi_idiv0
                0x00084db8                __aeabi_ldiv0
 .text          0x00084dbc       0x2c c:/androxstudio/legacy/arduino/hardware/tools/g++_arm_none_eabi/bin/../lib/gcc/arm-none-eabi/4.4.1/thumb2\libgcc.a(_aeabi_uldivmod.o)
                0x00084dbc                __aeabi_uldivmod
 .text          0x00084de8       0x58 c:/androxstudio/legacy/arduino/hardware/tools/g++_arm_none_eabi/bin/../lib/gcc/arm-none-eabi/4.4.1/thumb2\libgcc.a(bpabi.o)
                0x00084de8                __gnu_uldivmod_helper
                0x00084e14                __gnu_ldivmod_helper
 .text          0x00084e40      0x364 c:/androxstudio/legacy/arduino/hardware/tools/g++_arm_none_eabi/bin/../lib/gcc/arm-none-eabi/4.4.1/thumb2\libgcc.a(_divdi3.o)
                0x00084e40                __divdi3
 .text          0x000851a4      0x300 c:/androxstudio/legacy/arduino/hardware/tools/g++_arm_none_eabi/bin/../lib/gcc/arm-none-eabi/4.4.1/thumb2\libgcc.a(_udivdi3.o)
                0x000851a4                __udivdi3
 *(.glue_7t)
 .glue_7t       0x00000000        0x0 linker stubs
 *(.glue_7)
 .glue_7        0x00000000        0x0 linker stubs
 *(.rodata .rodata* .gnu.linkonce.r.*)
 .rodata.str1.1
                0x000854a4       0x19 C:/AndroXStudio/workspace/ROBOEX_3WD_BUZZER/Release/arduino/syscalls_sam3.c.o
 *fill*         0x000854bd        0x3 00
 .rodata.g_APinDescription
                0x000854c0      0xc08 C:/AndroXStudio/workspace/ROBOEX_3WD_BUZZER/Release/arduino.ar(variant.cpp.o)
                0x000854c0                g_APinDescription
 .rodata._ZTV9UARTClass
                0x000860c8       0x28 C:/AndroXStudio/workspace/ROBOEX_3WD_BUZZER/Release/arduino.ar(UARTClass.cpp.o)
                0x000860c8                vtable for UARTClass
 .rodata._ZTV10USARTClass
                0x000860f0       0x28 C:/AndroXStudio/workspace/ROBOEX_3WD_BUZZER/Release/arduino.ar(USARTClass.cpp.o)
                0x000860f0                vtable for USARTClass
 .rodata.C.0.8141
                0x00086118       0x40 C:/AndroXStudio/legacy/arduino/hardware/arduino/sam/variants/arduino_due_x/libsam_sam3x8e_gcc_rel.a(adc.o)
 .rodata._ZTV7TwoWire
                0x00086158       0x20 C:/AndroXStudio/workspace/ROBOEX_3WD_BUZZER/Release/arduino.ar(Wire.cpp.o)
                0x00086158                vtable for TwoWire
 .rodata.USB_DeviceDescriptorA
                0x00086178       0x14 C:/AndroXStudio/workspace/ROBOEX_3WD_BUZZER/Release/arduino.ar(USBCore.cpp.o)
                0x00086178                USB_DeviceDescriptorA
 .rodata.USB_DeviceDescriptor
                0x0008618c       0x14 C:/AndroXStudio/workspace/ROBOEX_3WD_BUZZER/Release/arduino.ar(USBCore.cpp.o)
                0x0008618c                USB_DeviceDescriptor
 .rodata._ZL9EndPoints
                0x000861a0       0x14 C:/AndroXStudio/workspace/ROBOEX_3WD_BUZZER/Release/arduino.ar(USBCore.cpp.o)
 .rodata.STRING_LANGUAGE
                0x000861b4        0x4 C:/AndroXStudio/workspace/ROBOEX_3WD_BUZZER/Release/arduino.ar(USBCore.cpp.o)
                0x000861b4                STRING_LANGUAGE
 .rodata._ZL18test_packet_buffer
                0x000861b8       0x38 C:/AndroXStudio/workspace/ROBOEX_3WD_BUZZER/Release/arduino.ar(USBCore.cpp.o)
 .rodata.STRING_PRODUCT
                0x000861f0        0xc C:/AndroXStudio/workspace/ROBOEX_3WD_BUZZER/Release/arduino.ar(USBCore.cpp.o)
                0x000861f0                STRING_PRODUCT
 .rodata.STRING_MANUFACTURER
                0x000861fc        0xc C:/AndroXStudio/workspace/ROBOEX_3WD_BUZZER/Release/arduino.ar(USBCore.cpp.o)
                0x000861fc                STRING_MANUFACTURER
 .rodata._ZL19USB_DeviceQualifier
                0x00086208       0x14 C:/AndroXStudio/workspace/ROBOEX_3WD_BUZZER/Release/arduino.ar(USBCore.cpp.o)
 *fill*         0x0008621c        0x4 00
 .rodata._ZTV7Serial_
                0x00086220       0x28 C:/AndroXStudio/workspace/ROBOEX_3WD_BUZZER/Release/arduino.ar(CDC.cpp.o)
                0x00086220                vtable for Serial_
 .rodata._ZL18_cdcOtherInterface
                0x00086248       0x44 C:/AndroXStudio/workspace/ROBOEX_3WD_BUZZER/Release/arduino.ar(CDC.cpp.o)
 .rodata._ZL13_cdcInterface
                0x0008628c       0x44 C:/AndroXStudio/workspace/ROBOEX_3WD_BUZZER/Release/arduino.ar(CDC.cpp.o)
 .rodata._ZTV9Keyboard_
                0x000862d0       0x20 C:/AndroXStudio/workspace/ROBOEX_3WD_BUZZER/Release/arduino.ar(HID.cpp.o)
                0x000862d0                vtable for Keyboard_
 .rodata._asciimap
                0x000862f0       0x80 C:/AndroXStudio/workspace/ROBOEX_3WD_BUZZER/Release/arduino.ar(HID.cpp.o)
                0x000862f0                _asciimap
 .rodata._hidInterface
                0x00086370       0x1c C:/AndroXStudio/workspace/ROBOEX_3WD_BUZZER/Release/arduino.ar(HID.cpp.o)
                0x00086370                _hidInterface
 .rodata._hidReportDescriptor
                0x0008638c       0x68 C:/AndroXStudio/workspace/ROBOEX_3WD_BUZZER/Release/arduino.ar(HID.cpp.o)
                0x0008638c                _hidReportDescriptor
 .rodata.__func__.7038
                0x000863f4        0xe C:/AndroXStudio/legacy/arduino/hardware/arduino/sam/variants/arduino_due_x/libsam_sam3x8e_gcc_rel.a(twi.o)
 .rodata.__func__.7060
                0x00086402        0xd C:/AndroXStudio/legacy/arduino/hardware/arduino/sam/variants/arduino_due_x/libsam_sam3x8e_gcc_rel.a(twi.o)
 .rodata.__func__.7065
                0x0008640f        0xe C:/AndroXStudio/legacy/arduino/hardware/arduino/sam/variants/arduino_due_x/libsam_sam3x8e_gcc_rel.a(twi.o)
 .rodata.str1.1
                0x0008641d       0xb4 C:/AndroXStudio/legacy/arduino/hardware/arduino/sam/variants/arduino_due_x/libsam_sam3x8e_gcc_rel.a(twi.o)
 .rodata.__func__.7069
                0x000864d1        0xe C:/AndroXStudio/legacy/arduino/hardware/arduino/sam/variants/arduino_due_x/libsam_sam3x8e_gcc_rel.a(twi.o)
 .rodata.__func__.7033
                0x000864df        0xd C:/AndroXStudio/legacy/arduino/hardware/arduino/sam/variants/arduino_due_x/libsam_sam3x8e_gcc_rel.a(twi.o)
 .rodata.str1.4
                0x000864ec       0x3f c:/androxstudio/legacy/arduino/hardware/tools/g++_arm_none_eabi/bin/../lib/gcc/arm-none-eabi/4.4.1/../../../../arm-none-eabi/lib/thumb2\libc.a(lib_a-assert.o)
                                 0x44 (size before relaxing)
 *fill*         0x0008652b        0x1 00
 .rodata        0x0008652c        0x4 c:/androxstudio/legacy/arduino/hardware/tools/g++_arm_none_eabi/bin/../lib/gcc/arm-none-eabi/4.4.1/../../../../arm-none-eabi/lib/thumb2\libc.a(lib_a-impure.o)
                0x0008652c                _global_impure_ptr
 .rodata.str1.4
                0x00086530        0x2 c:/androxstudio/legacy/arduino/hardware/tools/g++_arm_none_eabi/bin/../lib/gcc/arm-none-eabi/4.4.1/../../../../arm-none-eabi/lib/thumb2\libc.a(lib_a-impure.o)
                                  0x4 (size before relaxing)
 *fill*         0x00086532        0x2 00
 .rodata        0x00086534       0x20 c:/androxstudio/legacy/arduino/hardware/tools/g++_arm_none_eabi/bin/../lib/gcc/arm-none-eabi/4.4.1/../../../../arm-none-eabi/lib/thumb2\libc.a(lib_a-vfiprintf.o)
 .rodata.str1.4
                0x00086554       0x30 c:/androxstudio/legacy/arduino/hardware/tools/g++_arm_none_eabi/bin/../lib/gcc/arm-none-eabi/4.4.1/../../../../arm-none-eabi/lib/thumb2\libc.a(lib_a-vfiprintf.o)
 .rodata        0x00086584       0x60 c:/androxstudio/legacy/arduino/hardware/tools/g++_arm_none_eabi/bin/../lib/gcc/arm-none-eabi/4.4.1/../../../../arm-none-eabi/lib/thumb2\libc.a(lib_a-findfp.o)
                0x00086584                __sf_fake_stdin
                0x000865a4                __sf_fake_stdout
                0x000865c4                __sf_fake_stderr
 *(.ARM.extab* .gnu.linkonce.armextab.*)
                0x000865e4                . = ALIGN (0x4)
 *(.init)
 .init          0x000865e4        0x4 c:/androxstudio/legacy/arduino/hardware/tools/g++_arm_none_eabi/bin/../lib/gcc/arm-none-eabi/4.4.1/thumb2/crti.o
                0x000865e4                _init
 .init          0x000865e8        0x8 c:/androxstudio/legacy/arduino/hardware/tools/g++_arm_none_eabi/bin/../lib/gcc/arm-none-eabi/4.4.1/thumb2/crtn.o
                0x000865f0                . = ALIGN (0x4)
                0x000865f0                __preinit_array_start = .
 *(.preinit_array)
                0x000865f0                __preinit_array_end = .
                0x000865f0                . = ALIGN (0x4)
                0x000865f0                __init_array_start = .
 *(SORT(.init_array.*))
 *(.init_array)
 .init_array    0x000865f0        0x4 c:/androxstudio/legacy/arduino/hardware/tools/g++_arm_none_eabi/bin/../lib/gcc/arm-none-eabi/4.4.1/thumb2/crtbegin.o
 .init_array    0x000865f4        0x4 C:/AndroXStudio/workspace/ROBOEX_3WD_BUZZER/Release/arduino.ar(variant.cpp.o)
 .init_array    0x000865f8        0x4 C:/AndroXStudio/workspace/ROBOEX_3WD_BUZZER/Release/arduino.ar(Wire.cpp.o)
 .init_array    0x000865fc        0x4 C:/AndroXStudio/workspace/ROBOEX_3WD_BUZZER/Release/arduino.ar(USBCore.cpp.o)
 .init_array    0x00086600        0x4 C:/AndroXStudio/workspace/ROBOEX_3WD_BUZZER/Release/arduino.ar(CDC.cpp.o)
 .init_array    0x00086604        0x4 C:/AndroXStudio/workspace/ROBOEX_3WD_BUZZER/Release/arduino.ar(HID.cpp.o)
                0x00086608                __init_array_end = .
                0x00086608                . = ALIGN (0x4)
 *crtbegin.o(.ctors)
 *(EXCLUDE_FILE(*crtend.o) .ctors)
 *(SORT(.ctors.*))
 *crtend.o(.ctors)
                0x00086608                . = ALIGN (0x4)
 *(.fini)
 .fini          0x00086608        0x4 c:/androxstudio/legacy/arduino/hardware/tools/g++_arm_none_eabi/bin/../lib/gcc/arm-none-eabi/4.4.1/thumb2/crti.o
                0x00086608                _fini
 .fini          0x0008660c        0x8 c:/androxstudio/legacy/arduino/hardware/tools/g++_arm_none_eabi/bin/../lib/gcc/arm-none-eabi/4.4.1/thumb2/crtn.o
                0x00086614                . = ALIGN (0x4)
                0x00086614                __fini_array_start = .
 *(.fini_array)
 .fini_array    0x00086614        0x4 c:/androxstudio/legacy/arduino/hardware/tools/g++_arm_none_eabi/bin/../lib/gcc/arm-none-eabi/4.4.1/thumb2/crtbegin.o
 *(SORT(.fini_array.*))
                0x00086618                __fini_array_end = .
 *crtbegin.o(.dtors)
 *(EXCLUDE_FILE(*crtend.o) .dtors)
 *(SORT(.dtors.*))
 *crtend.o(.dtors)
                0x00086618                . = ALIGN (0x4)
                0x00086618                _efixed = .
                0x00086618                PROVIDE (__exidx_start, .)

.jcr            0x00086618        0x0
 .jcr           0x00086618        0x0 c:/androxstudio/legacy/arduino/hardware/tools/g++_arm_none_eabi/bin/../lib/gcc/arm-none-eabi/4.4.1/thumb2/crtbegin.o

.vfp11_veneer   0x00086618        0x0
 .vfp11_veneer  0x00000000        0x0 linker stubs

.v4_bx          0x00086618        0x0
 .v4_bx         0x00000000        0x0 linker stubs

.ARM.exidx      0x00086618        0x8
 *(.ARM.exidx* .gnu.linkonce.armexidx.*)
 .ARM.exidx     0x00086618        0x8 c:/androxstudio/legacy/arduino/hardware/tools/g++_arm_none_eabi/bin/../lib/gcc/arm-none-eabi/4.4.1/thumb2\libgcc.a(_divdi3.o)
 .ARM.exidx     0x00086620        0x0 c:/androxstudio/legacy/arduino/hardware/tools/g++_arm_none_eabi/bin/../lib/gcc/arm-none-eabi/4.4.1/thumb2\libgcc.a(_udivdi3.o)
                                  0x8 (size before relaxing)
                0x00086620                PROVIDE (__exidx_end, .)
                0x00086620                . = ALIGN (0x4)
                0x00086620                _etext = .

.relocate       0x20070000      0x554 load address 0x00086620
                0x20070000                . = ALIGN (0x4)
                0x20070000                _srelocate = .
 *(.ramfunc .ramfunc.*)
 .ramfunc       0x20070000       0x34 C:/AndroXStudio/workspace/ROBOEX_3WD_BUZZER/Release/arduino.ar(Reset.cpp.o)
                0x20070000                banzai
 *(.data .data.*)
 .data.pin_BUZZER
                0x20070034        0x4 ./ROBOEX_3WD_BUZZER.cpp.o
                0x20070034                pin_BUZZER
 .data.SystemCoreClock
                0x20070038        0x4 C:/AndroXStudio/legacy/arduino/hardware/arduino/sam/variants/arduino_due_x/libsam_sam3x8e_gcc_rel.a(system_sam3xa.o)
                0x20070038                SystemCoreClock
 .data._ZL5ticks
                0x2007003c        0x4 C:/AndroXStudio/workspace/ROBOEX_3WD_BUZZER/Release/arduino.ar(Reset.cpp.o)
 .data._ZL12_usbLineInfo
                0x20070040        0x8 C:/AndroXStudio/workspace/ROBOEX_3WD_BUZZER/Release/arduino.ar(CDC.cpp.o)
 .data._hid_protocol
                0x20070048        0x1 C:/AndroXStudio/workspace/ROBOEX_3WD_BUZZER/Release/arduino.ar(HID.cpp.o)
                0x20070048                _hid_protocol
 .data._hid_idle
                0x20070049        0x1 C:/AndroXStudio/workspace/ROBOEX_3WD_BUZZER/Release/arduino.ar(HID.cpp.o)
                0x20070049                _hid_idle
 *fill*         0x2007004a        0x2 00
 .data.g_interrupt_enabled
                0x2007004c        0x4 C:/AndroXStudio/legacy/arduino/hardware/arduino/sam/variants/arduino_due_x/libsam_sam3x8e_gcc_rel.a(interrupt_sam_nvic.o)
                0x2007004c                g_interrupt_enabled
 .data          0x20070050       0xf4 c:/androxstudio/legacy/arduino/hardware/tools/g++_arm_none_eabi/bin/../lib/gcc/arm-none-eabi/4.4.1/../../../../arm-none-eabi/lib/thumb2\libc.a(lib_a-impure.o)
                0x20070050                _impure_ptr
 .data          0x20070144      0x410 c:/androxstudio/legacy/arduino/hardware/tools/g++_arm_none_eabi/bin/../lib/gcc/arm-none-eabi/4.4.1/../../../../arm-none-eabi/lib/thumb2\libc.a(lib_a-mallocr.o)
                0x20070144                __malloc_av_
                0x2007054c                __malloc_sbrk_base
                0x20070550                __malloc_trim_threshold
                0x20070554                . = ALIGN (0x4)
                0x20070554                _erelocate = .

.bss            0x20070554      0xb1c load address 0x00086b74
                0x20070554                . = ALIGN (0x4)
                0x20070554                _sbss = .
                0x20070554                _szero = .
 *(.bss .bss.*)
 .bss           0x20070554        0x1 c:/androxstudio/legacy/arduino/hardware/tools/g++_arm_none_eabi/bin/../lib/gcc/arm-none-eabi/4.4.1/thumb2/crtbegin.o
 *fill*         0x20070555        0x3 00
 .bss.heap.3798
                0x20070558        0x4 C:/AndroXStudio/workspace/ROBOEX_3WD_BUZZER/Release/arduino/syscalls_sam3.c.o
 .bss.Serial    0x2007055c       0x20 C:/AndroXStudio/workspace/ROBOEX_3WD_BUZZER/Release/arduino.ar(variant.cpp.o)
                0x2007055c                Serial
 .bss.rx_buffer1
                0x2007057c      0x108 C:/AndroXStudio/workspace/ROBOEX_3WD_BUZZER/Release/arduino.ar(variant.cpp.o)
                0x2007057c                rx_buffer1
 .bss.Serial1   0x20070684       0x20 C:/AndroXStudio/workspace/ROBOEX_3WD_BUZZER/Release/arduino.ar(variant.cpp.o)
                0x20070684                Serial1
 .bss.Serial2   0x200706a4       0x20 C:/AndroXStudio/workspace/ROBOEX_3WD_BUZZER/Release/arduino.ar(variant.cpp.o)
                0x200706a4                Serial2
 .bss.Serial3   0x200706c4       0x20 C:/AndroXStudio/workspace/ROBOEX_3WD_BUZZER/Release/arduino.ar(variant.cpp.o)
                0x200706c4                Serial3
 .bss.rx_buffer2
                0x200706e4      0x108 C:/AndroXStudio/workspace/ROBOEX_3WD_BUZZER/Release/arduino.ar(variant.cpp.o)
                0x200706e4                rx_buffer2
 .bss.rx_buffer3
                0x200707ec      0x108 C:/AndroXStudio/workspace/ROBOEX_3WD_BUZZER/Release/arduino.ar(variant.cpp.o)
                0x200707ec                rx_buffer3
 .bss.rx_buffer4
                0x200708f4      0x108 C:/AndroXStudio/workspace/ROBOEX_3WD_BUZZER/Release/arduino.ar(variant.cpp.o)
                0x200708f4                rx_buffer4
 .bss.pinEnabled
                0x200709fc       0x50 C:/AndroXStudio/workspace/ROBOEX_3WD_BUZZER/Release/arduino.ar(wiring_analog.c.o)
 .bss._dwTickCount
                0x20070a4c        0x4 C:/AndroXStudio/legacy/arduino/hardware/arduino/sam/variants/arduino_due_x/libsam_sam3x8e_gcc_rel.a(timetick.o)
 .bss.gpf_isr   0x20070a50        0x4 C:/AndroXStudio/legacy/arduino/hardware/arduino/sam/variants/arduino_due_x/libsam_sam3x8e_gcc_rel.a(uotghs.o)
                0x20070a50                gpf_isr
 .bss.callbacks
                0x20070a54       0x24 C:/AndroXStudio/workspace/ROBOEX_3WD_BUZZER/Release/arduino.ar(Timer_Int.c.o)
 .bss.callbacksPioA
                0x20070a78       0x80 C:/AndroXStudio/workspace/ROBOEX_3WD_BUZZER/Release/arduino.ar(WInterrupts.c.o)
 .bss.callbacksPioB
                0x20070af8       0x80 C:/AndroXStudio/workspace/ROBOEX_3WD_BUZZER/Release/arduino.ar(WInterrupts.c.o)
 .bss.callbacksPioC
                0x20070b78       0x80 C:/AndroXStudio/workspace/ROBOEX_3WD_BUZZER/Release/arduino.ar(WInterrupts.c.o)
 .bss.callbacksPioD
                0x20070bf8       0x80 C:/AndroXStudio/workspace/ROBOEX_3WD_BUZZER/Release/arduino.ar(WInterrupts.c.o)
 .bss.Wire1     0x20070c78       0x8c C:/AndroXStudio/workspace/ROBOEX_3WD_BUZZER/Release/arduino.ar(Wire.cpp.o)
                0x20070c78                Wire1
 .bss.Wire      0x20070d04       0x8c C:/AndroXStudio/workspace/ROBOEX_3WD_BUZZER/Release/arduino.ar(Wire.cpp.o)
                0x20070d04                Wire
 .bss._ZL14isEndpointHalt
                0x20070d90        0x1 C:/AndroXStudio/workspace/ROBOEX_3WD_BUZZER/Release/arduino.ar(USBCore.cpp.o)
 *fill*         0x20070d91        0x3 00
 .bss._cmark    0x20070d94        0x4 C:/AndroXStudio/workspace/ROBOEX_3WD_BUZZER/Release/arduino.ar(USBCore.cpp.o)
                0x20070d94                _cmark
 .bss._cend     0x20070d98        0x4 C:/AndroXStudio/workspace/ROBOEX_3WD_BUZZER/Release/arduino.ar(USBCore.cpp.o)
                0x20070d98                _cend
 .bss._cdcComposite
                0x20070d9c        0x4 C:/AndroXStudio/workspace/ROBOEX_3WD_BUZZER/Release/arduino.ar(USBCore.cpp.o)
                0x20070d9c                _cdcComposite
 .bss._usbInitialized
                0x20070da0        0x4 C:/AndroXStudio/workspace/ROBOEX_3WD_BUZZER/Release/arduino.ar(USBCore.cpp.o)
                0x20070da0                _usbInitialized
 .bss.USBDevice
                0x20070da4        0x4 C:/AndroXStudio/workspace/ROBOEX_3WD_BUZZER/Release/arduino.ar(USBCore.cpp.o)
                0x20070da4                USBDevice
 .bss._usbSetInterface
                0x20070da8        0x4 C:/AndroXStudio/workspace/ROBOEX_3WD_BUZZER/Release/arduino.ar(USBCore.cpp.o)
                0x20070da8                _usbSetInterface
 .bss._ZL21isRemoteWakeUpEnabled
                0x20070dac        0x1 C:/AndroXStudio/workspace/ROBOEX_3WD_BUZZER/Release/arduino.ar(USBCore.cpp.o)
 *fill*         0x20070dad        0x3 00
 .bss._usbConfiguration
                0x20070db0        0x4 C:/AndroXStudio/workspace/ROBOEX_3WD_BUZZER/Release/arduino.ar(USBCore.cpp.o)
                0x20070db0                _usbConfiguration
 .bss.cdc_rx_buffer
                0x20070db4      0x208 C:/AndroXStudio/workspace/ROBOEX_3WD_BUZZER/Release/arduino.ar(CDC.cpp.o)
                0x20070db4                cdc_rx_buffer
 .bss._ZZN7Serial_6acceptEvE5guard
                0x20070fbc        0x4 C:/AndroXStudio/workspace/ROBOEX_3WD_BUZZER/Release/arduino.ar(CDC.cpp.o)
 .bss.SerialUSB
                0x20070fc0       0x14 C:/AndroXStudio/workspace/ROBOEX_3WD_BUZZER/Release/arduino.ar(CDC.cpp.o)
                0x20070fc0                SerialUSB
 .bss.Mouse     0x20070fd4        0x4 C:/AndroXStudio/workspace/ROBOEX_3WD_BUZZER/Release/arduino.ar(HID.cpp.o)
                0x20070fd4                Mouse
 .bss.Keyboard  0x20070fd8       0x10 C:/AndroXStudio/workspace/ROBOEX_3WD_BUZZER/Release/arduino.ar(HID.cpp.o)
                0x20070fd8                Keyboard
 .bss.ul_recv_fifo_ptr
                0x20070fe8       0x28 C:/AndroXStudio/legacy/arduino/hardware/arduino/sam/variants/arduino_due_x/libsam_sam3x8e_gcc_rel.a(uotghs_device.o)
 .bss.ul_send_fifo_ptr
                0x20071010       0x28 C:/AndroXStudio/legacy/arduino/hardware/arduino/sam/variants/arduino_due_x/libsam_sam3x8e_gcc_rel.a(uotghs_device.o)
 .bss           0x20071038       0x34 c:/androxstudio/legacy/arduino/hardware/tools/g++_arm_none_eabi/bin/../lib/gcc/arm-none-eabi/4.4.1/../../../../arm-none-eabi/lib/thumb2\libc.a(lib_a-mallocr.o)
                0x20071038                __malloc_top_pad
                0x2007103c                __malloc_current_mallinfo
                0x20071064                __malloc_max_sbrked_mem
                0x20071068                __malloc_max_total_mem
 *(COMMON)
 COMMON         0x2007106c        0x4 c:/androxstudio/legacy/arduino/hardware/tools/g++_arm_none_eabi/bin/../lib/gcc/arm-none-eabi/4.4.1/../../../../arm-none-eabi/lib/thumb2\libc.a(lib_a-reent.o)
                0x2007106c                errno
                0x20071070                . = ALIGN (0x4)
                0x20071070                _ebss = .
                0x20071070                _ezero = .
                0x20071070                . = ALIGN (0x4)
                0x20071070                _end = .

.stack_dummy    0x20071070        0x0
 *(.stack*)
                0x20088000                __StackTop = 0x20088000
                0x20088000                __StackLimit = (__StackTop - SIZEOF (.stack_dummy))
                0x20088000                PROVIDE (_sstack, __StackLimit)
                0x20088000                PROVIDE (_estack, __StackTop)
OUTPUT(C:/AndroXStudio/workspace/ROBOEX_3WD_BUZZER/Release/ROBOEX_3WD_BUZZER.elf elf32-littlearm)

.ARM.attributes
                0x00000000       0x25
 .ARM.attributes
                0x00000000       0x19 c:/androxstudio/legacy/arduino/hardware/tools/g++_arm_none_eabi/bin/../lib/gcc/arm-none-eabi/4.4.1/thumb2/crti.o
 .ARM.attributes
                0x00000019       0x29 c:/androxstudio/legacy/arduino/hardware/tools/g++_arm_none_eabi/bin/../lib/gcc/arm-none-eabi/4.4.1/thumb2/crtbegin.o
 .ARM.attributes
                0x00000042       0x31 C:/AndroXStudio/workspace/ROBOEX_3WD_BUZZER/Release/arduino/syscalls_sam3.c.o
 .ARM.attributes
                0x00000073       0x31 ./ROBOEX_3WD_BUZZER.cpp.o
 .ARM.attributes
                0x000000a4       0x31 C:/AndroXStudio/workspace/ROBOEX_3WD_BUZZER/Release/arduino.ar(wiring.c.o)
 .ARM.attributes
                0x000000d5       0x31 C:/AndroXStudio/workspace/ROBOEX_3WD_BUZZER/Release/arduino.ar(wiring_digital.c.o)
 .ARM.attributes
                0x00000106       0x31 C:/AndroXStudio/workspace/ROBOEX_3WD_BUZZER/Release/arduino.ar(variant.cpp.o)
 .ARM.attributes
                0x00000137       0x31 C:/AndroXStudio/workspace/ROBOEX_3WD_BUZZER/Release/arduino.ar(RingBuffer.cpp.o)
 .ARM.attributes
                0x00000168       0x31 C:/AndroXStudio/workspace/ROBOEX_3WD_BUZZER/Release/arduino.ar(UARTClass.cpp.o)
 .ARM.attributes
                0x00000199       0x31 C:/AndroXStudio/workspace/ROBOEX_3WD_BUZZER/Release/arduino.ar(USARTClass.cpp.o)
 .ARM.attributes
                0x000001ca       0x31 C:/AndroXStudio/workspace/ROBOEX_3WD_BUZZER/Release/arduino.ar(cxxabi-compat.cpp.o)
 .ARM.attributes
                0x000001fb       0x31 C:/AndroXStudio/workspace/ROBOEX_3WD_BUZZER/Release/arduino.ar(hooks.c.o)
 .ARM.attributes
                0x0000022c       0x31 C:/AndroXStudio/workspace/ROBOEX_3WD_BUZZER/Release/arduino.ar(wiring_analog.c.o)
 .ARM.attributes
                0x0000025d       0x31 C:/AndroXStudio/workspace/ROBOEX_3WD_BUZZER/Release/arduino.ar(Print.cpp.o)
 .ARM.attributes
                0x0000028e       0x31 C:/AndroXStudio/workspace/ROBOEX_3WD_BUZZER/Release/arduino.ar(WString.cpp.o)
 .ARM.attributes
                0x000002bf       0x31 C:/AndroXStudio/workspace/ROBOEX_3WD_BUZZER/Release/arduino.ar(itoa.c.o)
 .ARM.attributes
                0x000002f0       0x31 C:/AndroXStudio/workspace/ROBOEX_3WD_BUZZER/Release/arduino.ar(dtostrf.c.o)
 .ARM.attributes
                0x00000321       0x31 C:/AndroXStudio/legacy/arduino/hardware/arduino/sam/variants/arduino_due_x/libsam_sam3x8e_gcc_rel.a(pio.o)
 .ARM.attributes
                0x00000352       0x31 C:/AndroXStudio/legacy/arduino/hardware/arduino/sam/variants/arduino_due_x/libsam_sam3x8e_gcc_rel.a(pmc.o)
 .ARM.attributes
                0x00000383       0x31 C:/AndroXStudio/legacy/arduino/hardware/arduino/sam/variants/arduino_due_x/libsam_sam3x8e_gcc_rel.a(pwmc.o)
 .ARM.attributes
                0x000003b4       0x31 C:/AndroXStudio/legacy/arduino/hardware/arduino/sam/variants/arduino_due_x/libsam_sam3x8e_gcc_rel.a(tc.o)
 .ARM.attributes
                0x000003e5       0x31 C:/AndroXStudio/legacy/arduino/hardware/arduino/sam/variants/arduino_due_x/libsam_sam3x8e_gcc_rel.a(timetick.o)
 .ARM.attributes
                0x00000416       0x31 C:/AndroXStudio/legacy/arduino/hardware/arduino/sam/variants/arduino_due_x/libsam_sam3x8e_gcc_rel.a(wdt.o)
 .ARM.attributes
                0x00000447       0x31 C:/AndroXStudio/legacy/arduino/hardware/arduino/sam/variants/arduino_due_x/libsam_sam3x8e_gcc_rel.a(system_sam3xa.o)
 .ARM.attributes
                0x00000478       0x31 C:/AndroXStudio/legacy/arduino/hardware/arduino/sam/variants/arduino_due_x/libsam_sam3x8e_gcc_rel.a(startup_sam3xa.o)
 .ARM.attributes
                0x000004a9       0x31 C:/AndroXStudio/legacy/arduino/hardware/arduino/sam/variants/arduino_due_x/libsam_sam3x8e_gcc_rel.a(adc.o)
 .ARM.attributes
                0x000004da       0x31 C:/AndroXStudio/legacy/arduino/hardware/arduino/sam/variants/arduino_due_x/libsam_sam3x8e_gcc_rel.a(uotghs.o)
 .ARM.attributes
                0x0000050b       0x31 C:/AndroXStudio/legacy/arduino/hardware/arduino/sam/variants/arduino_due_x/libsam_sam3x8e_gcc_rel.a(dacc.o)
 .ARM.attributes
                0x0000053c       0x31 C:/AndroXStudio/workspace/ROBOEX_3WD_BUZZER/Release/arduino.ar(Timer_Int.c.o)
 .ARM.attributes
                0x0000056d       0x31 C:/AndroXStudio/workspace/ROBOEX_3WD_BUZZER/Release/arduino.ar(WInterrupts.c.o)
 .ARM.attributes
                0x0000059e       0x31 C:/AndroXStudio/workspace/ROBOEX_3WD_BUZZER/Release/arduino.ar(Wire.cpp.o)
 .ARM.attributes
                0x000005cf       0x31 C:/AndroXStudio/workspace/ROBOEX_3WD_BUZZER/Release/arduino.ar(cortex_handlers.c.o)
 .ARM.attributes
                0x00000600       0x31 C:/AndroXStudio/workspace/ROBOEX_3WD_BUZZER/Release/arduino.ar(main.cpp.o)
 .ARM.attributes
                0x00000631       0x31 C:/AndroXStudio/workspace/ROBOEX_3WD_BUZZER/Release/arduino.ar(USBCore.cpp.o)
 .ARM.attributes
                0x00000662       0x31 C:/AndroXStudio/workspace/ROBOEX_3WD_BUZZER/Release/arduino.ar(Reset.cpp.o)
 .ARM.attributes
                0x00000693       0x31 C:/AndroXStudio/workspace/ROBOEX_3WD_BUZZER/Release/arduino.ar(CDC.cpp.o)
 .ARM.attributes
                0x000006c4       0x31 C:/AndroXStudio/workspace/ROBOEX_3WD_BUZZER/Release/arduino.ar(HID.cpp.o)
 .ARM.attributes
                0x000006f5       0x31 C:/AndroXStudio/legacy/arduino/hardware/arduino/sam/variants/arduino_due_x/libsam_sam3x8e_gcc_rel.a(twi.o)
 .ARM.attributes
                0x00000726       0x31 C:/AndroXStudio/legacy/arduino/hardware/arduino/sam/variants/arduino_due_x/libsam_sam3x8e_gcc_rel.a(interrupt_sam_nvic.o)
 .ARM.attributes
                0x00000757       0x31 C:/AndroXStudio/legacy/arduino/hardware/arduino/sam/variants/arduino_due_x/libsam_sam3x8e_gcc_rel.a(uotghs_device.o)
 .ARM.attributes
                0x00000788       0x29 c:/androxstudio/legacy/arduino/hardware/tools/g++_arm_none_eabi/bin/../lib/gcc/arm-none-eabi/4.4.1/../../../../arm-none-eabi/lib/thumb2\libm.a(lib_a-s_isinfd.o)
 .ARM.attributes
                0x000007b1       0x29 c:/androxstudio/legacy/arduino/hardware/tools/g++_arm_none_eabi/bin/../lib/gcc/arm-none-eabi/4.4.1/../../../../arm-none-eabi/lib/thumb2\libm.a(lib_a-s_isnand.o)
 .ARM.attributes
                0x000007da       0x1b c:/androxstudio/legacy/arduino/hardware/tools/g++_arm_none_eabi/bin/../lib/gcc/arm-none-eabi/4.4.1/thumb2\libgcc.a(_arm_addsubdf3.o)
 .ARM.attributes
                0x000007f5       0x1b c:/androxstudio/legacy/arduino/hardware/tools/g++_arm_none_eabi/bin/../lib/gcc/arm-none-eabi/4.4.1/thumb2\libgcc.a(_arm_muldivdf3.o)
 .ARM.attributes
                0x00000810       0x1b c:/androxstudio/legacy/arduino/hardware/tools/g++_arm_none_eabi/bin/../lib/gcc/arm-none-eabi/4.4.1/thumb2\libgcc.a(_arm_cmpdf2.o)
 .ARM.attributes
                0x0000082b       0x1b c:/androxstudio/legacy/arduino/hardware/tools/g++_arm_none_eabi/bin/../lib/gcc/arm-none-eabi/4.4.1/thumb2\libgcc.a(_arm_fixdfsi.o)
 .ARM.attributes
                0x00000846       0x1b c:/androxstudio/legacy/arduino/hardware/tools/g++_arm_none_eabi/bin/../lib/gcc/arm-none-eabi/4.4.1/thumb2\libgcc.a(_arm_fixunsdfsi.o)
 .ARM.attributes
                0x00000861       0x1b c:/androxstudio/legacy/arduino/hardware/tools/g++_arm_none_eabi/bin/../lib/gcc/arm-none-eabi/4.4.1/thumb2\libgcc.a(_arm_truncdfsf2.o)
 .ARM.attributes
                0x0000087c       0x29 c:/androxstudio/legacy/arduino/hardware/tools/g++_arm_none_eabi/bin/../lib/gcc/arm-none-eabi/4.4.1/../../../../arm-none-eabi/lib/thumb2\libc.a(lib_a-assert.o)
 .ARM.attributes
                0x000008a5       0x29 c:/androxstudio/legacy/arduino/hardware/tools/g++_arm_none_eabi/bin/../lib/gcc/arm-none-eabi/4.4.1/../../../../arm-none-eabi/lib/thumb2\libc.a(lib_a-atof.o)
 .ARM.attributes
                0x000008ce       0x29 c:/androxstudio/legacy/arduino/hardware/tools/g++_arm_none_eabi/bin/../lib/gcc/arm-none-eabi/4.4.1/../../../../arm-none-eabi/lib/thumb2\libc.a(lib_a-atol.o)
 .ARM.attributes
                0x000008f7       0x29 c:/androxstudio/legacy/arduino/hardware/tools/g++_arm_none_eabi/bin/../lib/gcc/arm-none-eabi/4.4.1/../../../../arm-none-eabi/lib/thumb2\libc.a(lib_a-fiprintf.o)
 .ARM.attributes
                0x00000920       0x29 c:/androxstudio/legacy/arduino/hardware/tools/g++_arm_none_eabi/bin/../lib/gcc/arm-none-eabi/4.4.1/../../../../arm-none-eabi/lib/thumb2\libc.a(lib_a-impure.o)
 .ARM.attributes
                0x00000949       0x29 c:/androxstudio/legacy/arduino/hardware/tools/g++_arm_none_eabi/bin/../lib/gcc/arm-none-eabi/4.4.1/../../../../arm-none-eabi/lib/thumb2\libc.a(lib_a-init.o)
 .ARM.attributes
                0x00000972       0x29 c:/androxstudio/legacy/arduino/hardware/tools/g++_arm_none_eabi/bin/../lib/gcc/arm-none-eabi/4.4.1/../../../../arm-none-eabi/lib/thumb2\libc.a(lib_a-iprintf.o)
 .ARM.attributes
                0x0000099b       0x29 c:/androxstudio/legacy/arduino/hardware/tools/g++_arm_none_eabi/bin/../lib/gcc/arm-none-eabi/4.4.1/../../../../arm-none-eabi/lib/thumb2\libc.a(lib_a-isspace.o)
 .ARM.attributes
                0x000009c4       0x29 c:/androxstudio/legacy/arduino/hardware/tools/g++_arm_none_eabi/bin/../lib/gcc/arm-none-eabi/4.4.1/../../../../arm-none-eabi/lib/thumb2\libc.a(lib_a-malloc.o)
 .ARM.attributes
                0x000009ed       0x29 c:/androxstudio/legacy/arduino/hardware/tools/g++_arm_none_eabi/bin/../lib/gcc/arm-none-eabi/4.4.1/../../../../arm-none-eabi/lib/thumb2\libc.a(lib_a-mallocr.o)
 .ARM.attributes
                0x00000a16       0x29 c:/androxstudio/legacy/arduino/hardware/tools/g++_arm_none_eabi/bin/../lib/gcc/arm-none-eabi/4.4.1/../../../../arm-none-eabi/lib/thumb2\libc.a(lib_a-memcpy.o)
 .ARM.attributes
                0x00000a3f       0x29 c:/androxstudio/legacy/arduino/hardware/tools/g++_arm_none_eabi/bin/../lib/gcc/arm-none-eabi/4.4.1/../../../../arm-none-eabi/lib/thumb2\libc.a(lib_a-memmove.o)
 .ARM.attributes
                0x00000a68       0x29 c:/androxstudio/legacy/arduino/hardware/tools/g++_arm_none_eabi/bin/../lib/gcc/arm-none-eabi/4.4.1/../../../../arm-none-eabi/lib/thumb2\libc.a(lib_a-memset.o)
 .ARM.attributes
                0x00000a91       0x29 c:/androxstudio/legacy/arduino/hardware/tools/g++_arm_none_eabi/bin/../lib/gcc/arm-none-eabi/4.4.1/../../../../arm-none-eabi/lib/thumb2\libc.a(lib_a-mlock.o)
 .ARM.attributes
                0x00000aba       0x29 c:/androxstudio/legacy/arduino/hardware/tools/g++_arm_none_eabi/bin/../lib/gcc/arm-none-eabi/4.4.1/../../../../arm-none-eabi/lib/thumb2\libc.a(lib_a-realloc.o)
 .ARM.attributes
                0x00000ae3       0x29 c:/androxstudio/legacy/arduino/hardware/tools/g++_arm_none_eabi/bin/../lib/gcc/arm-none-eabi/4.4.1/../../../../arm-none-eabi/lib/thumb2\libc.a(lib_a-reallocr.o)
 .ARM.attributes
                0x00000b0c       0x29 c:/androxstudio/legacy/arduino/hardware/tools/g++_arm_none_eabi/bin/../lib/gcc/arm-none-eabi/4.4.1/../../../../arm-none-eabi/lib/thumb2\libc.a(lib_a-sbrkr.o)
 .ARM.attributes
                0x00000b35       0x29 c:/androxstudio/legacy/arduino/hardware/tools/g++_arm_none_eabi/bin/../lib/gcc/arm-none-eabi/4.4.1/../../../../arm-none-eabi/lib/thumb2\libc.a(lib_a-sprintf.o)
 .ARM.attributes
                0x00000b5e       0x29 c:/androxstudio/legacy/arduino/hardware/tools/g++_arm_none_eabi/bin/../lib/gcc/arm-none-eabi/4.4.1/../../../../arm-none-eabi/lib/thumb2\libc.a(lib_a-strchr.o)
 .ARM.attributes
                0x00000b87       0x29 c:/androxstudio/legacy/arduino/hardware/tools/g++_arm_none_eabi/bin/../lib/gcc/arm-none-eabi/4.4.1/../../../../arm-none-eabi/lib/thumb2\libc.a(lib_a-strcmp.o)
 .ARM.attributes
                0x00000bb0       0x29 c:/androxstudio/legacy/arduino/hardware/tools/g++_arm_none_eabi/bin/../lib/gcc/arm-none-eabi/4.4.1/../../../../arm-none-eabi/lib/thumb2\libc.a(lib_a-strcpy.o)
 .ARM.attributes
                0x00000bd9       0x29 c:/androxstudio/legacy/arduino/hardware/tools/g++_arm_none_eabi/bin/../lib/gcc/arm-none-eabi/4.4.1/../../../../arm-none-eabi/lib/thumb2\libc.a(lib_a-strlen.o)
 .ARM.attributes
                0x00000c02       0x29 c:/androxstudio/legacy/arduino/hardware/tools/g++_arm_none_eabi/bin/../lib/gcc/arm-none-eabi/4.4.1/../../../../arm-none-eabi/lib/thumb2\libc.a(lib_a-strncmp.o)
 .ARM.attributes
                0x00000c2b       0x29 c:/androxstudio/legacy/arduino/hardware/tools/g++_arm_none_eabi/bin/../lib/gcc/arm-none-eabi/4.4.1/../../../../arm-none-eabi/lib/thumb2\libc.a(lib_a-strncpy.o)
 .ARM.attributes
                0x00000c54       0x29 c:/androxstudio/legacy/arduino/hardware/tools/g++_arm_none_eabi/bin/../lib/gcc/arm-none-eabi/4.4.1/../../../../arm-none-eabi/lib/thumb2\libc.a(lib_a-strrchr.o)
 .ARM.attributes
                0x00000c7d       0x29 c:/androxstudio/legacy/arduino/hardware/tools/g++_arm_none_eabi/bin/../lib/gcc/arm-none-eabi/4.4.1/../../../../arm-none-eabi/lib/thumb2\libc.a(lib_a-strstr.o)
 .ARM.attributes
                0x00000ca6       0x29 c:/androxstudio/legacy/arduino/hardware/tools/g++_arm_none_eabi/bin/../lib/gcc/arm-none-eabi/4.4.1/../../../../arm-none-eabi/lib/thumb2\libc.a(lib_a-strtod.o)
 .ARM.attributes
                0x00000ccf       0x29 c:/androxstudio/legacy/arduino/hardware/tools/g++_arm_none_eabi/bin/../lib/gcc/arm-none-eabi/4.4.1/../../../../arm-none-eabi/lib/thumb2\libc.a(lib_a-strtol.o)
 .ARM.attributes
                0x00000cf8       0x29 c:/androxstudio/legacy/arduino/hardware/tools/g++_arm_none_eabi/bin/../lib/gcc/arm-none-eabi/4.4.1/../../../../arm-none-eabi/lib/thumb2\libc.a(lib_a-svfprintf.o)
 .ARM.attributes
                0x00000d21       0x29 c:/androxstudio/legacy/arduino/hardware/tools/g++_arm_none_eabi/bin/../lib/gcc/arm-none-eabi/4.4.1/../../../../arm-none-eabi/lib/thumb2\libc.a(lib_a-tolower.o)
 .ARM.attributes
                0x00000d4a       0x29 c:/androxstudio/legacy/arduino/hardware/tools/g++_arm_none_eabi/bin/../lib/gcc/arm-none-eabi/4.4.1/../../../../arm-none-eabi/lib/thumb2\libc.a(lib_a-toupper.o)
 .ARM.attributes
                0x00000d73       0x29 c:/androxstudio/legacy/arduino/hardware/tools/g++_arm_none_eabi/bin/../lib/gcc/arm-none-eabi/4.4.1/../../../../arm-none-eabi/lib/thumb2\libc.a(lib_a-vfiprintf.o)
 .ARM.attributes
                0x00000d9c       0x29 c:/androxstudio/legacy/arduino/hardware/tools/g++_arm_none_eabi/bin/../lib/gcc/arm-none-eabi/4.4.1/../../../../arm-none-eabi/lib/thumb2\libc.a(lib_a-wsetup.o)
 .ARM.attributes
                0x00000dc5       0x29 c:/androxstudio/legacy/arduino/hardware/tools/g++_arm_none_eabi/bin/../lib/gcc/arm-none-eabi/4.4.1/../../../../arm-none-eabi/lib/thumb2\libc.a(lib_a-abort.o)
 .ARM.attributes
                0x00000dee       0x29 c:/androxstudio/legacy/arduino/hardware/tools/g++_arm_none_eabi/bin/../lib/gcc/arm-none-eabi/4.4.1/../../../../arm-none-eabi/lib/thumb2\libc.a(lib_a-ctype_.o)
 .ARM.attributes
                0x00000e17       0x29 c:/androxstudio/legacy/arduino/hardware/tools/g++_arm_none_eabi/bin/../lib/gcc/arm-none-eabi/4.4.1/../../../../arm-none-eabi/lib/thumb2\libc.a(lib_a-dtoa.o)
 .ARM.attributes
                0x00000e40       0x29 c:/androxstudio/legacy/arduino/hardware/tools/g++_arm_none_eabi/bin/../lib/gcc/arm-none-eabi/4.4.1/../../../../arm-none-eabi/lib/thumb2\libc.a(lib_a-fflush.o)
 .ARM.attributes
                0x00000e69       0x29 c:/androxstudio/legacy/arduino/hardware/tools/g++_arm_none_eabi/bin/../lib/gcc/arm-none-eabi/4.4.1/../../../../arm-none-eabi/lib/thumb2\libc.a(lib_a-findfp.o)
 .ARM.attributes
                0x00000e92       0x29 c:/androxstudio/legacy/arduino/hardware/tools/g++_arm_none_eabi/bin/../lib/gcc/arm-none-eabi/4.4.1/../../../../arm-none-eabi/lib/thumb2\libc.a(lib_a-freer.o)
 .ARM.attributes
                0x00000ebb       0x29 c:/androxstudio/legacy/arduino/hardware/tools/g++_arm_none_eabi/bin/../lib/gcc/arm-none-eabi/4.4.1/../../../../arm-none-eabi/lib/thumb2\libc.a(lib_a-fvwrite.o)
 .ARM.attributes
                0x00000ee4       0x29 c:/androxstudio/legacy/arduino/hardware/tools/g++_arm_none_eabi/bin/../lib/gcc/arm-none-eabi/4.4.1/../../../../arm-none-eabi/lib/thumb2\libc.a(lib_a-fwalk.o)
 .ARM.attributes
                0x00000f0d       0x29 c:/androxstudio/legacy/arduino/hardware/tools/g++_arm_none_eabi/bin/../lib/gcc/arm-none-eabi/4.4.1/../../../../arm-none-eabi/lib/thumb2\libc.a(lib_a-gdtoa-gethex.o)
 .ARM.attributes
                0x00000f36       0x29 c:/androxstudio/legacy/arduino/hardware/tools/g++_arm_none_eabi/bin/../lib/gcc/arm-none-eabi/4.4.1/../../../../arm-none-eabi/lib/thumb2\libc.a(lib_a-gdtoa-hexnan.o)
 .ARM.attributes
                0x00000f5f       0x29 c:/androxstudio/legacy/arduino/hardware/tools/g++_arm_none_eabi/bin/../lib/gcc/arm-none-eabi/4.4.1/../../../../arm-none-eabi/lib/thumb2\libc.a(lib_a-locale.o)
 .ARM.attributes
                0x00000f88       0x29 c:/androxstudio/legacy/arduino/hardware/tools/g++_arm_none_eabi/bin/../lib/gcc/arm-none-eabi/4.4.1/../../../../arm-none-eabi/lib/thumb2\libc.a(lib_a-makebuf.o)
 .ARM.attributes
                0x00000fb1       0x29 c:/androxstudio/legacy/arduino/hardware/tools/g++_arm_none_eabi/bin/../lib/gcc/arm-none-eabi/4.4.1/../../../../arm-none-eabi/lib/thumb2\libc.a(lib_a-memchr.o)
 .ARM.attributes
                0x00000fda       0x29 c:/androxstudio/legacy/arduino/hardware/tools/g++_arm_none_eabi/bin/../lib/gcc/arm-none-eabi/4.4.1/../../../../arm-none-eabi/lib/thumb2\libc.a(lib_a-memcmp.o)
 .ARM.attributes
                0x00001003       0x29 c:/androxstudio/legacy/arduino/hardware/tools/g++_arm_none_eabi/bin/../lib/gcc/arm-none-eabi/4.4.1/../../../../arm-none-eabi/lib/thumb2\libc.a(lib_a-mprec.o)
 .ARM.attributes
                0x0000102c       0x29 c:/androxstudio/legacy/arduino/hardware/tools/g++_arm_none_eabi/bin/../lib/gcc/arm-none-eabi/4.4.1/../../../../arm-none-eabi/lib/thumb2\libc.a(lib_a-reent.o)
 .ARM.attributes
                0x00001055       0x29 c:/androxstudio/legacy/arduino/hardware/tools/g++_arm_none_eabi/bin/../lib/gcc/arm-none-eabi/4.4.1/../../../../arm-none-eabi/lib/thumb2\libc.a(lib_a-signal.o)
 .ARM.attributes
                0x0000107e       0x29 c:/androxstudio/legacy/arduino/hardware/tools/g++_arm_none_eabi/bin/../lib/gcc/arm-none-eabi/4.4.1/../../../../arm-none-eabi/lib/thumb2\libc.a(lib_a-signalr.o)
 .ARM.attributes
                0x000010a7       0x29 c:/androxstudio/legacy/arduino/hardware/tools/g++_arm_none_eabi/bin/../lib/gcc/arm-none-eabi/4.4.1/../../../../arm-none-eabi/lib/thumb2\libc.a(lib_a-stdio.o)
 .ARM.attributes
                0x000010d0       0x29 c:/androxstudio/legacy/arduino/hardware/tools/g++_arm_none_eabi/bin/../lib/gcc/arm-none-eabi/4.4.1/../../../../arm-none-eabi/lib/thumb2\libc.a(lib_a-writer.o)
 .ARM.attributes
                0x000010f9       0x29 c:/androxstudio/legacy/arduino/hardware/tools/g++_arm_none_eabi/bin/../lib/gcc/arm-none-eabi/4.4.1/../../../../arm-none-eabi/lib/thumb2\libc.a(lib_a-callocr.o)
 .ARM.attributes
                0x00001122       0x29 c:/androxstudio/legacy/arduino/hardware/tools/g++_arm_none_eabi/bin/../lib/gcc/arm-none-eabi/4.4.1/../../../../arm-none-eabi/lib/thumb2\libc.a(lib_a-closer.o)
 .ARM.attributes
                0x0000114b       0x29 c:/androxstudio/legacy/arduino/hardware/tools/g++_arm_none_eabi/bin/../lib/gcc/arm-none-eabi/4.4.1/../../../../arm-none-eabi/lib/thumb2\libc.a(lib_a-fclose.o)
 .ARM.attributes
                0x00001174       0x29 c:/androxstudio/legacy/arduino/hardware/tools/g++_arm_none_eabi/bin/../lib/gcc/arm-none-eabi/4.4.1/../../../../arm-none-eabi/lib/thumb2\libc.a(lib_a-fstatr.o)
 .ARM.attributes
                0x0000119d       0x29 c:/androxstudio/legacy/arduino/hardware/tools/g++_arm_none_eabi/bin/../lib/gcc/arm-none-eabi/4.4.1/../../../../arm-none-eabi/lib/thumb2\libc.a(lib_a-isattyr.o)
 .ARM.attributes
                0x000011c6       0x29 c:/androxstudio/legacy/arduino/hardware/tools/g++_arm_none_eabi/bin/../lib/gcc/arm-none-eabi/4.4.1/../../../../arm-none-eabi/lib/thumb2\libc.a(lib_a-lseekr.o)
 .ARM.attributes
                0x000011ef       0x29 c:/androxstudio/legacy/arduino/hardware/tools/g++_arm_none_eabi/bin/../lib/gcc/arm-none-eabi/4.4.1/../../../../arm-none-eabi/lib/thumb2\libc.a(lib_a-readr.o)
 .ARM.attributes
                0x00001218       0x1b c:/androxstudio/legacy/arduino/hardware/tools/g++_arm_none_eabi/bin/../lib/gcc/arm-none-eabi/4.4.1/thumb2\libgcc.a(_udivsi3.o)
 .ARM.attributes
                0x00001233       0x1b c:/androxstudio/legacy/arduino/hardware/tools/g++_arm_none_eabi/bin/../lib/gcc/arm-none-eabi/4.4.1/thumb2\libgcc.a(_dvmd_tls.o)
 .ARM.attributes
                0x0000124e       0x1b c:/androxstudio/legacy/arduino/hardware/tools/g++_arm_none_eabi/bin/../lib/gcc/arm-none-eabi/4.4.1/thumb2\libgcc.a(_arm_cmpsf2.o)
 .ARM.attributes
                0x00001269       0x1b c:/androxstudio/legacy/arduino/hardware/tools/g++_arm_none_eabi/bin/../lib/gcc/arm-none-eabi/4.4.1/thumb2\libgcc.a(_aeabi_uldivmod.o)
 .ARM.attributes
                0x00001284       0x29 c:/androxstudio/legacy/arduino/hardware/tools/g++_arm_none_eabi/bin/../lib/gcc/arm-none-eabi/4.4.1/thumb2\libgcc.a(bpabi.o)
 .ARM.attributes
                0x000012ad       0x29 c:/androxstudio/legacy/arduino/hardware/tools/g++_arm_none_eabi/bin/../lib/gcc/arm-none-eabi/4.4.1/thumb2\libgcc.a(_divdi3.o)
 .ARM.attributes
                0x000012d6       0x29 c:/androxstudio/legacy/arduino/hardware/tools/g++_arm_none_eabi/bin/../lib/gcc/arm-none-eabi/4.4.1/thumb2\libgcc.a(_udivdi3.o)
 .ARM.attributes
                0x000012ff       0x29 c:/androxstudio/legacy/arduino/hardware/tools/g++_arm_none_eabi/bin/../lib/gcc/arm-none-eabi/4.4.1/thumb2/crtend.o
 .ARM.attributes
                0x00001328       0x19 c:/androxstudio/legacy/arduino/hardware/tools/g++_arm_none_eabi/bin/../lib/gcc/arm-none-eabi/4.4.1/thumb2/crtn.o

.comment        0x00000000      0x432